******************************************************************************
               TMS320C6x Linker PC v8.3.3                      
******************************************************************************
>> Linked Thu Jun 11 10:36:31 2020

OUTPUT FILE NAME:   <mrr_18xx_dss.xe674>
ENTRY POINT SYMBOL: "_c_int00"  address: 007f6b00


MEMORY CONFIGURATION

         name            origin    length      used     unused   attr    fill
----------------------  --------  ---------  --------  --------  ----  --------
PAGE 0:
  L2SRAM_UMAP1          007e0000   00020000  0001b698  00004968  RWIX
  L2SRAM_UMAP0          00800000   00020000  0001ffed  00000013  RWIX
  L1PSRAM               00e00000   00004000  00002f20  000010e0  RWIX
  L1DSRAM               00f00000   00004000  00004000  00000000  RWIX
  L3SRAM                20000000   00100000  00003de0  000fc220  RWIX
  HWA_RAM               21030000   00010000  00000000  00010000  RWIX
  HSRAM                 21080000   00008000  00008000  00000000  RWIX

PAGE 1:
  L3SRAM                20000000   00100000  00100000  00000000  RWIX


SEGMENT ALLOCATION MAP

run origin  load origin   length   init length attrs members
----------  ----------- ---------- ----------- ----- -------
007e0000    007e0000    0001b680   0001b680    r-x
  007e0000    007e0000    00000200   00000200    r-x .vecs
  007e0200    007e0200    0001b480   0001b480    r-x .text
007fb680    007fb680    00000008   00000008    rw-
  007fb680    007fb680    00000008   00000008    rw- .neardata
007fb688    007fb688    00000010   00000010    r--
  007fb688    007fb688    00000010   00000010    r-- .ovly
00800000    00800000    0001d000   00000000    rw-
  00800000    00800000    00019000   00000000    rw- .l2data
  00819000    00819000    00004000   00000000    rw- systemHeap
0081d000    0081d000    00000e01   00000e01    r--
  0081d000    0081d000    00000e01   00000e01    r-- .const
0081de08    0081de08    00000ecc   00000000    rw-
  0081de08    0081de08    00000ecc   00000000    rw- .far
0081ecd8    0081ecd8    00001260   00000d24    rw-
  0081ecd8    0081ecd8    00000d24   00000d24    rw- .fardata
  0081fa00    0081fa00    00000418   00000000    rw- .stack
  0081fe18    0081fe18    00000120   00000000    rw- .cio
0081ff38    0081ff38    000000a0   000000a0    r--
  0081ff38    0081ff38    000000a0   000000a0    r-- .switch
0081ffd8    0081ffd8    00000024   00000024    rw-
  0081ffd8    0081ffd8    00000024   00000024    rw- .data
00e00000    20000000    00002f20   00002f20    rwx
  00e00000    20000000    00002f20   00002f20    rwx .fastCode
00f00000    00f00000    00004000   00000000    rw-
  00f00000    00f00000    00004000   00000000    rw- .l1data
20002f20    20002f20    00000ec0   00000ec0    r-x
  20002f20    20002f20    00000ec0   00000ec0    r-x .overlay
21080000    21080000    00008000   00000000    rw-
  21080000    21080000    00008000   00000000    rw- .demoSharedMem
20000000    20000000    00100000   00000000    rw-
  20000000    20000000    00100000   00000000    rw- .l3data


SECTION ALLOCATION MAP

 output                                  attributes/
section   page    origin      length       input sections
--------  ----  ----------  ----------   ----------------
.vecs      0    007e0000    00000200     
                  007e0000    00000200     dss_mrr_pe674.oe674 (.vecs)

.text      0    007e0200    0001b480     
                  007e0200    000018c0     dss_data_path.oe674 (.text:MmwDemo_interFrameProcessing)
                  007e1ac0    00000c60     dss_data_path.oe674 (.text:MmwDemo_dataPathConfigBuffers)
                  007e2720    000009c0     dss_data_path.oe674 (.text:aziEleProcessing)
                  007e30e0    00000980     Extended_Kalman_Filter_xyz.oe674 (.text:ekfRun)
                  007e3a60    000008a0     ti.targets.rts6000.ae674 : System.oe674 (.text:xdc_runtime_System_doPrint__I)
                  007e4300    00000840     dss_data_path.oe674 (.text:MmwDemo_dataPathConfigFFTs)
                  007e4b40    00000700     dss_data_path.oe674 (.text:MmwDemo_dataPathConfigEdma)
                  007e5240    00000700     sysbios.ae674 : BIOS.obj (.text:ti_sysbios_family_c64p_Exception_handler__I)
                  007e5940    00000680     dss_main.oe674 (.text:MRR_DSS_initTask)
                  007e5fc0    00000680     dss_data_path.oe674 (.text:populateOutputs)
                  007e6640    000005e0     rts6740_elf.lib : divd.c.obj (.text:__c6xabi_divd)
                  007e6c20    000005a0     gen_twiddle_fft16x16.oe674 (.text:gen_twiddle_fft16x16)
                  007e71c0    00000500     clusteringDBscan.oe674 (.text:clusteringDBscan_calcInfoFixed)
                  007e76c0    00000500     sysbios.ae674 : BIOS.obj (.text:ti_sysbios_knl_Semaphore_pend__E)
                  007e7bc0    000004a0     dss_main.oe674 (.text:MRR_DSS_SendProcessOutputToMSS)
                  007e8060    00000480     sysbios.ae674 : BIOS.obj (.text:ti_sysbios_heaps_HeapMem_allocUnprotected__E)
                  007e84e0    00000460                   : BIOS.obj (.text:ti_sysbios_heaps_HeapMem_freeUnprotected__E)
                  007e8940    00000440     dss_data_path.oe674 (.text:MmwDemo_XYZcalc)
                  007e8d80    00000420     libmailbox_xwr18xx.ae674 : mailbox.oe674 (.text:Mailbox_open)
                  007e91a0    00000420     sysbios.ae674 : BIOS.obj (.text:ti_sysbios_knl_Task_Instance_finalize__E)
                  007e95c0    000003e0     clusteringDBscan.oe674 (.text:clusteringDBscanRun)
                  007e99a0    000003a0     libadcbuf_xwr18xx.ae674 : adcbuf_mmwave.oe674 (.text:ADCBUF_MMWave_control)
                  007e9d40    00000360     Extended_Kalman_Filter_xyz.oe674 (.text:stateCovmatMeasurementUpdate)
                  007ea0a0    00000340     sysbios.ae674 : BIOS.obj (.text:ti_sysbios_knl_Task_Instance_init__E)
                  007ea3e0    00000320     dss_data_path.oe674 (.text:MmwDemo_XYZestimation)
                  007ea700    00000320     rts6740_elf.lib : cos.c.obj (.text:cos)
                  007eaa20    00000300     dss_main.oe674 (.text:MRR_DSS_mmWaveTask)
                  007ead20    00000300     gen_twiddle_fft32x32.oe674 (.text:gen_twiddle_fft32x32)
                  007eb020    000002e0     dss_data_path.oe674 (.text:MmwDemo_XYcalc)
                  007eb300    000002e0     Extended_Kalman_Filter_xyz.oe674 (.text:kalmanGainComputation)
                  007eb5e0    000002e0     rts6740_elf.lib : sin.c.obj (.text:sin)
                  007eb8c0    000002c0     libedma_xwr18xx.ae674 : edma.oe674 (.text:EDMA_configChannel)
                  007ebb80    000002a0                           : edma.oe674 (.text:EDMA_open)
                  007ebe20    00000280     sysbios.ae674 : BIOS.obj (.text:ti_sysbios_knl_Clock_workFunc__E)
                  007ec0a0    00000260     rts6740_elf.lib : imath64.c.obj (.text:__c6xabi_divull)
                  007ec300    00000260     ti.targets.rts6000.ae674 : Startup.oe674 (.text:xdc_runtime_Startup_startMods__I)
                  007ec560    00000240     libedma_xwr18xx.ae674 : edma.oe674 (.text:EDMA_configErrorMonitoring)
                  007ec7a0    00000240     dss_data_path.oe674 (.text:associateClustering)
                  007ec9e0    00000240     sysbios.ae674 : BIOS.obj (.text:ti_sysbios_knl_Task_schedule__I)
                  007ecc20    00000240     ti.targets.rts6000.ae674 : Core-mem.oe674 (.text:xdc_runtime_Core_createObject__I)
                  007ece60    00000240     dss_mrr_pe674.oe674 (.text:xdc_runtime_System_printfExtend__I)
                  007ed0a0    00000220     libedma_xwr18xx.ae674 : edma.oe674 (.text:EDMA_transferComplete_isr)
                  007ed2c0    00000220     libmailbox_xwr18xx.ae674 : mailbox.oe674 (.text:Mailbox_write)
                  007ed4e0    00000220     dss_data_path.oe674 (.text:findandPopulateIntersectionOfDetectedObjects)
                  007ed700    00000220     sysbios.ae674 : BIOS.obj (.text:ti_sysbios_heaps_HeapMem_Instance_init__E)
                  007ed920    00000220                   : BIOS.obj (.text:ti_sysbios_utils_Load_updateThreadContexts__E)
                  007edb40    00000200     dss_main.oe674 (.text:MmwDemo_edmaBlockCopy)
                  007edd40    00000200     sysbios.ae674 : c64p_Hwi_disp_always.obj (.text:_ti_sysbios_family_c64p_Hwi_dispatchAlways)
                  007edf40    00000200     Extended_Kalman_Filter_xyz.oe674 (.text:ekfInit)
                  007ee140    00000200     Extended_Kalman_Filter_xyz.oe674 (.text:residualCovarianceComputation)
                  007ee340    00000200     sysbios.ae674 : BIOS.obj (.text:ti_sysbios_family_c64p_Hwi_dispatchCore__I)
                  007ee540    00000200                   : BIOS.obj (.text:ti_sysbios_knl_Semaphore_post__E)
                  007ee740    00000200     ti.targets.rts6000.ae674 : Error.oe674 (.text:xdc_runtime_Error_policyDefault__E)
                  007ee940    000001e0     libadcbuf_xwr18xx.ae674 : adcbuf_mmwave.oe674 (.text:ADCBUF_MMWave_open)
                  007eeb20    000001e0     libedma_xwr18xx.ae674 : edma.oe674 (.text:EDMA_init)
                  007eed00    000001e0     sysbios.ae674 : BIOS.obj (.text:ti_sysbios_knl_Task_postInit__I)
                  007eeee0    000001e0                   : BIOS.obj (.text:ti_sysbios_knl_Task_startCore__E)
                  007ef0c0    000001e0     ti.targets.rts6000.ae674 : Text.oe674 (.text:xdc_runtime_Text_putSite__E)
                  007ef2a0    000001c0     libmailbox_xwr18xx.ae674 : mailbox.oe674 (.text:Mailbox_read)
                  007ef460    000001c0     rts6740_elf.lib : fputc.c.obj (.text:fputc)
                  007ef620    000001c0                     : setvbuf.c.obj (.text:setvbuf)
                  007ef7e0    000001c0     sysbios.ae674 : BIOS.obj (.text:ti_sysbios_timers_rti_Timer_getFreq__E)
                  007ef9a0    000001a0     libadcbuf_xwr18xx.ae674 : adcbuf_mmwave.oe674 (.text:ADCBUFTestPatternConfig)
                  007efb40    000001a0     libedma_xwr18xx.ae674 : edma.oe674 (.text:EDMA_paramConfig_assist)
                  007efce0    000001a0     rts6740_elf.lib : hostrename.c.obj (.text:HOSTrename)
                  007efe80    000001a0     sysbios.ae674 : BIOS.obj (.text:ti_sysbios_family_c64p_EventCombiner_dispatch__E)
                  007f0020    000001a0     ti.targets.rts6000.ae674 : Core-smem.oe674 (.text:xdc_runtime_Core_constructObject__I)
                  007f01c0    00000180     libadcbuf_xwr18xx.ae674 : adcbuf_mmwave.oe674 (.text:ADCBUFCmdParamCheck)
                  007f0340    00000180     dss_main.oe674 (.text:MRR_DSS_DataPathOutputLogging)
                  007f04c0    00000180     sysbios.ae674 : c64p_Exception_asm.obj (.text)
                  007f0640    00000180                   : BIOS.obj (.text:ti_sysbios_family_c64p_Exception_internalHandler__I)
                  007f07c0    00000180                   : BIOS.obj (.text:ti_sysbios_knl_Task_exit__E)
                  007f0940    00000180                   : BIOS.obj (.text:ti_sysbios_utils_Load_logLoads__I)
                  007f0ac0    00000180                   : BIOS.obj (.text:ti_sysbios_utils_Load_startup__E)
                  007f0c40    00000160     libedma_xwr18xx.ae674 : edma.oe674 (.text:EDMA_getErrorStatusInfo)
                  007f0da0    00000160     libsoc_xwr18xx.ae674 : soc.oe674 (.text:SOC_registerSysIntListener)
                  007f0f00    00000160     sysbios.ae674 : BIOS.obj (.text:ti_sysbios_knl_Task_checkStacks__E)
                  007f1060    00000160                   : BIOS.obj (.text:ti_sysbios_timers_rti_Timer_postInit__I)
                  007f11c0    00000160                   : BIOS.obj (.text:ti_sysbios_utils_Load_idleFxn__E)
                  007f1320    00000160                   : BIOS.obj (.text:ti_sysbios_utils_Load_updateLoads__E)
                  007f1480    00000160     ti.targets.rts6000.ae674 : Text.oe674 (.text:xdc_runtime_Text_putMod__E)
                  007f15e0    00000140     libedma_xwr18xx.ae674 : edma_low_level.oe674 (.text:EDMA3Init)
                  007f1720    00000140                           : edma.oe674 (.text:EDMA_clearErrors)
                  007f1860    00000140     dss_config_edma_util.oe674 (.text:EDMAutil_configType1)
                  007f19a0    00000140     dss_config_edma_util.oe674 (.text:EDMAutil_configType2a)
                  007f1ae0    00000140     dss_config_edma_util.oe674 (.text:EDMAutil_configType3)
                  007f1c20    00000140     sysbios.ae674 : BIOS.obj (.text:ti_sysbios_gates_GateMutex_enter__E)
                  007f1d60    00000140                   : BIOS.obj (.text:ti_sysbios_knl_Task_Module_startup__E)
                  007f1ea0    00000140                   : BIOS.obj (.text:ti_sysbios_knl_Task_blockI__E)
                  007f1fe0    00000140                   : BIOS.obj (.text:ti_sysbios_timers_rti_Timer_Module_startup__E)
                  007f2120    00000140     ti.targets.rts6000.ae674 : Core-mem.oe674 (.text:xdc_runtime_Core_deleteObject__I)
                  007f2260    00000140                              : Text.oe674 (.text:xdc_runtime_Text_putLab__E)
                  007f23a0    00000120     libadcbuf_xwr18xx.ae674 : adcbuf_mmwave.oe674 (.text:ADCBUF_MMWave_getChanBufAddr)
                  007f24c0    00000120     libedma_xwr18xx.ae674 : edma.oe674 (.text:EDMA_configParamSet)
                  007f25e0    00000120     boot.ae674 : autoinit.oe674 (.text:_auto_init_elf)
                  007f2700    00000120     Extended_Kalman_Filter_xyz.oe674 (.text:arrangeTracksByAge)
                  007f2820    00000120     rts6740_elf.lib : getdevice.c.obj (.text:getdevice)
                  007f2940    00000120     Extended_Kalman_Filter_xyz.oe674 (.text:symMatInv)
                  007f2a60    00000120     sysbios.ae674 : BIOS.obj (.text:ti_sysbios_family_c64p_EventCombiner_disableEvent__E)
                  007f2b80    00000120                   : BIOS.obj (.text:ti_sysbios_family_c64p_EventCombiner_dispatchPlug__E)
                  007f2ca0    00000120                   : BIOS.obj (.text:ti_sysbios_family_c64p_EventCombiner_enableEvent__E)
                  007f2dc0    00000120                   : BIOS.obj (.text:ti_sysbios_knl_Semaphore_Instance_init__E)
                  007f2ee0    00000100     libmailbox_xwr18xx.ae674 : mailbox.oe674 (.text:Mailbox_readFlush)
                  007f2fe0    00000100     dss_main.oe674 (.text:MmwDemo_mboxReadProc)
                  007f30e0    00000100     libsoc_xwr18xx.ae674 : soc_xwr18xx_dss.oe674 (.text:SOC_deviceInit)
                  007f31e0    00000100                          : soc_xwr18xx.oe674 (.text:SOC_translateAddress)
                  007f32e0    00000100     dss_main.oe674 (.text:_MmwDemo_dssAssert)
                  007f33e0    00000100     rts6740_elf.lib : fclose.c.obj (.text:__TI_closefile)
                  007f34e0    00000100                     : fflush.c.obj (.text:fflush)
                  007f35e0    00000100                     : fseek.c.obj (.text:fseek)
                  007f36e0    00000100     Extended_Kalman_Filter_xyz.oe674 (.text:stateCovmatTimeUpdate)
                  007f37e0    00000100     sysbios.ae674 : BIOS.obj (.text:ti_sysbios_knl_Task_unblockI__E)
                  007f38e0    00000100                   : BIOS.obj (.text:ti_sysbios_timers_rti_Timer_initDevice__I)
                  007f39e0    00000100                   : BIOS.obj (.text:ti_sysbios_timers_rti_Timer_start__E)
                  007f3ae0    00000100     ti.targets.rts6000.ae674 : Error.oe674 (.text:xdc_runtime_Error_print__E)
                  007f3be0    00000100                              : Memory.oe674 (.text:xdc_runtime_Memory_alloc__E)
                  007f3ce0    00000100                              : Startup.oe674 (.text:xdc_runtime_Startup_exec__E)
                  007f3de0    000000e0     libadcbuf_xwr18xx.ae674 : adcbuf_mmwave.oe674 (.text:ADCBUFChannelEnSetOffset)
                  007f3ec0    000000e0     libedma_xwr18xx.ae674 : edma.oe674 (.text:EDMA_isTransferComplete)
                  007f3fa0    000000e0                           : edma.oe674 (.text:EDMA_transferController_error_isr)
                  007f4080    000000e0     dss_config_edma_util.oe674 (.text:EDMAutil_triggerType3)
                  007f4160    000000e0     rts6740_elf.lib : hostlseek.c.obj (.text:HOSTlseek)
                  007f4240    000000e0                     : hostopen.c.obj (.text:HOSTopen)
                  007f4320    000000e0                     : hostwrite.c.obj (.text:HOSTwrite)
                  007f4400    000000e0     libmailbox_xwr18xx.ae674 : mailbox.oe674 (.text:Mailbox_boxFullISRMssDss)
                  007f44e0    000000e0                              : mailbox.oe674 (.text:Mailbox_init)
                  007f45c0    000000e0     dss_data_path.oe674 (.text:MmwDemo_dataPathWait1DInputData)
                  007f46a0    000000e0     dss_data_path.oe674 (.text:MmwDemo_dataPathWait1DOutputData)
                  007f4780    000000e0     dss_data_path.oe674 (.text:MmwDemo_dataPathWait2DInputData)
                  007f4860    000000e0     dss_data_path.oe674 (.text:MmwDemo_dataPathWait3DInputData)
                  007f4940    000000e0     rts6740_elf.lib : _io_perm.c.obj (.text:__TI_wrt_ok)
                  007f4a20    000000e0                     : divi.asm.obj (.text:__divi)
                  007f4b00    000000e0                     : close.c.obj (.text:close)
                  007f4be0    000000e0     Extended_Kalman_Filter_xyz.oe674 (.text:computePredictedMeas)
                  007f4cc0    000000e0     rts6740_elf.lib : exit.c.obj (.text:exit)
                  007f4da0    000000e0                     : memset.c.obj (.text:memset)
                  007f4e80    000000e0     sysbios.ae674 : BIOS.obj (.text:ti_sysbios_family_c64p_Cache_Module_startup__E)
                  007f4f60    000000e0                   : BIOS.obj (.text:ti_sysbios_family_c64p_Cache_getL2InitSize__I)
                  007f5040    000000e0                   : BIOS.obj (.text:ti_sysbios_utils_Load_updateCurrentThreadTime__E)
                  007f5120    000000c0     libedma_xwr18xx.ae674 : edma.oe674 (.text:EDMA_error_isr)
                  007f51e0    000000c0     dss_config_edma_util.oe674 (.text:EDMA_setup_shadow_link)
                  007f52a0    000000c0     libedma_xwr18xx.ae674 : edma.oe674 (.text:EDMA_startDmaTransfer)
                  007f5360    000000c0     rts6740_elf.lib : hostread.c.obj (.text:HOSTread)
                  007f5420    000000c0                     : hostunlink.c.obj (.text:HOSTunlink)
                  007f54e0    000000c0     libmailbox_xwr18xx.ae674 : mailbox.oe674 (.text:Mailbox_boxFullISRProcessing)
                  007f55a0    000000c0     dss_data_path.oe674 (.text:MmwDemo_dataPathWaitTransDetMatrix2)
                  007f5660    000000c0     dss_data_path.oe674 (.text:MmwDemo_dataPathWaitTransDetMatrix)
                  007f5720    000000c0     rts6740_elf.lib : fflush.c.obj (.text:__TI_doflush)
                  007f57e0    000000c0                     : divu.asm.obj (.text:__divu)
                  007f58a0    000000c0                     : remi.asm.obj (.text:__remi)
                  007f5960    000000c0     dss_data_path.oe674 (.text:convertSNRLinToVar)
                  007f5a20    000000c0     dss_data_path.oe674 (.text:convertSNRdBToVar)
                  007f5ae0    000000c0     rts6740_elf.lib : modf.c.obj (.text:modf)
                  007f5ba0    000000c0     dss_data_path.oe674 (.text:quadraticInterpFltPeakLoc)
                  007f5c60    000000c0     sysbios.ae674 : BIOS.obj (.text:ti_sysbios_family_c64p_Cache_getL1DInitSize__I)
                  007f5d20    000000c0                   : BIOS.obj (.text:ti_sysbios_family_c64p_Cache_getL1PInitSize__I)
                  007f5de0    000000c0                   : BIOS.obj (.text:ti_sysbios_heaps_HeapMem_getStats__E)
                  007f5ea0    000000c0                   : BIOS.obj (.text:ti_sysbios_knl_Clock_logTick__E)
                  007f5f60    000000c0     dss_mrr_pe674.oe674 (.text:ti_sysbios_knl_Task_create)
                  007f6020    000000c0     sysbios.ae674 : BIOS.obj (.text:ti_sysbios_timers_rti_Timer_startup__E)
                  007f60e0    000000c0                   : BIOS.obj (.text:ti_sysbios_utils_Load_logCPULoad__I)
                  007f61a0    000000c0                   : BIOS.obj (.text:ti_sysbios_utils_Load_taskCreateHook__E)
                  007f6260    000000c0                   : BIOS.obj (.text:ti_sysbios_utils_Load_taskSwitchHook__E)
                  007f6320    000000c0     rts6740_elf.lib : tls.c.obj (.text:tls:init:__TI_tls_init)
                  007f63e0    000000c0     ti.targets.rts6000.ae674 : Assert.oe674 (.text:xdc_runtime_Assert_raise__I)
                  007f64a0    000000c0                              : Error.oe674 (.text:xdc_runtime_Error_setX__E)
                  007f6560    000000a0     libedma_xwr18xx.ae674 : edma_low_level.oe674 (.text:EDMA3EnableChInShadowReg)
                  007f6600    000000a0                           : edma.oe674 (.text:EDMA_disableChannel)
                  007f66a0    000000a0                           : edma.oe674 (.text:EDMA_enableChannel)
                  007f6740    000000a0     rts6740_elf.lib : hostclose.c.obj (.text:HOSTclose)
                  007f67e0    000000a0     libmailbox_xwr18xx.ae674 : mailbox.oe674 (.text:Mailbox_boxEmptyISRProcessing)
                  007f6880    000000a0     libsoc_xwr18xx.ae674 : soc.oe674 (.text:SOC_SystemISR)
                  007f6920    000000a0     rts6740_elf.lib : fopen.c.obj (.text:__TI_cleanup)
                  007f69c0    000000a0                     : round.c.obj (.text:__c6xabi_nround)
                  007f6a60    000000a0                     : remu.asm.obj (.text:__remu)
                  007f6b00    000000a0     boot.ae674 : boot.oe674 (.text:_c_int00)
                  007f6ba0    000000a0     gen_twiddle_fft16x16.oe674 (.text:d2s)
                  007f6c40    000000a0     rts6740_elf.lib : getdevice.c.obj (.text:finddevice)
                  007f6ce0    000000a0                     : memcpy64.asm.obj (.text:memcpy)
                  007f6d80    000000a0     Extended_Kalman_Filter_xyz.oe674 (.text:stateVecMeasurementUpdate)
                  007f6e20    000000a0     sysbios.ae674 : BIOS.obj (.text:ti_sysbios_family_c64p_Hwi_Module_startup__E)
                  007f6ec0    000000a0                   : BIOS.obj (.text:ti_sysbios_family_c64p_Hwi_eventMap__E)
                  007f6f60    000000a0                   : BIOS.obj (.text:ti_sysbios_heaps_HeapMem_alloc__E)
                  007f7000    000000a0                   : BIOS.obj (.text:ti_sysbios_knl_Task_allBlockedFunction__I)
                  007f70a0    000000a0                   : BIOS.obj (.text:ti_sysbios_timers_rti_Timer_setPeriodMicroSecs__E)
                  007f7140    000000a0                   : BIOS.obj (.text:ti_sysbios_utils_Load_addTask__E)
                  007f71e0    000000a0                   : BIOS.obj (.text:ti_sysbios_utils_Load_taskDeleteHook__E)
                  007f7280    000000a0     ti.targets.rts6000.ae674 : Core-params.oe674 (.text:xdc_runtime_Core_assignParams__I)
                  007f7320    000000a0                              : System.oe674 (.text:xdc_runtime_System_formatNum__I)
                  007f73c0    000000a0                              : System.oe674 (.text:xdc_runtime_System_putchar__I)
                  007f7460    000000a0                              : Text.oe674 (.text:xdc_runtime_Text_printVisFxn__I)
                  007f7500    000000a0                              : Text.oe674 (.text:xdc_runtime_Text_xprintf__I)
                  007f75a0    00000080     libadcbuf_xwr18xx.ae674 : ADCBuf.oe674 (.text:ADCBuf_init)
                  007f7620    00000080     libedma_xwr18xx.ae674 : edma_low_level.oe674 (.text:EDMA3MapChToEvtQ)
                  007f76a0    00000080                           : edma.oe674 (.text:EDMA_getTransferControllerErrorStatusInfo)
                  007f7720    00000080                           : edma.oe674 (.text:EDMA_linkParamSets)
                  007f77a0    00000080     dss_data_path.oe674 (.text:MmwDemo_edmaTransferControllerErrorCallbackFxn)
                  007f7820    00000080     libosal_xwr18xx.ae674 : SemaphoreP_tirtos.oe674 (.text:SemaphoreP_create)
                  007f78a0    00000080     rts6740_elf.lib : trgmsg.c.obj (.text:__TI_readmsg)
                  007f7920    00000080                     : llshift.c.obj (.text:__c6xabi_llshl)
                  007f79a0    00000080     sysbios.ae674 : c62_TaskSupport_asm.obj (.text:_ti_sysbios_family_c62_TaskSupport_swap__E)
                  007f7a20    00000080     Extended_Kalman_Filter_xyz.oe674 (.text:computeHmat)
                  007f7aa0    00000080     dss_mrr_pe674.oe674 (.text:ti_sysbios_BIOS_atExitFunc__I)
                  007f7b20    00000080     dss_mrr_pe674.oe674 (.text:ti_sysbios_BIOS_registerRTSLock__I)
                  007f7ba0    00000080     sysbios.ae674 : BIOS.obj (.text:ti_sysbios_family_c64p_Cache_marInit__I)
                  007f7c20    00000080                   : BIOS.obj (.text:ti_sysbios_family_c64p_Exception_Module_startup__E)
                  007f7ca0    00000080                   : BIOS.obj (.text:ti_sysbios_family_c64p_Hwi_getStackInfo__E)
                  007f7d20    00000080     dss_mrr_pe674.oe674 (.text:ti_sysbios_gates_GateHwi_Object__create__S)
                  007f7da0    00000080     dss_mrr_pe674.oe674 (.text:ti_sysbios_gates_GateMutex_Object__create__S)
                  007f7e20    00000080     sysbios.ae674 : BIOS.obj (.text:ti_sysbios_hal_Hwi_checkStack)
                  007f7ea0    00000080                   : BIOS.obj (.text:ti_sysbios_hal_Hwi_initStack)
                  007f7f20    00000080     dss_mrr_pe674.oe674 (.text:ti_sysbios_heaps_HeapMem_Object__create__S)
                  007f7fa0    00000080     sysbios.ae674 : BIOS.obj (.text:ti_sysbios_heaps_HeapMem_free__E)
                  007f8020    00000080                   : BIOS.obj (.text:ti_sysbios_heaps_HeapMem_init__I)
                  007f80a0    00000080     dss_mrr_pe674.oe674 (.text:ti_sysbios_knl_Clock_doTick__I)
                  007f8120    00000080     sysbios.ae674 : BIOS.obj (.text:ti_sysbios_knl_Idle_run__E)
                  007f81a0    00000080     dss_mrr_pe674.oe674 (.text:ti_sysbios_knl_Semaphore_create)
                  007f8220    00000080     sysbios.ae674 : BIOS.obj (.text:ti_sysbios_knl_Task_processVitalTaskFlag__I)
                  007f82a0    00000080     dss_mrr_pe674.oe674 (.text:ti_sysbios_rts_MemAlloc_alloc)
                  007f8320    00000080     sysbios.ae674 : BIOS.obj (.text:ti_sysbios_timers_rti_Timer_setPeriod__E)
                  007f83a0    00000080                   : BIOS.obj (.text:ti_sysbios_timers_rti_Timer_stop__E)
                  007f8420    00000080                   : BIOS.obj (.text:ti_sysbios_utils_Load_removeTask__E)
                  007f84a0    00000080     rts6740_elf.lib : unlink.c.obj (.text:unlink)
                  007f8520    00000080     ti.targets.rts6000.ae674 : Core-label.oe674 (.text:xdc_runtime_Core_assignLabel__I)
                  007f85a0    00000080                              : SysStd.oe674 (.text:xdc_runtime_SysStd_abort__E)
                  007f8620    00000080                              : System.oe674 (.text:xdc_runtime_System_atexit__E)
                  007f86a0    00000080                              : System.oe674 (.text:xdc_runtime_System_avprintf__E)
                  007f8720    00000080                              : System.oe674 (.text:xdc_runtime_System_processAtExit__E)
                  007f87a0    00000080                              : System.oe674 (.text:xdc_runtime_System_vprintf__E)
                  007f8820    00000060     libadcbuf_xwr18xx.ae674 : adcbuf_mmwave.oe674 (.text:ADCBUF_MMWave_close)
                  007f8880    00000060                             : ADCBuf.oe674 (.text:ADCBuf_open)
                  007f88e0    00000060     libedma_xwr18xx.ae674 : edma_low_level.oe674 (.text:EDMA3ClrEvt)
                  007f8940    00000060                           : edma_low_level.oe674 (.text:EDMA3ClrIntr)
                  007f89a0    00000060                           : edma_low_level.oe674 (.text:EDMA3ClrMissEvt)
                  007f8a00    00000060                           : edma_low_level.oe674 (.text:EDMA3DisableEvtIntr)
                  007f8a60    00000060                           : edma_low_level.oe674 (.text:EDMA3EnableDmaEvt)
                  007f8ac0    00000060                           : edma_low_level.oe674 (.text:EDMA3EnableEvtIntr)
                  007f8b20    00000060                           : edma_low_level.oe674 (.text:EDMA3SetEvt)
                  007f8b80    00000060                           : edma.oe674 (.text:EDMA_configTransferControllerError)
                  007f8be0    00000060                           : edma.oe674 (.text:EDMA_isError)
                  007f8c40    00000060                           : edma.oe674 (.text:EDMA_setDestinationAddress)
                  007f8ca0    00000060                           : edma.oe674 (.text:EDMA_setSourceAddress)
                  007f8d00    00000060                           : edma.oe674 (.text:EDMA_validate_channelIdchannelType)
                  007f8d60    00000060     libmailbox_xwr18xx.ae674 : mailbox.oe674 (.text:Mailbox_Config_init)
                  007f8dc0    00000060     dss_data_path.oe674 (.text:MmwDemo_dataPathCopyEdmaHandle)
                  007f8e20    00000060     dss_data_path.oe674 (.text:MmwDemo_dataPathInit1Dstate)
                  007f8e80    00000060     libsoc_xwr18xx.ae674 : soc.oe674 (.text:SOC_unhaltBSS)
                  007f8ee0    00000060     rts6740_elf.lib : trgmsg.c.obj (.text:__TI_writemsg)
                  007f8f40    00000060                     : llshift.c.obj (.text:__c6xabi_llshru)
                  007f8fa0    00000060                     : imath64.c.obj (.text:_subcull)
                  007f9000    00000060     sysbios.ae674 : c64p_Hwi_asm_switch.obj (.text:_ti_sysbios_family_c64p_Hwi_switchAndDispatch__I)
                  007f9060    00000060     gen_twiddle_fft32x32.oe674 (.text:d2i)
                  007f90c0    00000060     rts6740_elf.lib : lseek.c.obj (.text:lseek)
                  007f9120    00000060     dss_data_path.oe674 (.text:parkingAssistInit)
                  007f9180    00000060     Extended_Kalman_Filter_xyz.oe674 (.text:select_QVec)
                  007f91e0    00000060     dss_mrr_pe674.oe674 (.text:ti_sysbios_BIOS_errorRaiseHook__I)
                  007f9240    00000060     dss_mrr_pe674.oe674 (.text:ti_sysbios_BIOS_removeRTSLock__I)
                  007f92a0    00000060     dss_mrr_pe674.oe674 (.text:ti_sysbios_BIOS_startFunc__I)
                  007f9300    00000060     sysbios.ae674 : BIOS.obj (.text:ti_sysbios_family_c62_TaskSupport_start__E)
                  007f9360    00000060                   : BIOS.obj (.text:ti_sysbios_family_c64p_Cache_setMar__E)
                  007f93c0    00000060                   : BIOS.obj (.text:ti_sysbios_family_c64p_Cache_setSize__E)
                  007f9420    00000060                   : BIOS.obj (.text:ti_sysbios_family_c64p_EventCombiner_Module_startup__E)
                  007f9480    00000060                   : BIOS.obj (.text:ti_sysbios_family_c64p_EventCombiner_unused__E)
                  007f94e0    00000060     dss_mrr_pe674.oe674 (.text:ti_sysbios_gates_GateMutex_Object__delete__S)
                  007f9540    00000060     sysbios.ae674 : BIOS.obj (.text:ti_sysbios_knl_Clock_Module_startup__E)
                  007f95a0    00000060     dss_mrr_pe674.oe674 (.text:ti_sysbios_knl_Queue_construct)
                  007f9600    00000060     dss_mrr_pe674.oe674 (.text:ti_sysbios_knl_Semaphore_construct)
                  007f9660    00000060     sysbios.ae674 : BIOS.obj (.text:ti_sysbios_knl_Task_enter__I)
                  007f96c0    00000060                   : BIOS.obj (.text:ti_sysbios_knl_Task_getMode__E)
                  007f9720    00000060                   : BIOS.obj (.text:ti_sysbios_knl_Task_restoreHwi__E)
                  007f9780    00000060                   : BIOS.obj (.text:ti_sysbios_knl_Task_restore__E)
                  007f97e0    00000060     rts6740_elf.lib : write.c.obj (.text:write)
                  007f9840    00000060     ti.targets.rts6000.ae674 : Memory.oe674 (.text:xdc_runtime_Memory_valloc__E)
                  007f98a0    00000060                              : Text.oe674 (.text:xdc_runtime_Text_cordText__E)
                  007f9900    00000040     libadcbuf_xwr18xx.ae674 : adcbuf_mmwave.oe674 (.text:CSL_FEXTR)
                  007f9940    00000040     libsoc_xwr18xx.ae674 : soc.oe674 (.text:CSL_FEXTR)
                  007f9980    00000040     libadcbuf_xwr18xx.ae674 : adcbuf_mmwave.oe674 (.text:CSL_FINSR)
                  007f99c0    00000040     libmailbox_xwr18xx.ae674 : mailbox.oe674 (.text:CSL_FINSR)
                  007f9a00    00000040     libsoc_xwr18xx.ae674 : soc.oe674 (.text:CSL_FINSR)
                  007f9a40    00000040                          : soc_xwr18xx_dss.oe674 (.text:CSL_FINSR)
                  007f9a80    00000040     libedma_xwr18xx.ae674 : edma_low_level.oe674 (.text:EDMA3DisableDmaEvt)
                  007f9ac0    00000040                           : edma_low_level.oe674 (.text:EDMA3MapQdmaChToPaRAM)
                  007f9b00    00000040                           : edma_low_level.oe674 (.text:EDMA3SetPaRAM)
                  007f9b40    00000040                           : edma_low_level.oe674 (.text:EDMA3SetQdmaTrigWord)
                  007f9b80    00000040     libosal_xwr18xx.ae674 : HwiP_tirtos.oe674 (.text:HwiP_create)
                  007f9bc0    00000040     dss_main.oe674 (.text:MRR_DSS_chirpIntCallback)
                  007f9c00    00000040     dss_main.oe674 (.text:MRR_DSS_frameStartIntCallback)
                  007f9c40    00000040     libmailbox_xwr18xx.ae674 : mailbox.oe674 (.text:Mailbox_boxEmptyISRBss)
                  007f9c80    00000040                              : mailbox.oe674 (.text:Mailbox_boxEmptyISRMssDss)
                  007f9cc0    00000040                              : mailbox.oe674 (.text:Mailbox_boxFullISRBss)
                  007f9d00    00000040     dss_data_path.oe674 (.text:MmwDemo_edmaErrorCallbackFxn)
                  007f9d40    00000040     libsoc_xwr18xx.ae674 : soc_xwr18xx_dss.oe674 (.text:SOC_getInAddr_LUTType)
                  007f9d80    00000040                          : soc_xwr18xx_dss.oe674 (.text:SOC_getOutAddr_LUTType)
                  007f9dc0    00000040     rts6740_elf.lib : frcmpyd_div.c.obj (.text:__TI_frcmpyd_div)
                  007f9e00    00000040     Extended_Kalman_Filter_xyz.oe674 (.text:__c6xabi_isnanf)
                  007f9e40    00000040     rts6740_elf.lib : strasg.asm.obj (.text:__strasgi_64plus)
                  007f9e80    00000040                     : args_main.c.obj (.text:_args_main)
                  007f9ec0    00000040     sysbios.ae674 : c62_TaskSupport_asm.obj (.text:_ti_sysbios_family_c62_TaskSupport_buildTaskStack)
                  007f9f00    00000040     dss_mrr_pe674.oe674 (.text:free)
                  007f9f40    00000040     dss_mrr_pe674.oe674 (.text:ti_sysbios_BIOS_exitFunc__I)
                  007f9f80    00000040     dss_mrr_pe674.oe674 (.text:ti_sysbios_BIOS_rtsLock__I)
                  007f9fc0    00000040     dss_mrr_pe674.oe674 (.text:ti_sysbios_BIOS_rtsUnlock__I)
                  007fa000    00000040     sysbios.ae674 : BIOS.obj (.text:ti_sysbios_family_c64p_Exception_externalHandler__I)
                  007fa040    00000040                   : BIOS.obj (.text:ti_sysbios_family_c64p_Exception_nmiHandler__I)
                  007fa080    00000040                   : BIOS.obj (.text:ti_sysbios_family_c64p_Hwi_disableIER__E)
                  007fa0c0    00000040                   : BIOS.obj (.text:ti_sysbios_family_c64p_Hwi_dispatchC__I)
                  007fa100    00000040                   : BIOS.obj (.text:ti_sysbios_family_c64p_Hwi_enableIER__E)
                  007fa140    00000040                   : BIOS.obj (.text:ti_sysbios_family_c64p_Hwi_getEventId__E)
                  007fa180    00000040     dss_mrr_pe674.oe674 (.text:ti_sysbios_gates_GateHwi_Handle__label__S)
                  007fa1c0    00000040     dss_mrr_pe674.oe674 (.text:ti_sysbios_gates_GateHwi_Object__delete__S)
                  007fa200    00000040     dss_mrr_pe674.oe674 (.text:ti_sysbios_gates_GateMutex_Handle__label__S)
                  007fa240    00000040     sysbios.ae674 : BIOS.obj (.text:ti_sysbios_gates_GateMutex_Instance_finalize__E)
                  007fa280    00000040                   : BIOS.obj (.text:ti_sysbios_gates_GateMutex_Instance_init__E)
                  007fa2c0    00000040                   : BIOS.obj (.text:ti_sysbios_gates_GateMutex_leave__E)
                  007fa300    00000040     dss_mrr_pe674.oe674 (.text:ti_sysbios_heaps_HeapMem_Handle__label__S)
                  007fa340    00000040     dss_mrr_pe674.oe674 (.text:ti_sysbios_heaps_HeapMem_Object__delete__S)
                  007fa380    00000040     dss_mrr_pe674.oe674 (.text:ti_sysbios_heaps_HeapMem_Object__get__S)
                  007fa3c0    00000040     sysbios.ae674 : BIOS.obj (.text:ti_sysbios_knl_Clock_addI__E)
                  007fa400    00000040                   : BIOS.obj (.text:ti_sysbios_knl_Semaphore_Instance_finalize__E)
                  007fa440    00000040     dss_mrr_pe674.oe674 (.text:ti_sysbios_knl_Semaphore_destruct)
                  007fa480    00000040     sysbios.ae674 : BIOS.obj (.text:ti_sysbios_knl_Semaphore_pendTimeout__I)
                  007fa4c0    00000040     dss_mrr_pe674.oe674 (.text:ti_sysbios_knl_Task_Object__get__S)
                  007fa500    00000040     sysbios.ae674 : BIOS.obj (.text:ti_sysbios_knl_Task_unblock__E)
                  007fa540    00000040                   : BIOS.obj (.text:ti_sysbios_timers_rti_Timer_ackInterrupt__E)
                  007fa580    00000040                   : BIOS.obj (.text:ti_sysbios_timers_rti_Timer_checkOverflow__I)
                  007fa5c0    00000040                   : BIOS.obj (.text:ti_sysbios_utils_Load_getTaskLoad__E)
                  007fa600    00000040     ti.targets.rts6000.ae674 : Error.oe674 (.text:xdc_runtime_Error_check__E)
                  007fa640    00000040                              : Error.oe674 (.text:xdc_runtime_Error_init__E)
                  007fa680    00000040                              : Registry.oe674 (.text:xdc_runtime_Registry_findById__E)
                  007fa6c0    00000040                              : System.oe674 (.text:xdc_runtime_System_abort__E)
                  007fa700    00000040     dss_mrr_pe674.oe674 (.text:xdc_runtime_System_aprintf__E)
                  007fa740    00000040     ti.targets.rts6000.ae674 : System.oe674 (.text:xdc_runtime_System_exit__E)
                  007fa780    00000040     dss_mrr_pe674.oe674 (.text:xdc_runtime_System_printf__E)
                  007fa7c0    00000020     libadcbuf_xwr18xx.ae674 : adcbuf_mmwave.oe674 (.text:ADCBUF_MMWave_init)
                  007fa7e0    00000020                             : ADCBuf.oe674 (.text:ADCBuf_Params_init)
                  007fa800    00000020                             : ADCBuf.oe674 (.text:ADCBuf_control)
                  007fa820    00000020     libedma_xwr18xx.ae674 : edma_low_level.oe674 (.text:EDMA3ChannelToParamMap)
                  007fa840    00000020                           : edma_low_level.oe674 (.text:EDMA3ClrCCErr)
                  007fa860    00000020                           : edma_low_level.oe674 (.text:EDMA3DisableQdmaEvt)
                  007fa880    00000020                           : edma_low_level.oe674 (.text:EDMA3EnableQdmaEvt)
                  007fa8a0    00000020                           : edma_low_level.oe674 (.text:EDMA3ErrIntrHighStatusGet)
                  007fa8c0    00000020                           : edma_low_level.oe674 (.text:EDMA3GetCCErrStatus)
                  007fa8e0    00000020                           : edma_low_level.oe674 (.text:EDMA3GetErrIntrStatus)
                  007fa900    00000020                           : edma_low_level.oe674 (.text:EDMA3GetIntrStatus)
                  007fa920    00000020                           : edma_low_level.oe674 (.text:EDMA3IntrStatusHighGet)
                  007fa940    00000020                           : edma_low_level.oe674 (.text:EDMA3QdmaClrMissEvt)
                  007fa960    00000020                           : edma_low_level.oe674 (.text:EDMA3QdmaGetErrIntrStatus)
                  007fa980    00000020                           : edma.oe674 (.text:EDMA_getNumInstances)
                  007fa9a0    00000020                           : edma_low_level.oe674 (.text:EDMAsetRegion)
                  007fa9c0    00000020     libosal_xwr18xx.ae674 : HwiP_tirtos.oe674 (.text:HwiP_Params_init)
                  007fa9e0    00000020                           : HwiP_tirtos.oe674 (.text:HwiP_disable)
                  007faa00    00000020                           : HwiP_tirtos.oe674 (.text:HwiP_disableInterrupt)
                  007faa20    00000020                           : HwiP_tirtos.oe674 (.text:HwiP_enableInterrupt)
                  007faa40    00000020                           : HwiP_tirtos.oe674 (.text:HwiP_restore)
                  007faa60    00000020                           : MemoryP_tirtos.oe674 (.text:MemoryP_ctrlAlloc)
                  007faa80    00000020                           : MemoryP_tirtos.oe674 (.text:MemoryP_ctrlFree)
                  007faaa0    00000020     dss_main.oe674 (.text:MmwDemo_mboxCallback)
                  007faac0    00000020     dss_main.oe674 (.text:MmwDemo_sleep)
                  007faae0    00000020     libosal_xwr18xx.ae674 : SemaphoreP_tirtos.oe674 (.text:SemaphoreP_Params_init)
                  007fab00    00000020                           : SemaphoreP_tirtos.oe674 (.text:SemaphoreP_pend)
                  007fab20    00000020                           : SemaphoreP_tirtos.oe674 (.text:SemaphoreP_post)
                  007fab40    00000020                           : DebugP_tirtos.oe674 (.text:_DebugP_assert)
                  007fab60    00000020     rts6740_elf.lib : trunc.c.obj (.text:__c6xabi_trunc)
                  007fab80    00000020                     : push.asm.obj (.text:__pop_rts)
                  007faba0    00000020                     : push.asm.obj (.text:__push_rts)
                  007fabc0    00000020                     : _lock.c.obj (.text:_nop)
                  007fabe0    00000020                     : _lock.c.obj (.text:_register_lock)
                  007fac00    00000020                     : _lock.c.obj (.text:_register_unlock)
                  007fac20    00000020     sysbios.ae674 : c62_TaskSupport_asm.obj (.text:_ti_sysbios_family_c62_TaskSupport_glue)
                  007fac40    00000020     rts6740_elf.lib : exit.c.obj (.text:abort)
                  007fac60    00000020                     : fputc.c.obj (.text:putchar)
                  007fac80    00000020     dss_mrr_pe674.oe674 (.text:ti_sysbios_BIOS_RtsGateProxy_enter__E)
                  007faca0    00000020     dss_mrr_pe674.oe674 (.text:ti_sysbios_BIOS_RtsGateProxy_leave__E)
                  007facc0    00000020     sysbios.ae674 : BIOS.obj (.text:ti_sysbios_BIOS_getCpuFreq__E)
                  007face0    00000020                   : BIOS.obj (.text:ti_sysbios_BIOS_linkedWithIncorrectBootLibrary__E)
                  007fad00    00000020     dss_mrr_pe674.oe674 (.text:ti_sysbios_BIOS_nullFunc__I)
                  007fad20    00000020     sysbios.ae674 : BIOS.obj (.text:ti_sysbios_BIOS_setThreadType__E)
                  007fad40    00000020                   : BIOS.obj (.text:ti_sysbios_BIOS_start__E)
                  007fad60    00000020     dss_mrr_pe674.oe674 (.text:ti_sysbios_family_c62_TaskSupport_Module__startupDone__S)
                  007fad80    00000020     sysbios.ae674 : BIOS.obj (.text:ti_sysbios_family_c62_TaskSupport_checkStack__E)
                  007fada0    00000020                   : BIOS.obj (.text:ti_sysbios_family_c62_TaskSupport_getStackAlignment__E)
                  007fadc0    00000020     dss_mrr_pe674.oe674 (.text:ti_sysbios_family_c64p_Hwi_Module__startupDone__F)
                  007fade0    00000020     sysbios.ae674 : BIOS.obj (.text:ti_sysbios_family_c64p_Hwi_clearInterrupt__E)
                  007fae00    00000020                   : BIOS.obj (.text:ti_sysbios_family_c64p_Hwi_disableInterrupt__E)
                  007fae20    00000020                   : BIOS.obj (.text:ti_sysbios_family_c64p_Hwi_enableInterrupt__E)
                  007fae40    00000020                   : BIOS.obj (.text:ti_sysbios_family_c64p_Hwi_getIsrStackAddress__I)
                  007fae60    00000020                   : BIOS.obj (.text:ti_sysbios_family_c64p_Hwi_startup__E)
                  007fae80    00000020                   : BIOS.obj (.text:ti_sysbios_family_c64p_Hwi_switchFromBootStack__E)
                  007faea0    00000020                   : BIOS.obj (.text:ti_sysbios_family_c64p_TimestampProvider_Module_startup__E)
                  007faec0    00000020                   : BIOS.obj (.text:ti_sysbios_family_c64p_TimestampProvider_get32__E)
                  007faee0    00000020                   : BIOS.obj (.text:ti_sysbios_gates_GateHwi_Instance_init__E)
                  007faf00    00000020                   : BIOS.obj (.text:ti_sysbios_gates_GateHwi_enter__E)
                  007faf20    00000020                   : BIOS.obj (.text:ti_sysbios_gates_GateHwi_leave__E)
                  007faf40    00000020                   : BIOS.obj (.text:ti_sysbios_gates_GateHwi_query__E)
                  007faf60    00000020                   : BIOS.obj (.text:ti_sysbios_gates_GateMutex_query__E)
                  007faf80    00000020                   : BIOS.obj (.text:ti_sysbios_hal_Hwi_Module_startup__E)
                  007fafa0    00000020     dss_mrr_pe674.oe674 (.text:ti_sysbios_heaps_HeapMem_Module_GateProxy_enter__E)
                  007fafc0    00000020     dss_mrr_pe674.oe674 (.text:ti_sysbios_heaps_HeapMem_Module_GateProxy_leave__E)
                  007fafe0    00000020     sysbios.ae674 : BIOS.obj (.text:ti_sysbios_heaps_HeapMem_isBlocking__E)
                  007fb000    00000020                   : BIOS.obj (.text:ti_sysbios_heaps_HeapMem_restore__E)
                  007fb020    00000020     dss_mrr_pe674.oe674 (.text:ti_sysbios_knl_Clock_TimerProxy_getMaxTicks__E)
                  007fb040    00000020     sysbios.ae674 : BIOS.obj (.text:ti_sysbios_knl_Clock_removeI__E)
                  007fb060    00000020                   : BIOS.obj (.text:ti_sysbios_knl_Clock_startI__E)
                  007fb080    00000020                   : BIOS.obj (.text:ti_sysbios_knl_Idle_loop__E)
                  007fb0a0    00000020                   : BIOS.obj (.text:ti_sysbios_knl_Queue_Instance_init__E)
                  007fb0c0    00000020     dss_mrr_pe674.oe674 (.text:ti_sysbios_knl_Queue_Object__get__S)
                  007fb0e0    00000020     sysbios.ae674 : BIOS.obj (.text:ti_sysbios_knl_Queue_dequeue__E)
                  007fb100    00000020     dss_mrr_pe674.oe674 (.text:ti_sysbios_knl_Queue_destruct)
                  007fb120    00000020     sysbios.ae674 : BIOS.obj (.text:ti_sysbios_knl_Queue_empty__E)
                  007fb140    00000020                   : BIOS.obj (.text:ti_sysbios_knl_Queue_enqueue__E)
                  007fb160    00000020                   : BIOS.obj (.text:ti_sysbios_knl_Queue_put__E)
                  007fb180    00000020                   : BIOS.obj (.text:ti_sysbios_knl_Queue_remove__E)
                  007fb1a0    00000020     dss_mrr_pe674.oe674 (.text:ti_sysbios_knl_Semaphore_Params__init__S)
                  007fb1c0    00000020     dss_mrr_pe674.oe674 (.text:ti_sysbios_knl_Task_Params__init__S)
                  007fb1e0    00000020     sysbios.ae674 : BIOS.obj (.text:ti_sysbios_knl_Task_disable__E)
                  007fb200    00000020                   : BIOS.obj (.text:ti_sysbios_knl_Task_enabled__E)
                  007fb220    00000020                   : BIOS.obj (.text:ti_sysbios_knl_Task_startup__E)
                  007fb240    00000020     dss_mrr_pe674.oe674 (.text:ti_sysbios_timers_rti_Timer_Module__startupDone__F)
                  007fb260    00000020     sysbios.ae674 : BIOS.obj (.text:ti_sysbios_timers_rti_Timer_getMaxTicks__E)
                  007fb280    00000020                   : BIOS.obj (.text:ti_sysbios_timers_rti_Timer_periodicStub__E)
                  007fb2a0    00000020                   : BIOS.obj (.text:ti_sysbios_utils_Load_taskRegHook__E)
                  007fb2c0    00000020     ti.targets.rts6000.ae674 : Error.oe674 (.text:xdc_runtime_Error_getSite__E)
                  007fb2e0    00000020                              : Error.oe674 (.text:xdc_runtime_Error_raiseX__E)
                  007fb300    00000020                              : Gate.oe674 (.text:xdc_runtime_Gate_enterSystem__E)
                  007fb320    00000020                              : Gate.oe674 (.text:xdc_runtime_Gate_leaveSystem__E)
                  007fb340    00000020     dss_mrr_pe674.oe674 (.text:xdc_runtime_IHeap_alloc)
                  007fb360    00000020     dss_mrr_pe674.oe674 (.text:xdc_runtime_IHeap_free)
                  007fb380    00000020     ti.targets.rts6000.ae674 : Memory.oe674 (.text:xdc_runtime_Memory_calloc__E)
                  007fb3a0    00000020                              : Memory.oe674 (.text:xdc_runtime_Memory_free__E)
                  007fb3c0    00000020                              : Memory.oe674 (.text:xdc_runtime_Memory_getMaxDefaultTypeAlign__E)
                  007fb3e0    00000020     dss_mrr_pe674.oe674 (.text:xdc_runtime_Startup_exec__I)
                  007fb400    00000020     dss_mrr_pe674.oe674 (.text:xdc_runtime_Startup_reset__I)
                  007fb420    00000020     ti.targets.rts6000.ae674 : Startup.oe674 (.text:xdc_runtime_Startup_rtsDone__E)
                  007fb440    00000020                              : SysStd.oe674 (.text:xdc_runtime_SysStd_exit__E)
                  007fb460    00000020                              : SysStd.oe674 (.text:xdc_runtime_SysStd_putch__E)
                  007fb480    00000020                              : SysStd.oe674 (.text:xdc_runtime_SysStd_ready__E)
                  007fb4a0    00000020     dss_mrr_pe674.oe674 (.text:xdc_runtime_System_Module_GateProxy_enter__E)
                  007fb4c0    00000020     dss_mrr_pe674.oe674 (.text:xdc_runtime_System_Module_GateProxy_leave__E)
                  007fb4e0    00000020     ti.targets.rts6000.ae674 : System.oe674 (.text:xdc_runtime_System_Module_startup__E)
                  007fb500    00000020                              : System.oe674 (.text:xdc_runtime_System_vsnprintf__E)
                  007fb520    00000020                              : Text.oe674 (.text:xdc_runtime_Text_ropeText__E)
                  007fb540    00000020     dss_mrr_pe674.oe674 (.text:xdc_runtime_Text_visitRope__I)
                  007fb560    00000010     mathlib.ae674 : rsqrtsp.oe674 ($Tramp$S$$rsqrtsp)
                  007fb570    00000010     dss_data_path.oe674 ($Tramp$S$$MmwDemo_waitEndOfChirps)
                  007fb580    00000010     dss_data_path.oe674 ($Tramp$S$$MmwDemo_processChirp)
                  007fb590    00000010     clusteringDBscan.oe674 ($Tramp$S$$clusteringDBscan_findNeighbors2Fixed)
                  007fb5a0    00000010     mathlib.ae674 : atan2sp.oe674 ($Tramp$S$$atan2sp)
                  007fb5b0    00000010                   : sqrtsp.oe674 ($Tramp$S$$sqrtsp)
                  007fb5c0    00000010     Extended_Kalman_Filter_xyz.oe674 ($Tramp$S$$isTargetWithinDataAssociationThresh)
                  007fb5d0    00000010     dss_data_path.oe674 ($Tramp$S$$MmwDemo_XYestimation)
                  007fb5e0    00000010     dsplib.ae64P : DSP_fft32x32_sa.oe64P ($Tramp$S$$DSP_fft32x32)
                  007fb5f0    00000010     libmmwavealg_xwr18xx.ae674 : mmwavelib_dftsinglebin.oe674 ($Tramp$S$$mmwavelib_dftSingleBinWithWindow)
                  007fb600    00000010     dss_data_path.oe674 ($Tramp$S$$rangeBasedPruning)
                  007fb610    00000010     dss_data_path.oe674 ($Tramp$S$$cfarCadB_SO_withSNR)
                  007fb620    00000010     mathlib.ae674 : recipsp.oe674 ($Tramp$S$$recipsp)
                  007fb630    00000010                   : exp2sp.oe674 ($Tramp$S$$exp2sp)
                  007fb640    00000010                   : divsp.oe674 ($Tramp$S$$divsp)
                  007fb650    00000010     dss_data_path.oe674 ($Tramp$S$$cfarCa_SO_dBwrap_withSNR)
                  007fb660    00000010     dss_data_path.oe674 ($Tramp$S$$secondDimFFTandLog2Computation)
                  007fb670    00000010     --HOLE-- [fill = 00000000]

.neardata 
*          0    007fb680    00000008     
                  007fb680    00000004     libadcbuf_xwr18xx.ae674 : ADCBuf.oe674 (.neardata)
                  007fb684    00000004     libedma_xwr18xx.ae674 : edma_low_level.oe674 (.neardata)

.stack     0    0081fa00    00000418     UNINITIALIZED
                  0081fa00    00000008     boot.ae674 : boot.oe674 (.stack)
                  0081fa08    00000410     --HOLE--

.cinit     0    00800000    00000000     UNINITIALIZED

.ovly      0    007fb688    00000010     
                  007fb688    00000010     (.ovly:_MmwDemo_fastCode_L1PSRAM_copy_table)

.l2data    0    00800000    00019000     UNINITIALIZED
                  00800000    00019000     dss_data_path.oe674 (.l2data)

systemHeap 
*          0    00819000    00004000     UNINITIALIZED
                  00819000    00004000     dss_mrr_pe674.oe674 (systemHeap)

.const     0    0081d000    00000e01     
                  0081d000    00000518     sysbios.ae674 : BIOS.obj (.const:.string)
                  0081d518    00000074     dss_mrr_pe674.oe674 (.const:.string)
                  0081d58c    00000058     libedma_xwr18xx.ae674 : edma.oe674 (.const:.string)
                  0081d5e4    00000058     ti.targets.rts6000.ae674 : Error.oe674 (.const:.string)
                  0081d63c    0000004c     libmailbox_xwr18xx.ae674 : mailbox.oe674 (.const:.string)
                  0081d688    00000048     dss_data_path.oe674 (.const:.string)
                  0081d6d0    00000044     dss_main.oe674 (.const:.string)
                  0081d714    00000044     dss_mrr_pe674.oe674 (.const:ti_sysbios_knl_Task_Object__PARAMS__C)
                  0081d758    00000040     libmmwavealg_xwr18xx.ae674 : mmwavelib_log2abs.oe674 (.const:.string:c_Log2LookUp)
                  0081d798    00000040     ti.targets.rts6000.ae674 : Text.oe674 (.const:.string)
                  0081d7d8    0000003c     libsoc_xwr18xx.ae674 : soc_xwr18xx_dss.oe674 (.const:.string)
                  0081d814    00000004     ti.targets.rts6000.ae674 : Assert.oe674 (.const:.string)
                  0081d818    00000038     libedma_xwr18xx.ae674 : edma_xwr1xxx.oe674 (.const:gEdmaHwAttrs)
                  0081d850    0000002c     ti.targets.rts6000.ae674 : Startup.oe674 (.const:.string)
                  0081d87c    00000028     dss_mrr_pe674.oe674 (.const:ti_sysbios_heaps_HeapMem_Module__FXNS__C)
                  0081d8a4    00000004     dss_mrr_pe674.oe674 (.const:ti_sysbios_family_c62_TaskSupport_stackAlignment__C)
                  0081d8a8    00000028     dss_mrr_pe674.oe674 (.const:xdc_runtime_Startup_sfxnTab__A)
                  0081d8d0    00000024     libmailbox_xwr18xx.ae674 : mailbox.oe674 (.const)
                  0081d8f4    00000024     dss_mrr_pe674.oe674 (.const:ti_sysbios_gates_GateHwi_Module__FXNS__C)
                  0081d918    00000024     dss_mrr_pe674.oe674 (.const:ti_sysbios_gates_GateMutex_Module__FXNS__C)
                  0081d93c    00000024     dss_mrr_pe674.oe674 (.const:ti_sysbios_heaps_HeapMem_Object__PARAMS__C)
                  0081d960    00000024     dss_mrr_pe674.oe674 (.const:ti_sysbios_knl_Semaphore_Object__PARAMS__C)
                  0081d984    00000020     libosal_xwr18xx.ae674 : SemaphoreP_tirtos.oe674 (.const:.string)
                  0081d9a4    00000020     dss_mrr_pe674.oe674 (.const:ti_sysbios_gates_GateHwi_Object__DESC__C)
                  0081d9c4    00000020     dss_mrr_pe674.oe674 (.const:ti_sysbios_gates_GateMutex_Object__DESC__C)
                  0081d9e4    00000020     dss_mrr_pe674.oe674 (.const:ti_sysbios_heaps_HeapMem_Object__DESC__C)
                  0081da04    00000020     dss_mrr_pe674.oe674 (.const:ti_sysbios_knl_Queue_Object__DESC__C)
                  0081da24    00000020     dss_mrr_pe674.oe674 (.const:ti_sysbios_knl_Semaphore_Object__DESC__C)
                  0081da44    00000020     dss_mrr_pe674.oe674 (.const:ti_sysbios_knl_Task_Object__DESC__C)
                  0081da64    00000018     ti.targets.rts6000.ae674 : System.oe674 (.const:.string)
                  0081da7c    00000018     dss_mrr_pe674.oe674 (.const:ti_sysbios_gates_GateHwi_Object__PARAMS__C)
                  0081da94    00000018     dss_mrr_pe674.oe674 (.const:ti_sysbios_gates_GateMutex_Object__PARAMS__C)
                  0081daac    00000018     dss_mrr_pe674.oe674 (.const:ti_sysbios_knl_Queue_Object__PARAMS__C)
                  0081dac4    00000004     dss_mrr_pe674.oe674 (.const:ti_sysbios_family_c64p_Cache_E_invalidL1CacheSize__C)
                  0081dac8    00000018     dss_mrr_pe674.oe674 (.const:ti_sysbios_knl_Task_hooks__A)
                  0081dae0    00000014     libadcbuf_xwr18xx.ae674 : adcbuf_mmwave.oe674 (.const:.string)
                  0081daf4    00000014                             : adcbuf_mmwave.oe674 (.const)
                  0081db08    00000014     dss_mrr_pe674.oe674 (.const:xdc_runtime_Startup_sfxnRts__A)
                  0081db1c    00000004     dss_mrr_pe674.oe674 (.const:ti_sysbios_family_c64p_Cache_E_invalidL2CacheSize__C)
                  0081db20    00000010     libedma_xwr18xx.ae674 : edma.oe674 (.const:EDMA_config$1)
                  0081db30    00000010     libadcbuf_xwr18xx.ae674 : adcbuf_xwr1xxx.oe674 (.const:gADCBufHwCfg)
                  0081db40    00000010     dss_mrr_pe674.oe674 (.const:ti_sysbios_family_c64p_EventCombiner_EVTMASK__C)
                  0081db50    0000000c     libadcbuf_xwr18xx.ae674 : ADCBuf.oe674 (.const)
                  0081db5c    00000004     dss_mrr_pe674.oe674 (.const:ti_sysbios_family_c64p_Cache_MAR0_31__C)
                  0081db60    0000000c     dss_mrr_pe674.oe674 (.const:ti_sysbios_knl_Idle_funcList__A)
                  0081db6c    00000008     dss_mrr_pe674.oe674 (.const:ti_sysbios_knl_Idle_funcList__C)
                  0081db74    00000008     dss_mrr_pe674.oe674 (.const:ti_sysbios_knl_Task_hooks__C)
                  0081db7c    00000004     dss_mrr_pe674.oe674 (.const:ti_sysbios_family_c64p_Cache_MAR128_159__C)
                  0081db80    00000008     dss_mrr_pe674.oe674 (.const:xdc_runtime_Startup_firstFxns__A)
                  0081db88    00000008     dss_mrr_pe674.oe674 (.const:xdc_runtime_Startup_firstFxns__C)
                  0081db90    00000008     dss_mrr_pe674.oe674 (.const:xdc_runtime_Startup_lastFxns__C)
                  0081db98    00000004     dss_mrr_pe674.oe674 (.const:ti_sysbios_family_c64p_Cache_MAR160_191__C)
                  0081db9c    00000004     dss_mrr_pe674.oe674 (.const:ti_sysbios_family_c64p_Cache_MAR192_223__C)
                  0081dba0    00000004     dss_mrr_pe674.oe674 (.const:ti_sysbios_family_c64p_Cache_MAR224_255__C)
                  0081dba4    00000004     dss_mrr_pe674.oe674 (.const:ti_sysbios_family_c64p_Cache_MAR32_63__C)
                  0081dba8    00000004     dss_mrr_pe674.oe674 (.const:ti_sysbios_family_c64p_Cache_MAR64_95__C)
                  0081dbac    00000004     dss_mrr_pe674.oe674 (.const:ti_sysbios_family_c64p_Cache_MAR96_127__C)
                  0081dbb0    00000004     dss_mrr_pe674.oe674 (.const:ti_sysbios_family_c64p_EventCombiner_A_invalidEventId__C)
                  0081dbb4    00000004     dss_mrr_pe674.oe674 (.const:ti_sysbios_family_c64p_EventCombiner_EVTRegs__C)
                  0081dbb8    00000004     dss_mrr_pe674.oe674 (.const:ti_sysbios_family_c64p_EventCombiner_E_unpluggedEvent__C)
                  0081dbbc    00000004     dss_mrr_pe674.oe674 (.const:ti_sysbios_family_c64p_EventCombiner_Module__diagsEnabled__C)
                  0081dbc0    00000004     dss_mrr_pe674.oe674 (.const:ti_sysbios_family_c64p_EventCombiner_Module__diagsIncluded__C)
                  0081dbc4    00000004     dss_mrr_pe674.oe674 (.const:ti_sysbios_family_c64p_EventCombiner_Module__diagsMask__C)
                  0081dbc8    00000004     dss_mrr_pe674.oe674 (.const:ti_sysbios_family_c64p_Exception_E_exceptionMax__C)
                  0081dbcc    00000004     dss_mrr_pe674.oe674 (.const:ti_sysbios_family_c64p_Exception_exceptionHook__C)
                  0081dbd0    00000004     dss_mrr_pe674.oe674 (.const:ti_sysbios_family_c64p_Exception_externalHook__C)
                  0081dbd4    00000004     dss_mrr_pe674.oe674 (.const:ti_sysbios_family_c64p_Exception_internalHook__C)
                  0081dbd8    00000004     dss_mrr_pe674.oe674 (.const:ti_sysbios_family_c64p_Exception_nmiHook__C)
                  0081dbdc    00000004     dss_mrr_pe674.oe674 (.const:ti_sysbios_family_c64p_Hwi_INTRMUX1Address__C)
                  0081dbe0    00000004     dss_mrr_pe674.oe674 (.const:ti_sysbios_family_c64p_Hwi_LD_end__C)
                  0081dbe4    00000004     dss_mrr_pe674.oe674 (.const:ti_sysbios_family_c64p_Hwi_LM_begin__C)
                  0081dbe8    00000004     dss_mrr_pe674.oe674 (.const:ti_sysbios_family_c64p_Hwi_Module__diagsEnabled__C)
                  0081dbec    00000004     dss_mrr_pe674.oe674 (.const:ti_sysbios_family_c64p_Hwi_Module__diagsIncluded__C)
                  0081dbf0    00000004     dss_mrr_pe674.oe674 (.const:ti_sysbios_family_c64p_Hwi_Module__diagsMask__C)
                  0081dbf4    00000004     dss_mrr_pe674.oe674 (.const:ti_sysbios_family_c64p_Hwi_Module__loggerFxn1__C)
                  0081dbf8    00000004     dss_mrr_pe674.oe674 (.const:ti_sysbios_family_c64p_Hwi_Module__loggerFxn8__C)
                  0081dbfc    00000004     dss_mrr_pe674.oe674 (.const:ti_sysbios_family_c64p_Hwi_Module__loggerObj__C)
                  0081dc00    00000004     dss_mrr_pe674.oe674 (.const:ti_sysbios_gates_GateMutex_A_badContext__C)
                  0081dc04    00000004     dss_mrr_pe674.oe674 (.const:ti_sysbios_gates_GateMutex_Instance_State_sem__O)
                  0081dc08    00000004     dss_mrr_pe674.oe674 (.const:ti_sysbios_gates_GateMutex_Module__diagsEnabled__C)
                  0081dc0c    00000004     dss_mrr_pe674.oe674 (.const:ti_sysbios_gates_GateMutex_Module__diagsIncluded__C)
                  0081dc10    00000004     dss_mrr_pe674.oe674 (.const:ti_sysbios_gates_GateMutex_Module__diagsMask__C)
                  0081dc14    00000004     dss_mrr_pe674.oe674 (.const:ti_sysbios_hal_Hwi_E_stackOverflow__C)
                  0081dc18    00000004     dss_mrr_pe674.oe674 (.const:ti_sysbios_heaps_HeapMem_A_align__C)
                  0081dc1c    00000004     dss_mrr_pe674.oe674 (.const:ti_sysbios_heaps_HeapMem_A_heapSize__C)
                  0081dc20    00000004     dss_mrr_pe674.oe674 (.const:ti_sysbios_heaps_HeapMem_A_invalidFree__C)
                  0081dc24    00000004     dss_mrr_pe674.oe674 (.const:ti_sysbios_heaps_HeapMem_A_zeroBlock__C)
                  0081dc28    00000004     dss_mrr_pe674.oe674 (.const:ti_sysbios_heaps_HeapMem_E_memory__C)
                  0081dc2c    00000004     dss_mrr_pe674.oe674 (.const:ti_sysbios_heaps_HeapMem_Module__diagsEnabled__C)
                  0081dc30    00000004     dss_mrr_pe674.oe674 (.const:ti_sysbios_heaps_HeapMem_Module__diagsIncluded__C)
                  0081dc34    00000004     dss_mrr_pe674.oe674 (.const:ti_sysbios_heaps_HeapMem_Module__diagsMask__C)
                  0081dc38    00000004     dss_mrr_pe674.oe674 (.const:ti_sysbios_heaps_HeapMem_Module__gateObj__C)
                  0081dc3c    00000004     dss_mrr_pe674.oe674 (.const:ti_sysbios_heaps_HeapMem_Object__count__C)
                  0081dc40    00000004     dss_mrr_pe674.oe674 (.const:ti_sysbios_heaps_HeapMem_reqAlign__C)
                  0081dc44    00000004     dss_mrr_pe674.oe674 (.const:ti_sysbios_knl_Clock_LM_begin__C)
                  0081dc48    00000004     dss_mrr_pe674.oe674 (.const:ti_sysbios_knl_Clock_LM_tick__C)
                  0081dc4c    00000004     dss_mrr_pe674.oe674 (.const:ti_sysbios_knl_Clock_LW_delayed__C)
                  0081dc50    00000004     dss_mrr_pe674.oe674 (.const:ti_sysbios_knl_Clock_Module_State_clockQ__O)
                  0081dc54    00000004     dss_mrr_pe674.oe674 (.const:ti_sysbios_knl_Clock_Module__diagsEnabled__C)
                  0081dc58    00000004     dss_mrr_pe674.oe674 (.const:ti_sysbios_knl_Clock_Module__diagsIncluded__C)
                  0081dc5c    00000004     dss_mrr_pe674.oe674 (.const:ti_sysbios_knl_Clock_Module__diagsMask__C)
                  0081dc60    00000004     dss_mrr_pe674.oe674 (.const:ti_sysbios_knl_Clock_Module__loggerFxn1__C)
                  0081dc64    00000004     dss_mrr_pe674.oe674 (.const:ti_sysbios_knl_Clock_Module__loggerFxn2__C)
                  0081dc68    00000004     dss_mrr_pe674.oe674 (.const:ti_sysbios_knl_Clock_Module__loggerObj__C)
                  0081dc6c    00000004     dss_mrr_pe674.oe674 (.const:ti_sysbios_knl_Semaphore_A_badContext__C)
                  0081dc70    00000004     dss_mrr_pe674.oe674 (.const:ti_sysbios_knl_Semaphore_A_noEvents__C)
                  0081dc74    00000004     dss_mrr_pe674.oe674 (.const:ti_sysbios_knl_Semaphore_A_overflow__C)
                  0081dc78    00000004     dss_mrr_pe674.oe674 (.const:ti_sysbios_knl_Semaphore_A_pendTaskDisabled__C)
                  0081dc7c    00000004     dss_mrr_pe674.oe674 (.const:ti_sysbios_knl_Semaphore_Instance_State_pendQ__O)
                  0081dc80    00000004     dss_mrr_pe674.oe674 (.const:ti_sysbios_knl_Semaphore_LM_pend__C)
                  0081dc84    00000004     dss_mrr_pe674.oe674 (.const:ti_sysbios_knl_Semaphore_LM_post__C)
                  0081dc88    00000004     dss_mrr_pe674.oe674 (.const:ti_sysbios_knl_Semaphore_Module__diagsEnabled__C)
                  0081dc8c    00000004     dss_mrr_pe674.oe674 (.const:ti_sysbios_knl_Semaphore_Module__diagsIncluded__C)
                  0081dc90    00000004     dss_mrr_pe674.oe674 (.const:ti_sysbios_knl_Semaphore_Module__diagsMask__C)
                  0081dc94    00000004     dss_mrr_pe674.oe674 (.const:ti_sysbios_knl_Semaphore_Module__loggerFxn2__C)
                  0081dc98    00000004     dss_mrr_pe674.oe674 (.const:ti_sysbios_knl_Semaphore_Module__loggerFxn4__C)
                  0081dc9c    00000004     dss_mrr_pe674.oe674 (.const:ti_sysbios_knl_Semaphore_Module__loggerObj__C)
                  0081dca0    00000004     dss_mrr_pe674.oe674 (.const:ti_sysbios_knl_Task_A_badPriority__C)
                  0081dca4    00000004     dss_mrr_pe674.oe674 (.const:ti_sysbios_knl_Task_A_badTaskState__C)
                  0081dca8    00000004     dss_mrr_pe674.oe674 (.const:ti_sysbios_knl_Task_A_badThreadType__C)
                  0081dcac    00000004     dss_mrr_pe674.oe674 (.const:ti_sysbios_knl_Task_A_noPendElem__C)
                  0081dcb0    00000004     dss_mrr_pe674.oe674 (.const:ti_sysbios_knl_Task_E_spOutOfBounds__C)
                  0081dcb4    00000004     dss_mrr_pe674.oe674 (.const:ti_sysbios_knl_Task_E_stackOverflow__C)
                  0081dcb8    00000004     dss_mrr_pe674.oe674 (.const:ti_sysbios_knl_Task_LD_block__C)
                  0081dcbc    00000004     dss_mrr_pe674.oe674 (.const:ti_sysbios_knl_Task_LD_exit__C)
                  0081dcc0    00000004     dss_mrr_pe674.oe674 (.const:ti_sysbios_knl_Task_LD_ready__C)
                  0081dcc4    00000004     dss_mrr_pe674.oe674 (.const:ti_sysbios_knl_Task_LM_switch__C)
                  0081dcc8    00000004     dss_mrr_pe674.oe674 (.const:ti_sysbios_knl_Task_Module_State_inactiveQ__O)
                  0081dccc    00000004     dss_mrr_pe674.oe674 (.const:ti_sysbios_knl_Task_Module__diagsEnabled__C)
                  0081dcd0    00000004     dss_mrr_pe674.oe674 (.const:ti_sysbios_knl_Task_Module__diagsIncluded__C)
                  0081dcd4    00000004     dss_mrr_pe674.oe674 (.const:ti_sysbios_knl_Task_Module__diagsMask__C)
                  0081dcd8    00000004     dss_mrr_pe674.oe674 (.const:ti_sysbios_knl_Task_Module__loggerFxn2__C)
                  0081dcdc    00000004     dss_mrr_pe674.oe674 (.const:ti_sysbios_knl_Task_Module__loggerFxn4__C)
                  0081dce0    00000004     dss_mrr_pe674.oe674 (.const:ti_sysbios_knl_Task_Module__loggerObj__C)
                  0081dce4    00000004     dss_mrr_pe674.oe674 (.const:ti_sysbios_knl_Task_Object__count__C)
                  0081dce8    00000004     dss_mrr_pe674.oe674 (.const:ti_sysbios_knl_Task_Object__heap__C)
                  0081dcec    00000004     dss_mrr_pe674.oe674 (.const:ti_sysbios_knl_Task_allBlockedFunc__C)
                  0081dcf0    00000004     dss_mrr_pe674.oe674 (.const:ti_sysbios_knl_Task_defaultStackHeap__C)
                  0081dcf4    00000004     dss_mrr_pe674.oe674 (.const:ti_sysbios_knl_Task_defaultStackSize__C)
                  0081dcf8    00000004     dss_mrr_pe674.oe674 (.const:ti_sysbios_knl_Task_numConstructedTasks__C)
                  0081dcfc    00000004     dss_mrr_pe674.oe674 (.const:ti_sysbios_timers_rti_Timer_E_cannotSupport__C)
                  0081dd00    00000004     dss_mrr_pe674.oe674 (.const:ti_sysbios_timers_rti_Timer_Module__diagsEnabled__C)
                  0081dd04    00000004     dss_mrr_pe674.oe674 (.const:ti_sysbios_timers_rti_Timer_Module__diagsIncluded__C)
                  0081dd08    00000004     dss_mrr_pe674.oe674 (.const:ti_sysbios_timers_rti_Timer_Module__diagsMask__C)
                  0081dd0c    00000004     dss_mrr_pe674.oe674 (.const:ti_sysbios_timers_rti_Timer_numTimerDevices__C)
                  0081dd10    00000004     dss_mrr_pe674.oe674 (.const:ti_sysbios_timers_rti_Timer_startupNeeded__C)
                  0081dd14    00000004     dss_mrr_pe674.oe674 (.const:ti_sysbios_utils_Load_LS_cpuLoad__C)
                  0081dd18    00000004     dss_mrr_pe674.oe674 (.const:ti_sysbios_utils_Load_LS_taskLoad__C)
                  0081dd1c    00000004     dss_mrr_pe674.oe674 (.const:ti_sysbios_utils_Load_Module_State_taskList__O)
                  0081dd20    00000004     dss_mrr_pe674.oe674 (.const:ti_sysbios_utils_Load_Module__diagsEnabled__C)
                  0081dd24    00000004     dss_mrr_pe674.oe674 (.const:ti_sysbios_utils_Load_Module__diagsIncluded__C)
                  0081dd28    00000004     dss_mrr_pe674.oe674 (.const:ti_sysbios_utils_Load_Module__diagsMask__C)
                  0081dd2c    00000004     dss_mrr_pe674.oe674 (.const:ti_sysbios_utils_Load_Module__loggerFxn1__C)
                  0081dd30    00000004     dss_mrr_pe674.oe674 (.const:ti_sysbios_utils_Load_Module__loggerFxn4__C)
                  0081dd34    00000004     dss_mrr_pe674.oe674 (.const:ti_sysbios_utils_Load_Module__loggerObj__C)
                  0081dd38    00000004     dss_mrr_pe674.oe674 (.const:ti_sysbios_utils_Load_postUpdate__C)
                  0081dd3c    00000004     dss_mrr_pe674.oe674 (.const:ti_sysbios_utils_Load_windowInMs__C)
                  0081dd40    00000004     dss_mrr_pe674.oe674 (.const:xdc_runtime_Assert_E_assertFailed__C)
                  0081dd44    00000004     dss_mrr_pe674.oe674 (.const:xdc_runtime_Core_A_initializedParams__C)
                  0081dd48    00000004     dss_mrr_pe674.oe674 (.const:xdc_runtime_Core_Module__diagsEnabled__C)
                  0081dd4c    00000004     dss_mrr_pe674.oe674 (.const:xdc_runtime_Core_Module__diagsIncluded__C)
                  0081dd50    00000004     dss_mrr_pe674.oe674 (.const:xdc_runtime_Core_Module__diagsMask__C)
                  0081dd54    00000004     dss_mrr_pe674.oe674 (.const:xdc_runtime_Error_E_memory__C)
                  0081dd58    00000004     dss_mrr_pe674.oe674 (.const:xdc_runtime_Error_Module__diagsEnabled__C)
                  0081dd5c    00000004     dss_mrr_pe674.oe674 (.const:xdc_runtime_Error_Module__diagsIncluded__C)
                  0081dd60    00000004     dss_mrr_pe674.oe674 (.const:xdc_runtime_Error_Module__diagsMask__C)
                  0081dd64    00000004     dss_mrr_pe674.oe674 (.const:xdc_runtime_Error_Module__loggerFxn8__C)
                  0081dd68    00000004     dss_mrr_pe674.oe674 (.const:xdc_runtime_Error_Module__loggerObj__C)
                  0081dd6c    00000004     dss_mrr_pe674.oe674 (.const:xdc_runtime_Error_policyFxn__C)
                  0081dd70    00000004     dss_mrr_pe674.oe674 (.const:xdc_runtime_Error_policy__C)
                  0081dd74    00000004     dss_mrr_pe674.oe674 (.const:xdc_runtime_Error_raiseHook__C)
                  0081dd78    00000004     dss_mrr_pe674.oe674 (.const:xdc_runtime_IGateProvider_Interface__BASE__C)
                  0081dd7c    00000004     dss_mrr_pe674.oe674 (.const:xdc_runtime_IHeap_Interface__BASE__C)
                  0081dd80    00000004     dss_mrr_pe674.oe674 (.const:xdc_runtime_IModule_Interface__BASE__C)
                  0081dd84    00000004     dss_mrr_pe674.oe674 (.const:xdc_runtime_Log_L_error__C)
                  0081dd88    00000004     dss_mrr_pe674.oe674 (.const:xdc_runtime_Memory_defaultHeapInstance__C)
                  0081dd8c    00000004     dss_mrr_pe674.oe674 (.const:xdc_runtime_Startup_execImpl__C)
                  0081dd90    00000004     dss_mrr_pe674.oe674 (.const:xdc_runtime_Startup_maxPasses__C)
                  0081dd94    00000004     dss_mrr_pe674.oe674 (.const:xdc_runtime_Startup_sfxnRts__C)
                  0081dd98    00000004     dss_mrr_pe674.oe674 (.const:xdc_runtime_Startup_sfxnTab__C)
                  0081dd9c    00000004     dss_mrr_pe674.oe674 (.const:xdc_runtime_System_Module__gateObj__C)
                  0081dda0    00000004     dss_mrr_pe674.oe674 (.const:xdc_runtime_System_abortFxn__C)
                  0081dda4    00000004     dss_mrr_pe674.oe674 (.const:xdc_runtime_System_exitFxn__C)
                  0081dda8    00000004     dss_mrr_pe674.oe674 (.const:xdc_runtime_System_extendFxn__C)
                  0081ddac    00000004     dss_mrr_pe674.oe674 (.const:xdc_runtime_System_maxAtexitHandlers__C)
                  0081ddb0    00000004     dss_mrr_pe674.oe674 (.const:xdc_runtime_Text_charTab__C)
                  0081ddb4    00000004     dss_mrr_pe674.oe674 (.const:xdc_runtime_Text_nameEmpty__C)
                  0081ddb8    00000004     dss_mrr_pe674.oe674 (.const:xdc_runtime_Text_nameStatic__C)
                  0081ddbc    00000004     dss_mrr_pe674.oe674 (.const:xdc_runtime_Text_nameUnknown__C)
                  0081ddc0    00000004     dss_mrr_pe674.oe674 (.const:xdc_runtime_Text_visitRopeFxn__C)
                  0081ddc4    00000002     dss_mrr_pe674.oe674 (.const:ti_sysbios_family_c64p_Cache_Module__id__C)
                  0081ddc6    00000002     dss_mrr_pe674.oe674 (.const:ti_sysbios_family_c64p_EventCombiner_Module__id__C)
                  0081ddc8    00000002     dss_mrr_pe674.oe674 (.const:ti_sysbios_family_c64p_Exception_Module__id__C)
                  0081ddca    00000002     dss_mrr_pe674.oe674 (.const:ti_sysbios_family_c64p_Exception_useInternalBuffer__C)
                  0081ddcc    00000002     dss_mrr_pe674.oe674 (.const:ti_sysbios_family_c64p_Hwi_Module__id__C)
                  0081ddce    00000002     dss_mrr_pe674.oe674 (.const:ti_sysbios_family_c64p_Hwi_Module__loggerDefined__C)
                  0081ddd0    00000002     dss_mrr_pe674.oe674 (.const:ti_sysbios_gates_GateMutex_Module__id__C)
                  0081ddd2    00000002     dss_mrr_pe674.oe674 (.const:ti_sysbios_hal_Hwi_Module__id__C)
                  0081ddd4    00000002     dss_mrr_pe674.oe674 (.const:ti_sysbios_heaps_HeapMem_Module__id__C)
                  0081ddd6    00000002     dss_mrr_pe674.oe674 (.const:ti_sysbios_knl_Clock_Module__id__C)
                  0081ddd8    00000002     dss_mrr_pe674.oe674 (.const:ti_sysbios_knl_Clock_Module__loggerDefined__C)
                  0081ddda    00000002     dss_mrr_pe674.oe674 (.const:ti_sysbios_knl_Semaphore_Module__id__C)
                  0081dddc    00000002     dss_mrr_pe674.oe674 (.const:ti_sysbios_knl_Semaphore_Module__loggerDefined__C)
                  0081ddde    00000002     dss_mrr_pe674.oe674 (.const:ti_sysbios_knl_Task_Module__id__C)
                  0081dde0    00000002     dss_mrr_pe674.oe674 (.const:ti_sysbios_knl_Task_Module__loggerDefined__C)
                  0081dde2    00000002     dss_mrr_pe674.oe674 (.const:ti_sysbios_timers_rti_Timer_Module__id__C)
                  0081dde4    00000002     dss_mrr_pe674.oe674 (.const:ti_sysbios_timers_rti_Timer_continueOnSuspend__C)
                  0081dde6    00000002     dss_mrr_pe674.oe674 (.const:ti_sysbios_utils_Load_Module__id__C)
                  0081dde8    00000002     dss_mrr_pe674.oe674 (.const:ti_sysbios_utils_Load_Module__loggerDefined__C)
                  0081ddea    00000002     dss_mrr_pe674.oe674 (.const:ti_sysbios_utils_Load_autoAddTasks__C)
                  0081ddec    00000002     dss_mrr_pe674.oe674 (.const:ti_sysbios_utils_Load_updateInIdle__C)
                  0081ddee    00000002     dss_mrr_pe674.oe674 (.const:xdc_runtime_Core_Module__id__C)
                  0081ddf0    00000002     dss_mrr_pe674.oe674 (.const:xdc_runtime_Error_Module__loggerDefined__C)
                  0081ddf2    00000002     dss_mrr_pe674.oe674 (.const:xdc_runtime_Error_maxDepth__C)
                  0081ddf4    00000002     dss_mrr_pe674.oe674 (.const:xdc_runtime_Main_Module__id__C)
                  0081ddf6    00000002     dss_mrr_pe674.oe674 (.const:xdc_runtime_Memory_Module__id__C)
                  0081ddf8    00000002     dss_mrr_pe674.oe674 (.const:xdc_runtime_Text_charCnt__C)
                  0081ddfa    00000002     dss_mrr_pe674.oe674 (.const:xdc_runtime_Text_isLoaded__C)
                  0081ddfc    00000002     dss_mrr_pe674.oe674 (.const:xdc_runtime_Text_registryModsLastId__C)
                  0081ddfe    00000002     dss_mrr_pe674.oe674 (.const:xdc_runtime_Text_unnamedModsLastId__C)
                  0081de00    00000001     dss_mrr_pe674.oe674 (.const:xdc_runtime_Text_charTab__A)

.far       0    0081de08    00000ecc     UNINITIALIZED
                  0081de08    00000568     (.common:gMrrDSSMCB)
                  0081e370    000004d8     (.common:EDMA_object)
                  0081e848    00000320     dss_mrr_pe674.oe674 (.far:taskStackSection)
                  0081eb68    00000140     (.common:__TI_tmpnams)
                  0081eca8    00000010     (.common:edmaDbg)
                  0081ecb8    00000010     (.common:gCycleLog)
                  0081ecc8    00000008     (.common:parmbuf)
                  0081ecd0    00000004     (.common:ti_sysbios_knl_Task_Instance_State_0_hookEnv__A)

.cio       0    0081fe18    00000120     UNINITIALIZED
                  0081fe18    00000120     rts6740_elf.lib : trgmsg.c.obj (.cio)

.l1data    0    00f00000    00004000     UNINITIALIZED
                  00f00000    00004000     dss_data_path.oe674 (.l1data)

.fastCode 
*          0    20000000    00002f20     RUN ADDR = 00e00000
[...]
0081dba0  ti_sysbios_family_c64p_Cache_MAR224_255__C                   
0081dba4  ti_sysbios_family_c64p_Cache_MAR32_63__C                     
0081dba8  ti_sysbios_family_c64p_Cache_MAR64_95__C                     
0081dbac  ti_sysbios_family_c64p_Cache_MAR96_127__C                    
0081dbb0  ti_sysbios_family_c64p_EventCombiner_A_invalidEventId__C     
0081dbb4  ti_sysbios_family_c64p_EventCombiner_EVTRegs__C              
0081dbb8  ti_sysbios_family_c64p_EventCombiner_E_unpluggedEvent__C     
0081dbbc  ti_sysbios_family_c64p_EventCombiner_Module__diagsEnabled__C 
0081dbc0  ti_sysbios_family_c64p_EventCombiner_Module__diagsIncluded__C
0081dbc4  ti_sysbios_family_c64p_EventCombiner_Module__diagsMask__C    
0081dbc8  ti_sysbios_family_c64p_Exception_E_exceptionMax__C           
0081dbcc  ti_sysbios_family_c64p_Exception_exceptionHook__C            
0081dbd0  ti_sysbios_family_c64p_Exception_externalHook__C             
0081dbd4  ti_sysbios_family_c64p_Exception_internalHook__C             
0081dbd8  ti_sysbios_family_c64p_Exception_nmiHook__C                  
0081dbdc  ti_sysbios_family_c64p_Hwi_INTRMUX1Address__C                
0081dbe0  ti_sysbios_family_c64p_Hwi_LD_end__C                         
0081dbe4  ti_sysbios_family_c64p_Hwi_LM_begin__C                       
0081dbe8  ti_sysbios_family_c64p_Hwi_Module__diagsEnabled__C           
0081dbec  ti_sysbios_family_c64p_Hwi_Module__diagsIncluded__C          
0081dbf0  ti_sysbios_family_c64p_Hwi_Module__diagsMask__C              
0081dbf4  ti_sysbios_family_c64p_Hwi_Module__loggerFxn1__C             
0081dbf8  ti_sysbios_family_c64p_Hwi_Module__loggerFxn8__C             
0081dbfc  ti_sysbios_family_c64p_Hwi_Module__loggerObj__C              
0081dc00  ti_sysbios_gates_GateMutex_A_badContext__C                   
0081dc04  ti_sysbios_gates_GateMutex_Instance_State_sem__O             
0081dc08  ti_sysbios_gates_GateMutex_Module__diagsEnabled__C           
0081dc0c  ti_sysbios_gates_GateMutex_Module__diagsIncluded__C          
0081dc10  ti_sysbios_gates_GateMutex_Module__diagsMask__C              
0081dc14  ti_sysbios_hal_Hwi_E_stackOverflow__C                        
0081dc18  ti_sysbios_heaps_HeapMem_A_align__C                          
0081dc1c  ti_sysbios_heaps_HeapMem_A_heapSize__C                       
0081dc20  ti_sysbios_heaps_HeapMem_A_invalidFree__C                    
0081dc24  ti_sysbios_heaps_HeapMem_A_zeroBlock__C                      
0081dc28  ti_sysbios_heaps_HeapMem_E_memory__C                         
0081dc2c  ti_sysbios_heaps_HeapMem_Module__diagsEnabled__C             
0081dc30  ti_sysbios_heaps_HeapMem_Module__diagsIncluded__C            
0081dc34  ti_sysbios_heaps_HeapMem_Module__diagsMask__C                
0081dc38  ti_sysbios_heaps_HeapMem_Module__gateObj__C                  
0081dc3c  ti_sysbios_heaps_HeapMem_Object__count__C                    
0081dc40  ti_sysbios_heaps_HeapMem_reqAlign__C                         
0081dc44  ti_sysbios_knl_Clock_LM_begin__C                             
0081dc48  ti_sysbios_knl_Clock_LM_tick__C                              
0081dc4c  ti_sysbios_knl_Clock_LW_delayed__C                           
0081dc50  ti_sysbios_knl_Clock_Module_State_clockQ__O                  
0081dc54  ti_sysbios_knl_Clock_Module__diagsEnabled__C                 
0081dc58  ti_sysbios_knl_Clock_Module__diagsIncluded__C                
0081dc5c  ti_sysbios_knl_Clock_Module__diagsMask__C                    
0081dc60  ti_sysbios_knl_Clock_Module__loggerFxn1__C                   
0081dc64  ti_sysbios_knl_Clock_Module__loggerFxn2__C                   
0081dc68  ti_sysbios_knl_Clock_Module__loggerObj__C                    
0081dc6c  ti_sysbios_knl_Semaphore_A_badContext__C                     
0081dc70  ti_sysbios_knl_Semaphore_A_noEvents__C                       
0081dc74  ti_sysbios_knl_Semaphore_A_overflow__C                       
0081dc78  ti_sysbios_knl_Semaphore_A_pendTaskDisabled__C               
0081dc7c  ti_sysbios_knl_Semaphore_Instance_State_pendQ__O             
0081dc80  ti_sysbios_knl_Semaphore_LM_pend__C                          
0081dc84  ti_sysbios_knl_Semaphore_LM_post__C                          
0081dc88  ti_sysbios_knl_Semaphore_Module__diagsEnabled__C             
0081dc8c  ti_sysbios_knl_Semaphore_Module__diagsIncluded__C            
0081dc90  ti_sysbios_knl_Semaphore_Module__diagsMask__C                
0081dc94  ti_sysbios_knl_Semaphore_Module__loggerFxn2__C               
0081dc98  ti_sysbios_knl_Semaphore_Module__loggerFxn4__C               
0081dc9c  ti_sysbios_knl_Semaphore_Module__loggerObj__C                
0081dca0  ti_sysbios_knl_Task_A_badPriority__C                         
0081dca4  ti_sysbios_knl_Task_A_badTaskState__C                        
0081dca8  ti_sysbios_knl_Task_A_badThreadType__C                       
0081dcac  ti_sysbios_knl_Task_A_noPendElem__C                          
0081dcb0  ti_sysbios_knl_Task_E_spOutOfBounds__C                       
0081dcb4  ti_sysbios_knl_Task_E_stackOverflow__C                       
0081dcb8  ti_sysbios_knl_Task_LD_block__C                              
0081dcbc  ti_sysbios_knl_Task_LD_exit__C                               
0081dcc0  ti_sysbios_knl_Task_LD_ready__C                              
0081dcc4  ti_sysbios_knl_Task_LM_switch__C                             
0081dcc8  ti_sysbios_knl_Task_Module_State_inactiveQ__O                
0081dccc  ti_sysbios_knl_Task_Module__diagsEnabled__C                  
0081dcd0  ti_sysbios_knl_Task_Module__diagsIncluded__C                 
0081dcd4  ti_sysbios_knl_Task_Module__diagsMask__C                     
0081dcd8  ti_sysbios_knl_Task_Module__loggerFxn2__C                    
0081dcdc  ti_sysbios_knl_Task_Module__loggerFxn4__C                    
0081dce0  ti_sysbios_knl_Task_Module__loggerObj__C                     
0081dce4  ti_sysbios_knl_Task_Object__count__C                         
0081dce8  ti_sysbios_knl_Task_Object__heap__C                          
0081dcec  ti_sysbios_knl_Task_allBlockedFunc__C                        
0081dcf0  ti_sysbios_knl_Task_defaultStackHeap__C                      
0081dcf4  ti_sysbios_knl_Task_defaultStackSize__C                      
0081dcf8  ti_sysbios_knl_Task_numConstructedTasks__C                   
0081dcfc  ti_sysbios_timers_rti_Timer_E_cannotSupport__C               
0081dd00  ti_sysbios_timers_rti_Timer_Module__diagsEnabled__C          
0081dd04  ti_sysbios_timers_rti_Timer_Module__diagsIncluded__C         
0081dd08  ti_sysbios_timers_rti_Timer_Module__diagsMask__C             
0081dd0c  ti_sysbios_timers_rti_Timer_numTimerDevices__C               
0081dd10  ti_sysbios_timers_rti_Timer_startupNeeded__C                 
0081dd14  ti_sysbios_utils_Load_LS_cpuLoad__C                          
0081dd18  ti_sysbios_utils_Load_LS_taskLoad__C                         
0081dd1c  ti_sysbios_utils_Load_Module_State_taskList__O               
0081dd20  ti_sysbios_utils_Load_Module__diagsEnabled__C                
0081dd24  ti_sysbios_utils_Load_Module__diagsIncluded__C               
0081dd28  ti_sysbios_utils_Load_Module__diagsMask__C                   
0081dd2c  ti_sysbios_utils_Load_Module__loggerFxn1__C                  
0081dd30  ti_sysbios_utils_Load_Module__loggerFxn4__C                  
0081dd34  ti_sysbios_utils_Load_Module__loggerObj__C                   
0081dd38  ti_sysbios_utils_Load_postUpdate__C                          
0081dd3c  ti_sysbios_utils_Load_windowInMs__C                          
0081dd40  xdc_runtime_Assert_E_assertFailed__C                         
0081dd44  xdc_runtime_Core_A_initializedParams__C                      
0081dd48  xdc_runtime_Core_Module__diagsEnabled__C                     
0081dd4c  xdc_runtime_Core_Module__diagsIncluded__C                    
0081dd50  xdc_runtime_Core_Module__diagsMask__C                        
0081dd54  xdc_runtime_Error_E_memory__C                                
0081dd58  xdc_runtime_Error_Module__diagsEnabled__C                    
0081dd5c  xdc_runtime_Error_Module__diagsIncluded__C                   
0081dd60  xdc_runtime_Error_Module__diagsMask__C                       
0081dd64  xdc_runtime_Error_Module__loggerFxn8__C                      
0081dd68  xdc_runtime_Error_Module__loggerObj__C                       
0081dd6c  xdc_runtime_Error_policyFxn__C                               
0081dd70  xdc_runtime_Error_policy__C                                  
0081dd74  xdc_runtime_Error_raiseHook__C                               
0081dd78  xdc_runtime_IGateProvider_Interface__BASE__C                 
0081dd7c  xdc_runtime_IHeap_Interface__BASE__C                         
0081dd80  xdc_runtime_IModule_Interface__BASE__C                       
0081dd84  xdc_runtime_Log_L_error__C                                   
0081dd88  xdc_runtime_Memory_defaultHeapInstance__C                    
0081dd8c  xdc_runtime_Startup_execImpl__C                              
0081dd90  xdc_runtime_Startup_maxPasses__C                             
0081dd94  xdc_runtime_Startup_sfxnRts__C                               
0081dd98  xdc_runtime_Startup_sfxnTab__C                               
0081dd9c  xdc_runtime_System_Module__gateObj__C                        
0081dda0  xdc_runtime_System_abortFxn__C                               
0081dda4  xdc_runtime_System_exitFxn__C                                
0081dda8  xdc_runtime_System_extendFxn__C                              
0081ddac  xdc_runtime_System_maxAtexitHandlers__C                      
0081ddb0  xdc_runtime_Text_charTab__C                                  
0081ddb4  xdc_runtime_Text_nameEmpty__C                                
0081ddb8  xdc_runtime_Text_nameStatic__C                               
0081ddbc  xdc_runtime_Text_nameUnknown__C                              
0081ddc0  xdc_runtime_Text_visitRopeFxn__C                             
0081ddc4  ti_sysbios_family_c64p_Cache_Module__id__C                   
0081ddc6  ti_sysbios_family_c64p_EventCombiner_Module__id__C           
0081ddc8  ti_sysbios_family_c64p_Exception_Module__id__C               
0081ddca  ti_sysbios_family_c64p_Exception_useInternalBuffer__C        
0081ddcc  ti_sysbios_family_c64p_Hwi_Module__id__C                     
0081ddce  ti_sysbios_family_c64p_Hwi_Module__loggerDefined__C          
0081ddd0  ti_sysbios_gates_GateMutex_Module__id__C                     
0081ddd2  ti_sysbios_hal_Hwi_Module__id__C                             
0081ddd4  ti_sysbios_heaps_HeapMem_Module__id__C                       
0081ddd6  ti_sysbios_knl_Clock_Module__id__C                           
0081ddd8  ti_sysbios_knl_Clock_Module__loggerDefined__C                
0081ddda  ti_sysbios_knl_Semaphore_Module__id__C                       
0081dddc  ti_sysbios_knl_Semaphore_Module__loggerDefined__C            
0081ddde  ti_sysbios_knl_Task_Module__id__C                            
0081dde0  ti_sysbios_knl_Task_Module__loggerDefined__C                 
0081dde2  ti_sysbios_timers_rti_Timer_Module__id__C                    
0081dde4  ti_sysbios_timers_rti_Timer_continueOnSuspend__C             
0081dde6  ti_sysbios_utils_Load_Module__id__C                          
0081dde8  ti_sysbios_utils_Load_Module__loggerDefined__C               
0081ddea  ti_sysbios_utils_Load_autoAddTasks__C                        
0081ddec  ti_sysbios_utils_Load_updateInIdle__C                        
0081ddee  xdc_runtime_Core_Module__id__C                               
0081ddf0  xdc_runtime_Error_Module__loggerDefined__C                   
0081ddf2  xdc_runtime_Error_maxDepth__C                                
0081ddf4  xdc_runtime_Main_Module__id__C                               
0081ddf6  xdc_runtime_Memory_Module__id__C                             
0081ddf8  xdc_runtime_Text_charCnt__C                                  
0081ddfa  xdc_runtime_Text_isLoaded__C                                 
0081ddfc  xdc_runtime_Text_registryModsLastId__C                       
0081ddfe  xdc_runtime_Text_unnamedModsLastId__C                        
0081de00  xdc_runtime_Text_charTab__A                                  
0081de08  gMrrDSSMCB                                                   
0081e848  ti_sysbios_knl_Task_Instance_State_0_stack__A                
0081eb68  __TI_tmpnams                                                 
0081eca8  edmaDbg                                                      
0081ecb8  gCycleLog                                                    
0081ecc8  parmbuf                                                      
0081ecd0  ti_sysbios_knl_Task_Instance_State_0_hookEnv__A              
0081ecd8  ti_sysbios_family_c64p_EventCombiner_Module__state__V        
0081f0d8  _ftable                                                      
0081f2b8  _stream                                                      
0081f358  ti_sysbios_utils_Load_Module__state__V                       
0081f3f0  ti_sysbios_knl_Task_Module_State_0_readyQ__A                 
0081f470  _device                                                      
0081f4e8  ti_sysbios_family_c64p_Hwi_Object__table__V                  
0081f560  ti_sysbios_family_c64p_Hwi_Module__state__V                  
0081f5cc  _lock                                                        
0081f5d0  ti_sysbios_knl_Task_Object__table__V                         
0081f62c  gMailboxMCB                                                  
0081f67c  ti_sysbios_knl_Task_Module__state__V                         
0081f6c4  _unlock                                                      
0081f748  SOC_TranslateAddr_LUT                                        
0081f788  ti_sysbios_gates_GateMutex_Object__table__V                  
0081f7c8  ti_sysbios_timers_rti_Timer_Object__table__V                 
0081f804  gMailboxDssMssHwCfg                                          
0081f81c  gMailboxDssBssHwCfg                                          
0081f834  ti_sysbios_family_c64p_Exception_Module__state__V            
0081f864  ti_sysbios_knl_Clock_Module__state__V                        
0081f890  ti_sysbios_BIOS_Module__state__V                             
0081f8b4  xdc_runtime_Error_IgnoreBlock                                
0081f8d4  __TI_ft_end                                                  
0081f8d8  ti_sysbios_utils_Load_Module_State_0_taskEnv__A              
0081f8f4  __errno                                                      
0081f8f4  errno                                                        
0081f8f8  ADCBuf_config                                                
0081f910  gSOCHwAttrib                                                 
0081f928  ti_sysbios_heaps_HeapMem_Object__table__V                    
0081f940  ti_sysbios_timers_rti_Timer_Module_State_0_device__A         
0081f958  ti_sysbios_timers_rti_Timer_Module_State_0_intFreqs__A       
0081f968  ti_sysbios_timers_rti_Timer_Module__state__V                 
0081f978  __TI_cleanup_ptr                                             
0081f97c  __TI_dtors_ptr                                               
0081f980  __TI_enable_exit_profile_output                              
0081f984  ti_sysbios_gates_GateHwi_Module__root__V                     
0081f98c  ti_sysbios_gates_GateMutex_Module__root__V                   
0081f994  ti_sysbios_family_c64p_Cache_Module__state__V                
0081f998  ti_sysbios_hal_Hwi_Object__table__V                          
0081f9a0  ti_sysbios_heaps_HeapMem_Module__root__V                     
0081f9a8  ti_sysbios_knl_Queue_Module__root__V                         
0081f9b0  ti_sysbios_knl_Semaphore_Module__root__V                     
0081f9b8  ti_sysbios_knl_Task_Module__root__V                          
0081f9c0  ti_sysbios_timers_rti_Timer_Module_State_0_handles__A        
0081f9c8  xdc_runtime_Registry_Module__state__V                        
0081f9d0  xdc_runtime_Startup_Module__state__V                         
0081f9d8  xdc_runtime_System_Module__state__V                          
0081f9e0  ti_sysbios_gates_GateHwi_Object__table__V                    
0081f9e4  xdc_runtime_Memory_Module__state__V                          
0081f9e8  ti_sysbios_knl_Task_Module_State_0_idleTask__A               
0081f9ec  xdc_runtime_Error_Module__state__V                           
0081f9f0  ti_sysbios_utils_Load_Module_State_0_runningTask__A          
0081f9f8  ti_sysbios_utils_Load_Module_State_0_taskStartTime__A        
0081fa00  _stack                                                       
0081fe18  __CIOBUF_                                                    
0081fe18  __TI_STACK_END                                               
00e00000  DSP_fft32x32                                                 
00e00380  DSP_fft16x16                                                 
00e00680  mmwavelib_log2Abs32                                          
00e00880  mmwavelib_dftSingleBinWithWindow                             
00e00a20  mmwavelib_windowing16x16                                     
00e00b80  mmwavelib_windowing16x32                                     
00e00c20  mmwavelib_accum16                                            
00e00c80  atan2sp                                                      
00e00e40  exp2sp                                                       
00e00fc0  sqrtsp                                                       
00e01060  rsqrtsp                                                      
00e010e0  divsp                                                        
00e01140  recipsp                                                      
00e011e0  secondDimFFTandLog2Computation                               
00e01600  MmwDemo_processChirp                                         
00e019a0  MmwDemo_interChirpProcessing                                 
00e01c60  MmwDemo_XYestimation                                         
00e02060  cfarCa_SO_dBwrap_withSNR                                     
00e025c0  cfarCadB_SO_withSNR                                          
00e029e0  rangeBasedPruning                                            
00e02b80  MmwDemo_waitEndOfChirps                                      
00e02be0  clusteringDBscan_findNeighbors2Fixed                         
00e02d40  isTargetWithinDataAssociationThresh                          
00f00000  gMmwL1                                                       
20000000  _L3data_start                                                
20000000  gMmwL3                                                       
20002f20  SOC_init                                                     
20003040  main                                                         
200032c0  MmwDemo_populateMRR                                          
20003740  MmwDemo_populateUSRR                                         
20003b60  MmwDemo_dataPathInitEdma                                     
21080000  gHSRAM                                                       
ffffffff  __TI_pprof_out_hndl                                          
ffffffff  __TI_prof_data_size                                          
ffffffff  __TI_prof_data_start                                         
ffffffff  __binit__                                                    
ffffffff  __c_args__                                                   
ffffffff  binit                                                        
UNDEFED   __TI_CINIT_Base                                              
UNDEFED   __TI_CINIT_Limit                                             
UNDEFED   __TI_Handler_Table_Base                                      
UNDEFED   __TI_Handler_Table_Limit                                     
UNDEFED   __TI_INITARRAY_Base                                          
UNDEFED   __TI_INITARRAY_Limit                                         
UNDEFED   __TI_TLS_INIT_Base                                           
UNDEFED   __TI_TLS_INIT_Limit                                          

[821 symbols]
