******************************************************************************
                  TI ARM Linker PC v16.9.6                     
******************************************************************************
>> Linked Sun Jul 05 13:34:52 2020

OUTPUT FILE NAME:   <mrr_18xx_mss.xer4f>
ENTRY POINT SYMBOL: "_c_int00"  address: 0000f6ac


MEMORY CONFIGURATION

         name            origin    length      used     unused   attr    fill
----------------------  --------  ---------  --------  --------  ----  --------
  VECTORS               00000000   00000100  0000003c  000000c4     X
  PROG_RAM              00000100   0007ff00  00016446  00069aba  R  X
  DATA_RAM              08000000   00030000  0000c5a4  00023a5c  RW  
  HWA_RAM               52030000   00010000  00000000  00010000  RW  
  HS_RAM                52080000   00008000  00000000  00008000  RW  


SEGMENT ALLOCATION MAP

run origin  load origin   length   init length attrs members
----------  ----------- ---------- ----------- ----- -------
00000000    00000000    0000003c   0000003c    r--
  00000000    00000000    0000003c   0000003c    r-- .vecs
00000100    00000100    00016450   00016450    r-x
  00000100    00000100    000138e4   000138e4    r-x .text
  000139e8    000139e8    000027fa   000027fa    r-- .const
  000161e8    000161e8    00000368   00000368    r-- .cinit
08000000    08000000    0000ae78   00000000    rw-
  08000000    08000000    00008000   00000000    rw- systemHeap
  08008000    08008000    00001e78   00000000    rw- .bss
  08009e78    08009e78    00001000   00000000    rw- .stack
0800ae80    0800ae80    00001730   00000000    rw-
  0800ae80    0800ae80    00000f2c   00000000    rw- .data
  0800bdb0    0800bdb0    00000800   00000000    rw- .myFiqStack


SECTION ALLOCATION MAP

 output                                  attributes/
section   page    origin      length       input sections
--------  ----  ----------  ----------   ----------------
.text      0    00000100    000138e4     
                  00000100    0000107a     rtsv7R4_T_le_v3D16_eabi.lib : _printfi.obj (.text)
                  0000117a    00000006     libosal_xwr18xx.aer4f : HwiP_tirtos.oer4f (.text:HwiP_restore)
                  00001180    00000750     sysbios.aer4f : BIOS.obj (.text:xdc_runtime_System_doPrint__I)
                  000018d0    00000684     rtsv7R4_T_le_v3D16_eabi.lib : e_pow.obj (.text)
                  00001f54    0000000c     libcanfd_xwr18xx.aer4f : mcan.oer4f (.text:MCAN_clearIntrStatus)
                  00001f60    000004fc     sysbios.aer4f : BIOS.obj (.text:ti_sysbios_knl_Semaphore_pend__E)
                  0000245c    000004f0     mss_main.obj (.text:MmwDemo_mboxReadTask)
                  0000294c    00000474     mss_main.obj (.text:MRR_MSS_initTask)
                  00002dc0    000003f0     sysbios.aer4f : BIOS.obj (.text:ti_sysbios_heaps_HeapMem_freeUnprotected__E)
                  000031b0    00000388                   : BIOS.obj (.text:ti_sysbios_knl_Task_Instance_finalize__E)
                  00003538    00000008     libosal_xwr18xx.aer4f : HwiP_tirtos.oer4f (.text:HwiP_disable)
                  00003540    00000354     sysbios.aer4f : BIOS.obj (.text:ti_sysbios_heaps_HeapMem_allocUnprotected__E)
                  00003894    0000000c     libcanfd_xwr18xx.aer4f : mcan.oer4f (.text:MCAN_getIntrStatus)
                  000038a0    0000030c     sysbios.aer4f : BIOS.obj (.text:ti_sysbios_knl_Task_sleep__E)
                  00003bac    00000300     libsoc_xwr18xx.aer4f : soc_xwr18xx_mss.oer4f (.text:SOC_deviceInit)
                  00003eac    00000004     libosal_xwr18xx.aer4f : HwiP_tirtos.oer4f (.text:HwiP_disableInterrupt)
                  00003eb0    000002fc     sysbios.aer4f : BIOS.obj (.text:ti_sysbios_family_arm_exc_Exception_excDumpContext__I)
                  000041ac    00000004     libosal_xwr18xx.aer4f : HwiP_tirtos.oer4f (.text:HwiP_enableInterrupt)
                  000041b0    000002d4     sysbios.aer4f : BIOS.obj (.text:ti_sysbios_family_arm_v7r_vim_Hwi_dispatchIRQC__I)
                  00004484    0000000c     libcanfd_xwr18xx.aer4f : mcan.oer4f (.text:MCAN_getTxBufReqPend)
                  00004490    000002cc     sysbios.aer4f : BIOS.obj (.text:ti_sysbios_knl_Task_Instance_init__E)
                  0000475c    000002b8     rtsv7R4_T_le_v3D16_eabi.lib : ull_div32.obj (.text)
                  00004a14    000002b0     mss_main.obj (.text:Test_SPITask)
                  00004cc4    0000000c     libcanfd_xwr18xx.aer4f : mcan.oer4f (.text:MCAN_getTxBufTransmissionStatus)
                  00004cd0    0000029c     sysbios.aer4f : BIOS.obj (.text:ti_sysbios_family_arm_exc_Exception_excHandler__I)
                  00004f6c    00000284     libmmwave_xwr18xx.aer4f : mmwave_dualcore.oer4f (.text:MMWave_deviceExecuteFxn)
                  000051f0    00000274     mss_main.obj (.text:Can_Initialize)
                  00005464    0000000c     libcanfd_xwr18xx.aer4f : mcan.oer4f (.text:MCAN_txBufCancellationStatus)
                  00005470    00000264     sysbios.aer4f : BIOS.obj (.text:xdc_runtime_Error_policyDefault__E)
                  000056d4    00000260     libmailbox_xwr18xx.aer4f : mailbox.oer4f (.text:Mailbox_open)
                  00005934    0000000c     libmmwave_xwr18xx.aer4f : mmwave_dualcore.oer4f (.text:MMWave_deviceMailboxCallbackFxn)
                  00005940    00000260     sysbios.aer4f : BIOS.obj (.text:ti_sysbios_knl_Semaphore_post__E)
                  00005ba0    00000260                   : BIOS.obj (.text:ti_sysbios_knl_Task_Module_startup__E)
                  00005e00    00000254                   : BIOS.obj (.text:ti_sysbios_knl_Event_post__E)
                  00006054    00000250     mss_mrr_cli.obj (.text:MRR_MSS_CLIAdvancedFrameCfg)
                  000062a4    0000000c     libmmwave_xwr18xx.aer4f : mmwave_osal.oer4f (.text:MMWave_osalMutexUnlock)
                  000062b0    00000238     sysbios.aer4f : BIOS.obj (.text:ti_sysbios_timers_rti_Timer_Module_startup__E)
                  000064e8    00000220     libcanfd_xwr18xx.aer4f : canfd.oer4f (.text:CANFD_init)
                  00006708    00000214     libuart_xwr18xx.aer4f : uartsci.oer4f (.text:UartSci_open)
                  0000691c    00000200     libcrc_xwr18xx.aer4f : crc.oer4f (.text:CRC_open)
                  00006b1c    00000004     libmmwave_xwr18xx.aer4f : mmwave_link.oer4f (.text:MMWave_disableDevice)
                  00006b20    000001f8     sysbios.aer4f : BIOS.obj (.text:ti_sysbios_family_arm_v7r_vim_Hwi_reconfig__E)
                  00006d18    00000008     libmmwave_xwr18xx.aer4f : mmwave.oer4f (.text:MMWave_decodeErrorLevel)
                  00006d20    000001f8     sysbios.aer4f : BIOS.obj (.text:ti_sysbios_heaps_HeapMem_Instance_init__E)
                  00006f18    000001f0     libDMA_xwr18xx.aer4f : dma.oer4f (.text:DMA_setChannelParams)
                  00007108    00000008     libmmwave_xwr18xx.aer4f : mmwave_link.oer4f (.text:MMWave_mboxCallbackFxn)
                  00007110    000001ec     sysbios.aer4f : BIOS.obj (.text:xdc_runtime_Core_createObject__I)
                  000072fc    000001d8     mss_mrr_cli.obj (.text:MRR_MSS_CLIBasicCfg)
                  000074d4    0000000c     libmmwave_xwr18xx.aer4f : mmwave_osal.oer4f (.text:MMWave_osalSemSignal)
                  000074e0    000001d4     sysbios.aer4f : BIOS.obj (.text:ti_sysbios_knl_Clock_workFunc__E)
                  000076b4    000001c8     rtsv7R4_T_le_v3D16_eabi.lib : fopen.obj (.text)
                  0000787c    000001a8                                 : s_atan.obj (.text)
                  00007a24    000001a4     libcanfd_xwr18xx.aer4f : canfd.oer4f (.text:CANFD_MCANInt0Isr)
                  00007bc8    00000008     libosal_xwr18xx.aer4f : SemaphoreP_tirtos.oer4f (.text:SemaphoreP_Params_init)
                  00007bd0    000001a0     sysbios.aer4f : BIOS.obj (.text:ti_sysbios_knl_Swi_run__I)
                  00007d70    00000190                   : BIOS.obj (.text:ti_sysbios_family_arm_v7r_vim_Hwi_Instance_init__E)
                  00007f00    00000190                   : BIOS.obj (.text:xdc_runtime_Core_constructObject__I)
                  00008090    00000188     mss_mrr_per4f.oer4f (.text:xdc_runtime_System_printfExtend__I)
                  00008218    00000184     libmmwavelink_xwr18xx.aer4f : rl_driver.oer4f (.text:rlDriverCmdInvoke)
                  0000839c    00000004     libmmwave_xwr18xx.aer4f : mmwave_link.oer4f (.text:MMWave_enableDevice)
                  000083a0    00000184     sysbios.aer4f : BIOS.obj (.text:xdc_runtime_Startup_startMods__I)
                  00008524    00000180     libmmwavelink_xwr18xx.aer4f : rl_driver.oer4f (.text:rlDriverRxHdrRead)
                  000086a4    0000017c     libcanfd_xwr18xx.aer4f : canfd.oer4f (.text:CANFD_createMsgObject)
                  00008820    00000178     mss_mrr_cli.obj (.text:MRR_MSS_CLIInit)
                  00008998    00000008     libmmwavelink_xwr18xx.aer4f : rl_driver.oer4f (.text:rlDriverConstructOutMsg)
                  000089a0    00000174     sysbios.aer4f : BIOS.obj (.text:ti_sysbios_family_arm_v7r_vim_Hwi_Module_startup__E)
                  00008b14    0000000c     mss_main.obj (.text:MmwDemo_mboxCallback)
                  00008b20    00000174     sysbios.aer4f : BIOS.obj (.text:ti_sysbios_heaps_HeapBuf_Module_startup__E)
                  00008c94    0000000c     libuart_xwr18xx.aer4f : UART.oer4f (.text:UART_Params_init)
                  00008ca0    00000174     sysbios.aer4f : BIOS.obj (.text:ti_sysbios_timers_rti_Timer_getFreq__E)
                  00008e14    00000170     libgpio_xwr18xx.aer4f : gpio.oer4f (.text:GPIO_setConfig)
                  00008f84    0000015c     libcanfd_xwr18xx.aer4f : mcan.oer4f (.text:MCAN_msgRAMConfig)
                  000090e0    00000154     sysbios.aer4f : BIOS.obj (.text:ti_sysbios_knl_Task_exit__E)
                  00009234    0000014c     libmmwave_xwr18xx.aer4f : mmwave_link.oer4f (.text:MMWave_initMMWaveLink)
                  00009380    0000014a     libuart_xwr18xx.aer4f : uartsci.oer4f (.text:UartSci_ISR)
                  000094ca    00000002     libmmwave_xwr18xx.aer4f : mmwave_link.oer4f (.text:MMWave_maskHostIRQ)
                  000094cc    00000148                             : mmwave_link.oer4f (.text:MMWave_openLink)
                  00009614    0000000c     libuart_xwr18xx.aer4f : uartsci_dma.oer4f (.text:UartSci_isDMAEnabled)
                  00009620    00000148     sysbios.aer4f : BIOS.obj (.text:ti_sysbios_knl_Task_checkStacks__E)
                  00009768    00000008     libmmwavelink_xwr18xx.aer4f : rl_driver.oer4f (.text:rlDriverGetHandle)
                  00009770    00000138     sysbios.aer4f : BIOS.obj (.text:ti_sysbios_knl_Task_schedule__I)
                  000098a8    00000008     mss_mrr_per4f.oer4f (.text:ti_sysbios_family_arm_TaskSupport_Module__startupDone__S)
                  000098b0    00000130     sysbios.aer4f : BIOS.obj (.text:ti_sysbios_knl_Task_startCore__E)
                  000099e0    00000128     libmmwavelink_xwr18xx.aer4f : rl_driver.oer4f (.text:rlDriverMsgRead)
                  00009b08    00000006                                 : rl_controller.oer4f (.text:rlGetSubBlockId)
                  00009b0e    00000002     mss_main.obj (.text:MRR_MSS_closeFxn)
                  00009b10    00000124     sysbios.aer4f : BIOS.obj (.text:ti_sysbios_gates_GateMutex_enter__E)
                  00009c34    0000000c     rtsv7R4_T_le_v3D16_eabi.lib : copy_zero_init.obj (.text:decompress:ZI)
                  00009c40    00000120     sysbios.aer4f : BIOS.obj (.text:ti_sysbios_knl_Swi_post__E)
                  00009d60    0000011c     libcanfd_xwr18xx.aer4f : canfd.oer4f (.text:CANFD_transmitData)
                  00009e7c    00000004     libmmwave_xwr18xx.aer4f : mmwave_listlib.oer4f (.text:MMWave_listGetHead)
                  00009e80    0000011c     sysbios.aer4f : BIOS.obj (.text:ti_sysbios_timers_rti_Timer_startup__E)
                  00009f9c    00000118     mss_mrr_cli.obj (.text:MRR_MSS_CLISensorStart)
                  0000a0b4    00000114     libsoc_xwr18xx.aer4f : soc_xwr18xx_mss.oer4f (.text:SOC_setPeripheralClock)
                  0000a1c8    00000114     libmmwavelink_xwr18xx.aer4f : rl_driver.oer4f (.text:rlDriverCmdSendRetry)
                  0000a2dc    0000010c     libmmwave_xwr18xx.aer4f : mmwave_dualcore.oer4f (.text:MMWave_deviceInitFxn)
                  0000a3e8    00000108     libmailbox_xwr18xx.aer4f : mailbox.oer4f (.text:Mailbox_write)
                  0000a4f0    00000108     sysbios.aer4f : BIOS.obj (.text:ti_sysbios_knl_Semaphore_Instance_init__E)
                  0000a5f8    00000006     libmmwavelink_xwr18xx.aer4f : rl_controller.oer4f (.text:rlGetSubBlockLen)
                  0000a5fe    00000002     mss_main.obj (.text:MRR_MSS_openFxn)
                  0000a600    00000106     sysbios.aer4f : BIOS.obj (.text:xdc_runtime_Text_putSite__E)
                  0000a706    00000002     libuart_xwr18xx.aer4f : uartsci.oer4f (.text:UartSci_init)
                  0000a708    00000104     libmmwave_xwr18xx.aer4f : mmwave_link.oer4f (.text:MMWave_startLink)
                  0000a80c    00000004                             : mmwave_link.oer4f (.text:MMWave_mboxClose)
                  0000a810    00000100     sysbios.aer4f : BIOS.obj (.text:xdc_runtime_Text_putMod__E)
                  0000a910    000000fc     libcrc_xwr18xx.aer4f : crc.oer4f (.text:CRC_computeSignature)
                  0000aa0c    000000fc     libDMA_xwr18xx.aer4f : dma.oer4f (.text:DMA_disableInterrupt)
                  0000ab08    000000fc     mss_main.obj (.text:MCANAppCallback)
                  0000ac04    000000fc     libcanfd_xwr18xx.aer4f : mcan.oer4f (.text:MCAN_init)
                  0000ad00    000000fc     libmmwavelink_xwr18xx.aer4f : rl_driver.oer4f (.text:rlDriverInit)
                  0000adfc    00000004     libmmwave_xwr18xx.aer4f : mmwave_link.oer4f (.text:MMWave_mboxRead)
                  0000ae00    000000fc     sysbios.aer4f : BIOS.obj (.text:ti_sysbios_knl_Task_blockI__E)
                  0000aefc    000000f8     libmmwavelink_xwr18xx.aer4f : rl_driver.oer4f (.text:rlDriverRdVerifyMsg)
                  0000aff4    0000000c                                 : rl_driver.oer4f (.text:rlDriverGetPlatformId)
                  0000b000    000000f8     sysbios.aer4f : BIOS.obj (.text:ti_sysbios_knl_Task_postInit__I)
                  0000b0f8    00000004     libmmwave_xwr18xx.aer4f : mmwave_link.oer4f (.text:MMWave_registerInterruptHandler)
                  0000b0fc    00000004                             : mmwave_link.oer4f (.text:MMWave_unmaskHostIRQ)
                  0000b100    000000f4     sysbios.aer4f : BIOS.obj (.text:ti_sysbios_family_arm_v7r_vim_Hwi_mapChannel__I)
                  0000b1f4    0000000c                   : tms570_Core_asm.obj (.text:ti_sysbios_family_arm_v7r_tms570_Core_getId__E)
                  0000b200    000000f4                   : BIOS.obj (.text:ti_sysbios_knl_Task_unblockI__E)
                  0000b2f4    000000ec     mss_mrr_cli.obj (.text:MRR_MSS_CLISensorStop)
                  0000b3e0    000000ec     auto_init.aer4f : auto_init.oer4f (.text)
                  0000b4cc    000000ec     rtsv7R4_T_le_v3D16_eabi.lib : s_scalbn.obj (.text)
                  0000b5b8    000000e8     libcanfd_xwr18xx.aer4f : mcan.oer4f (.text:MCAN_writeMsgRam)
                  0000b6a0    000000e4     libDMA_xwr18xx.aer4f : dma.oer4f (.text:DMA_clearChannelInterruptFlag)
                  0000b784    000000e4     libmmwave_xwr18xx.aer4f : mmwave_link.oer4f (.text:MMWave_asyncEventHandler)
                  0000b868    000000dc     rtsv7R4_T_le_v3D16_eabi.lib : setvbuf.obj (.text)
                  0000b944    0000000a     libosal_xwr18xx.aer4f : MemoryP_tirtos.oer4f (.text:MemoryP_ctrlFree)
                  0000b94e    00000002     rtsv7R4_T_le_v3D16_eabi.lib : i_div0.obj (.text)
                  0000b950    000000dc     sysbios.aer4f : BIOS.obj (.text:ti_sysbios_family_arm_v7r_vim_Hwi_initIntController__I)
                  0000ba2c    00000004     libmmwave_xwr18xx.aer4f : mmwave_link.oer4f (.text:MMWave_waitIRQStatus)
                  0000ba30    000000dc     sysbios.aer4f : BIOS.obj (.text:xdc_runtime_Memory_alloc__E)
                  0000bb0c    000000d8     libDMA_xwr18xx.aer4f : dma.oer4f (.text:DMA_enableInterrupt)
                  0000bbe4    000000d8     libmmwave_xwr18xx.aer4f : mmwave.oer4f (.text:MMWave_init)
                  0000bcbc    000000d4     libmailbox_xwr18xx.aer4f : mailbox.oer4f (.text:Mailbox_read)
                  0000bd90    000000d0     libsoc_xwr18xx.aer4f : soc_xwr18xx_mss.oer4f (.text:SOC_controlSecureFirewall)
                  0000be60    000000d0     sysbios.aer4f : exc_Exception_asm.obj (.text:ti_sysbios_family_arm_exc_Exception_excHandlerAsm__I)
                  0000bf30    000000cc     libcanfd_xwr18xx.aer4f : mcan.oer4f (.text:MCAN_readMsgRam)
                  0000bffc    000000cc     libmmwavelink_xwr18xx.aer4f : rl_sensor.oer4f (.text:rlRfCalibDataRestore)
                  0000c0c8    000000cc                                 : rl_sensor.oer4f (.text:rlSetChirpConfig)
                  0000c194    000000cc     rtsv7R4_T_le_v3D16_eabi.lib : fflush.obj (.text)
                  0000c260    000000cc     sysbios.aer4f : BIOS.obj (.text:ti_sysbios_timers_rti_Timer_initDevice__I)
                  0000c32c    000000c8     libmmwave_xwr18xx.aer4f : mmwave_fullcfg.oer4f (.text:MMWave_addChirp)
                  0000c3f4    000000c8                             : mmwave_fullcfg.oer4f (.text:MMWave_flushCfg)
                  0000c4bc    000000c4     mss_main.obj (.text:main)
                  0000c580    000000c4     sysbios.aer4f : BIOS.obj (.text:ti_sysbios_family_arm_v7r_vim_Hwi_Instance_finalize__E)
                  0000c644    000000c0     libmmwavelink_xwr18xx.aer4f : rl_driver.oer4f (.text:rlDriverMsgWrite)
                  0000c704    000000c0                                 : rl_sensor.oer4f (.text:rlSetFrameConfig)
                  0000c7c4    000000bc     libgpio_xwr18xx.aer4f : gpio.oer4f (.text:GPIO_write)
                  0000c880    000000bc     libmmwave_xwr18xx.aer4f : mmwave_link.oer4f (.text:MMWave_computeCRC)
                  0000c93c    000000bc     rtsv7R4_T_le_v3D16_eabi.lib : open.obj (.text)
                  0000c9f8    00000004     mss_mrr_per4f.oer4f (.text:ti_sysbios_BIOS_RtsGateProxy_enter__E)
                  0000c9fc    00000004     mss_mrr_per4f.oer4f (.text:ti_sysbios_BIOS_RtsGateProxy_leave__E)
                  0000ca00    000000bc     sysbios.aer4f : BIOS.obj (.text:xdc_runtime_Core_deleteObject__I)
                  0000cabc    000000b6     libsoc_xwr18xx.aer4f : soc_mpu.o (.text)
                  0000cb72    00000002     --HOLE-- [fill = 0]
                  0000cb74    000000b4     mss_main.obj (.text:Can_Transmit_Schedule)
                  0000cc28    00000004     mss_mrr_per4f.oer4f (.text:ti_sysbios_BIOS_nullFunc__I)
                  0000cc2c    00000004     mss_mrr_per4f.oer4f (.text:ti_sysbios_family_arm_v7r_vim_Hwi_delete)
                  0000cc30    000000b4     sysbios.aer4f : BIOS.obj (.text:ti_sysbios_knl_Swi_restoreHwi__E)
                  0000cce4    000000b2     libuart_xwr18xx.aer4f : uartsci_dma.oer4f (.text:UartSci_openDMA)
                  0000cd96    00000002     --HOLE-- [fill = 0]
                  0000cd98    000000b0     libcanfd_xwr18xx.aer4f : mcan.oer4f (.text:MCAN_config)
                  0000ce48    000000b0     libmmwave_xwr18xx.aer4f : mmwave_fullcfg.oer4f (.text:MMWave_addProfile)
                  0000cef8    000000b0     libmmwavelink_xwr18xx.aer4f : rl_sensor.oer4f (.text:rlSetProfileConfig)
                  0000cfa8    000000ae     rtsv7R4_T_le_v3D16_eabi.lib : _io_perm.obj (.text)
                  0000d056    00000002     --HOLE-- [fill = 0]
                  0000d058    000000ac     libesm_xwr18xx.aer4f : esm.oer4f (.text:ESM_processInterrupt)
                  0000d104    000000ac     libcanfd_xwr18xx.aer4f : mcan.oer4f (.text:MCAN_setBitTime)
                  0000d1b0    000000a8                            : canfd.oer4f (.text:CANFD_configBitTime)
                  0000d258    000000a8     libpinmux_xwr18xx.aer4f : pinmux.oer4f (.text:Pinmux_Set_OverrideCtrl)
                  0000d300    000000a8     libmmwavelink_xwr18xx.aer4f : rl_sensor.oer4f (.text:rlSetAdvFrameConfig)
                  0000d3a8    00000004     mss_mrr_per4f.oer4f (.text:ti_sysbios_heaps_HeapMem_Module_GateProxy_enter__E)
                  0000d3ac    00000004     mss_mrr_per4f.oer4f (.text:ti_sysbios_heaps_HeapMem_Module_GateProxy_leave__E)
                  0000d3b0    000000a8     sysbios.aer4f : BIOS.obj (.text:ti_sysbios_knl_Swi_schedule__I)
                  0000d458    00000004     mss_mrr_per4f.oer4f (.text:ti_sysbios_knl_Clock_TimerProxy_getMaxTicks__E)
                  0000d45c    00000004     mss_mrr_per4f.oer4f (.text:ti_sysbios_knl_Semaphore_delete)
                  0000d460    000000a8     sysbios.aer4f : BIOS.obj (.text:xdc_runtime_Error_print__E)
                  0000d508    000000a4     libDMA_xwr18xx.aer4f : dma.oer4f (.text:DMA_assignChannel)
                  0000d5ac    000000a4                          : dma.oer4f (.text:DMA_getChannelInterruptFlag)
                  0000d650    000000a4     libesm_xwr18xx.aer4f : esm.oer4f (.text:ESM_init)
                  0000d6f4    000000a4     libmmwave_xwr18xx.aer4f : mmwave_fullcfg.oer4f (.text:MMWave_addBpmChirp)
                  0000d798    000000a4                             : mmwave.oer4f (.text:MMWave_start)
                  0000d83c    000000a4     libsoc_xwr18xx.aer4f : soc_xwr18xx_mss.oer4f (.text:SOC_unhaltDSS)
                  0000d8e0    000000a0                          : soc.oer4f (.text:SOC_registerSysIntListener)
                  0000d980    000000a0     libmmwavelink_xwr18xx.aer4f : rl_driver.oer4f (.text:rlDriverWaitForResponse)
                  0000da20    000000a0     sysbios.aer4f : BIOS.obj (.text:xdc_runtime_Startup_exec__E)
                  0000dac0    0000009f                   : BIOS.obj (.text:xdc_runtime_Text_putLab__E)
                  0000db5f    00000001     --HOLE-- [fill = 0]
                  0000db60    0000009c     libuart_xwr18xx.aer4f : uartsci.oer4f (.text:UartSci_write)
                  0000dbfc    0000009c     rtsv7R4_T_le_v3D16_eabi.lib : memcpy_t2.obj (.text)
                  0000dc98    00000004     mss_mrr_per4f.oer4f (.text:xdc_runtime_Startup_reset__I)
                  0000dc9c    00000004     mss_mrr_per4f.oer4f (.text:xdc_runtime_System_Module_GateProxy_enter__E)
                  0000dca0    0000009c     sysbios.aer4f : BIOS.obj (.text:ti_sysbios_heaps_HeapMem_alloc__E)
                  0000dd3c    00000004     mss_mrr_per4f.oer4f (.text:xdc_runtime_System_Module_GateProxy_leave__E)
                  0000dd40    0000009c     sysbios.aer4f : BIOS.obj (.text:ti_sysbios_knl_Clock_logTick__E)
                  0000dddc    00000004     --HOLE-- [fill = 0]
                  0000dde0    0000009c                   : BIOS.obj (.text:xdc_runtime_Text_visitRope2__I)
                  0000de7c    00000098     libcanfd_xwr18xx.aer4f : canfd.oer4f (.text:CANFD_configMessageRAM)
                  0000df14    00000098     libsoc_xwr18xx.aer4f : soc_xwr18xx_mss.oer4f (.text:SOC_initPeripheralRam)
                  0000dfac    00000098     rtsv7R4_T_le_v3D16_eabi.lib : fclose.obj (.text)
                  0000e044    00000098                                 : fputc.obj (.text)
                  0000e0dc    00000098     sysbios.aer4f : vim_Hwi_asm_switch.obj (.text)
                  0000e174    0000000a     libosal_xwr18xx.aer4f : SemaphoreP_tirtos.oer4f (.text:SemaphoreP_post)
                  0000e17e    00000002     --HOLE-- [fill = 0]
                  0000e180    00000098     sysbios.aer4f : BIOS.obj (.text:xdc_runtime_Assert_raise__I)
                  0000e218    00000096     libuart_xwr18xx.aer4f : uartsci.oer4f (.text:UartSci_readChar)
                  0000e2ae    00000002     --HOLE-- [fill = 0]
                  0000e2b0    00000094     libmmwavelink_xwr18xx.aer4f : rl_driver.oer4f (.text:rlDriverDeInit)
                  0000e344    00000094                                 : rl_driver.oer4f (.text:rlDriverMsgReadCmdCtx)
                  0000e3d8    00000094     sysbios.aer4f : vim_Hwi_asm.obj (.text:ti_sysbios_family_arm_v7r_vim_Hwi_dispatchIRQ__I)
                  0000e46c    00000093     mss_main.obj (.text:MRR_MSS_eventFxn)
                  0000e4ff    00000001     --HOLE-- [fill = 0]
                  0000e500    00000090     libgpio_xwr18xx.aer4f : gpio.oer4f (.text:GPIO_init)
                  0000e590    00000090     libmailbox_xwr18xx.aer4f : mailbox.oer4f (.text:Mailbox_close)
                  0000e620    00000090     libuart_xwr18xx.aer4f : uartsci_dma.oer4f (.text:UartSci_initiateTxDMA)
                  0000e6b0    00000090                           : uartsci.oer4f (.text:UartSci_read)
                  0000e740    00000090     sysbios.aer4f : BIOS.obj (.text:ti_sysbios_knl_Swi_startup__E)
                  0000e7d0    00000090                   : BIOS.obj (.text:xdc_runtime_Core_assignLabel__I)
                  0000e860    0000008c     libsoc_xwr18xx.aer4f : soc_xwr18xx.oer4f (.text:SOC_translateAddress)
                  0000e8ec    0000008c     libuart_xwr18xx.aer4f : uartsci_dma.oer4f (.text:UartSci_initiateRxDMA)
                  0000e978    0000008c     libmmwavelink_xwr18xx.aer4f : rl_device.oer4f (.text:rlDevicePowerOn)
                  0000ea04    0000008c                                 : rl_driver.oer4f (.text:rlDriverMsgCmdReply)
                  0000ea90    0000008c     sysbios.aer4f : BIOS.obj (.text:ti_sysbios_knl_Swi_runLoop__I)
                  0000eb1c    00000088     cfg.obj (.text:Cfg_ChirpCfgInitParams)
                  0000eba4    00000088     libsoc_xwr18xx.aer4f : soc.oer4f (.text:SOC_init)
                  0000ec2c    00000088     rtsv7R4_T_le_v3D16_eabi.lib : vsnprintf.obj (.text)
                  0000ecb4    00000088     mss_mrr_per4f.oer4f (.text:ti_sysbios_family_arm_v7r_vim_Hwi_create)
                  0000ed3c    00000084     cfg.obj (.text:Cfg_ProfileCfgInitParams)
                  0000edc0    00000084     libmmwave_xwr18xx.aer4f : mmwave_dualcore.oer4f (.text:MMWave_deviceCfgAsyncEvent)
                  0000ee44    00000084                             : mmwave_dualcore.oer4f (.text:MMWave_deviceEventFxn)
                  0000eec8    00000084                             : mmwave.oer4f (.text:MMWave_open)
                  0000ef4c    00000004     --HOLE-- [fill = 0]
                  0000ef50    00000084     sysbios.aer4f : BIOS.obj (.text:ti_sysbios_heaps_HeapMem_getStats__E)
                  0000efd4    00000080     cfg.obj (.text:Cfg_AdvFrameCfgInitParams)
                  0000f054    00000080     libuart_xwr18xx.aer4f : uartsci.oer4f (.text:UartSci_writePolling)
                  0000f0d4    00000080     libmmwavelink_xwr18xx.aer4f : rl_driver.oer4f (.text:rlDriverExecuteGetApi)
                  0000f154    00000080     mss_mrr_per4f.oer4f (.text:ti_sysbios_knl_Task_create)
                  0000f1d4    0000007e     libosal_xwr18xx.aer4f : HwiP_tirtos.oer4f (.text:HwiP_create)
                  0000f252    00000002     --HOLE-- [fill = 0]
                  0000f254    0000007c     libmmwave_xwr18xx.aer4f : mmwave_dualcore.oer4f (.text:MMWave_deviceOpenFxn)
                  0000f2d0    0000007c     libmailbox_xwr18xx.aer4f : mailbox.oer4f (.text:Mailbox_init)
                  0000f34c    0000007c     libuart_xwr18xx.aer4f : uartsci.oer4f (.text:UartSci_readPolling)
                  0000f3c8    0000007c     sysbios.aer4f : arm_TaskSupport_asm.obj (.text:_ti_sysbios_family_arm_TaskSupport_buildTaskStack)
                  0000f444    0000000a     libuart_xwr18xx.aer4f : UART.oer4f (.text:UART_write)
                  0000f44e    00000002     --HOLE-- [fill = 0]
                  0000f450    0000007c     sysbios.aer4f : BIOS.obj (.text:ti_sysbios_family_arm_v7r_vim_Hwi_phantomIntHandler__I)
                  0000f4cc    0000007a     rtsv7R4_T_le_v3D16_eabi.lib : memset_t2.obj (.text)
                  0000f546    00000002     --HOLE-- [fill = 0]
                  0000f548    00000078     libcanfd_xwr18xx.aer4f : canfd.oer4f (.text:CANFD_getData)
                  0000f5c0    00000078     sysbios.aer4f : BIOS.obj (.text:xdc_runtime_System_exit__E)
                  0000f638    00000074     libmmwave_xwr18xx.aer4f : mmwave_dualcore.oer4f (.text:MMWave_deviceStartFxn)
                  0000f6ac    00000074     boot.aer4f : boot.oer4f (.text)
                  0000f720    00000074     libmmwavelink_xwr18xx.aer4f : rl_driver.oer4f (.text:rlDriverAsyncEventHandler)
                  0000f794    00000074                                 : rl_driver.oer4f (.text:rlDriverProcRdMsg)
                  0000f808    00000074     rtsv7R4_T_le_v3D16_eabi.lib : getdevice.obj (.text)
                  0000f87c    00000074                                 : s_frexp.obj (.text)
                  0000f8f0    00000072     libmmwavelink_xwr18xx.aer4f : rl_driver.oer4f (.text:rlDriverClientCbCheck)
                  0000f962    0000000e     libosal_xwr18xx.aer4f : SemaphoreP_tirtos.oer4f (.text:SemaphoreP_delete)
                  0000f970    00000070     sysbios.aer4f : BIOS.obj (.text:ti_sysbios_family_arm_v7r_vim_Hwi_getStackInfo__E)
                  0000f9e0    00000070                   : BIOS.obj (.text:xdc_runtime_Text_xprintf__I)
                  0000fa50    0000006c     libDMA_xwr18xx.aer4f : dma.oer4f (.text:DMA_disableChannel)
                  0000fabc    0000006c     libgpio_xwr18xx.aer4f : gpio.oer4f (.text:GPIO_read)
                  0000fb28    0000006c     libmmwave_xwr18xx.aer4f : mmwave_link.oer4f (.text:MMWave_spawn)
                  0000fb94    0000006c                             : mmwave_link.oer4f (.text:MMWave_stopLink)
                  0000fc00    0000006c     libpinmux_xwr18xx.aer4f : pinmux.oer4f (.text:Pinmux_Set_FuncSel)
                  0000fc6c    0000006c     rtsv7R4_T_le_v3D16_eabi.lib : copy_decompress_lzss.obj (.text:decompress:lzss)
                  0000fcd8    0000006c                                 : trgmsg.obj (.text)
                  0000fd44    0000000a     libuart_xwr18xx.aer4f : UART.oer4f (.text:UART_writePolling)
                  0000fd4e    00000002     --HOLE-- [fill = 0]
                  0000fd50    0000006c     sysbios.aer4f : BIOS.obj (.text:ti_sysbios_heaps_HeapMem_init__I)
                  0000fdbc    00000004     --HOLE-- [fill = 0]
                  0000fdc0    0000006c                   : BIOS.obj (.text:ti_sysbios_knl_Task_allBlockedFunction__I)
                  0000fe2c    00000004     --HOLE-- [fill = 0]
                  0000fe30    0000006c                   : BIOS.obj (.text:xdc_runtime_System_atexit__E)
                  0000fe9c    0000006a     libuart_xwr18xx.aer4f : uartsci.oer4f (.text:UartSci_control)
                  0000ff06    00000068     libcanfd_xwr18xx.aer4f : canfd.oer4f (.text:CANFD_processFIFOElements)
                  0000ff6e    00000002     --HOLE-- [fill = 0]
                  0000ff70    00000068     libDMA_xwr18xx.aer4f : dma.oer4f (.text:DMA_enableChannel)
                  0000ffd8    00000068     libmmwave_xwr18xx.aer4f : mmwave_dualcore.oer4f (.text:MMWave_deviceStopFxn)
                  00010040    00000068     libmailbox_xwr18xx.aer4f : mailbox.oer4f (.text:Mailbox_readFlush)
                  000100a8    00000068     libmmwavelink_xwr18xx.aer4f : rl_driver.oer4f (.text:rlDriverExecuteSetApi)
                  00010110    00000068                                 : rl_driver.oer4f (.text:rlDriverHostIrqHandler)
                  00010178    00000068     rtsv7R4_T_le_v3D16_eabi.lib : hostlseek.obj (.text)
                  000101e0    00000068                                 : hostrename.obj (.text)
                  00010248    00000008     sysbios.aer4f : BIOS.obj (.tramp.ti_sysbios_family_arm_v7r_vim_Hwi_enableInterrupt__E.1)
                  00010250    00000068                   : BIOS.obj (.text:ti_sysbios_family_arm_v7r_tms570_Core_Module_startup__E)
                  000102b8    00000008                   : BIOS.obj (.tramp.ti_sysbios_family_arm_v7r_vim_Hwi_disableInterrupt__E.1)
                  000102c0    00000068                   : BIOS.obj (.text:xdc_runtime_Core_assignParams__I)
                  00010328    00000066     libmmwavelink_xwr18xx.aer4f : rl_device.oer4f (.text:rlDevicePowerOff)
                  0001038e    00000002     --HOLE-- [fill = 0]
                  00010390    00000064     libosal_xwr18xx.aer4f : SemaphoreP_tirtos.oer4f (.text:SemaphoreP_create)
                  000103f4    00000064     rtsv7R4_T_le_v3D16_eabi.lib : fseek.obj (.text)
                  00010458    00000064                                 : sprintf.obj (.text)
                  000104bc    00000064     sysbios.aer4f : exc_Exception_asm.obj (.text:ti_sysbios_family_arm_exc_Exception_initCore0__I)
                  00010520    00000064                   : BIOS.obj (.text:ti_sysbios_hal_Hwi_checkStack)
                  00010584    0000000c     rtsv7R4_T_le_v3D16_eabi.lib : fputc.obj (.tramp.putchar.1)
                  00010590    00000060     sysbios.aer4f : BIOS.obj (.text:ti_sysbios_timers_rti_Timer_stop__E)
                  000105f0    0000005e     libuart_xwr18xx.aer4f : uartsci.oer4f (.text:UartSci_writeChar)
                  0001064e    0000005c     libcanfd_xwr18xx.aer4f : canfd.oer4f (.text:CANFD_MCANInt1Isr)
                  000106aa    00000002     --HOLE-- [fill = 0]
                  000106ac    0000005c     libmmwave_xwr18xx.aer4f : mmwave_link.oer4f (.text:MMWave_mboxOpen)
                  00010708    0000005c                             : mmwave.oer4f (.text:MMWave_stop)
                  00010764    0000005c     mss_main.obj (.text:MRR_MSS_mmWaveCtrlTask)
                  000107c0    0000005c     rtsv7R4_T_le_v3D16_eabi.lib : hostopen.obj (.text)
                  0001081c    0000005c                                 : hostread.obj (.text)
                  00010878    0000005a     libuart_xwr18xx.aer4f : uartsci.oer4f (.text:UartSci_readCancel)
                  000108d2    0000005a     libmmwavelink_xwr18xx.aer4f : rl_driver.oer4f (.text:rlDriverCalChkSum)
                  0001092c    00000058     libesm_xwr18xx.aer4f : esm.oer4f (.text:ESM_highpriority_FIQ)
                  00010984    00000058     libmmwave_xwr18xx.aer4f : mmwave.oer4f (.text:MMWave_execute)
                  000109dc    00000058                             : mmwave_link.oer4f (.text:MMWave_initCRC)
                  00010a34    00000058     libuart_xwr18xx.aer4f : uartsci_dma.oer4f (.text:UartSci_closeDMA)
                  00010a8c    00000058     libmmwavelink_xwr18xx.aer4f : rl_driver.oer4f (.text:rlDriverMsgReadSpawnCtx)
                  00010ae4    00000058     rtsv7R4_T_le_v3D16_eabi.lib : close.obj (.text)
                  00010b3c    00000058                                 : hostwrite.obj (.text)
                  00010b94    00000008     sysbios.aer4f : BIOS.obj (.tramp.xdc_runtime_Memory_free__E.1)
                  00010b9c    00000004     --HOLE-- [fill = 0]
                  00010ba0    00000058                   : BIOS.obj (.text:ti_sysbios_family_arm_TaskSupport_start__E)
                  00010bf8    00000008                   : BIOS.obj (.tramp.ti_sysbios_knl_Semaphore_post__E.1)
                  00010c00    00000058                   : BIOS.obj (.text:ti_sysbios_timers_rti_Timer_setPeriod__E)
                  00010c58    00000056     mss_main.obj (.text:Write_Byte)
                  00010cae    00000056     libmmwavelink_xwr18xx.aer4f : rl_driver.oer4f (.text:rlDriverOsiCbCheck)
                  00010d04    00000054     libcrc_xwr18xx.aer4f : crc.oer4f (.text:CRC_getTransactionId)
                  00010d58    00000054     libDMA_xwr18xx.aer4f : dma.oer4f (.text:DMA_freeChannel)
                  00010dac    00000054     libmmwave_xwr18xx.aer4f : mmwave_link.oer4f (.text:MMWave_initLink)
                  00010e00    00000054     mss_main.obj (.text:MRR_MSS_chirpIntCallback)
                  00010e54    00000054     rtsv7R4_T_le_v3D16_eabi.lib : ltoa.obj (.text)
                  00010ea8    00000008     sysbios.aer4f : BIOS.obj (.tramp.xdc_runtime_Assert_raise__I.1)
                  00010eb0    00000054                   : BIOS.obj (.text:ti_sysbios_hal_Hwi_initStack)
                  00010f04    00000054     mss_mrr_per4f.oer4f (.text:ti_sysbios_knl_Semaphore_create)
                  00010f58    00000054     mss_mrr_per4f.oer4f (.text:ti_sysbios_rts_MemAlloc_alloc)
                  00010fac    00000004     --HOLE-- [fill = 0]
                  00010fb0    00000053     sysbios.aer4f : BIOS.obj (.text:xdc_runtime_Text_printVisFxn__I)
                  00011003    00000001     --HOLE-- [fill = 0]
                  00011004    00000050     libcrc_xwr18xx.aer4f : crc.oer4f (.text:CRC_getSignature)
                  00011054    00000050     libcanfd_xwr18xx.aer4f : mcan.oer4f (.text:MCAN_writeRxFIFOAck)
                  000110a4    00000050     libmmwave_xwr18xx.aer4f : mmwave.oer4f (.text:MMWave_sync)
                  000110f4    00000050     libmmwavelink_xwr18xx.aer4f : rl_driver.oer4f (.text:rlDeviceIdentifyCmdDir)
                  00011144    00000050                                 : rl_driver.oer4f (.text:rlDriverVerifyCRC)
                  00011194    00000050     rtsv7R4_T_le_v3D16_eabi.lib : atoi.obj (.text)
                  000111e4    00000050                                 : exit.obj (.text)
                  00011234    00000050                                 : u_div32.obj (.text)
                  00011284    0000000c                                 : fflush.obj (.tramp.fflush.1)
                  00011290    00000050     sysbios.aer4f : BIOS.obj (.text:ti_sysbios_knl_Semaphore_pendTimeout__I)
                  000112e0    00000050                   : BIOS.obj (.text:ti_sysbios_knl_Task_processVitalTaskFlag__I)
                  00011330    0000004c     libcli_xwr18xx.aer4f : cli.oer4f (.text:CLI_write)
                  0001137c    0000004c     libmailbox_xwr18xx.aer4f : mailbox.oer4f (.text:Mailbox_boxEmptyISRProcessing)
                  000113c8    0000004c     libuart_xwr18xx.aer4f : uartsci.oer4f (.text:UartSci_writeCancel)
                  00011414    0000004c     rtsv7R4_T_le_v3D16_eabi.lib : cpy_tbl.obj (.text)
                  00011460    0000004c     mss_mrr_per4f.oer4f (.text:ti_sysbios_gates_GateHwi_Object__create__S)
                  000114ac    0000004c     mss_mrr_per4f.oer4f (.text:ti_sysbios_gates_GateMutex_Object__create__S)
                  000114f8    0000004c     mss_mrr_per4f.oer4f (.text:ti_sysbios_heaps_HeapMem_Object__create__S)
                  00011544    0000004c     mss_mrr_per4f.oer4f (.text:ti_sysbios_knl_Semaphore_construct)
                  00011590    0000004c     sysbios.aer4f : BIOS.obj (.text:ti_sysbios_knl_Task_restore__E)
                  000115dc    0000004a     libmailbox_xwr18xx.aer4f : mailbox.oer4f (.text:Mailbox_boxFullISRProcessing)
                  00011626    00000048     libmmwavelink_xwr18xx.aer4f : rl_device.oer4f (.text:rlDeviceGetVersion)
                  0001166e    00000002     --HOLE-- [fill = 0]
                  00011670    00000048                                 : rl_driver.oer4f (.text:rlDriverOsiInit)
                  000116b8    00000046     libmailbox_xwr18xx.aer4f : mailbox.oer4f (.text:CSL_FINSR)
                  000116fe    00000044     libcrc_xwr18xx.aer4f : crc.oer4f (.text:CRC_resetSignature)
                  00011742    00000002     --HOLE-- [fill = 0]
                  00011744    00000044     libcanfd_xwr18xx.aer4f : mcan.oer4f (.text:MCAN_eccEnableIntr)
                  00011788    00000044                            : mcan.oer4f (.text:MCAN_eccGetErrorStatus)
                  000117cc    00000044     libmailbox_xwr18xx.aer4f : mailbox.oer4f (.text:Mailbox_boxFullISRMssDss)
                  00011810    00000044     rtsv7R4_T_le_v3D16_eabi.lib : hostclose.obj (.text)
                  00011854    00000044                                 : hostunlink.obj (.text)
                  00011898    00000044     mss_mrr_per4f.oer4f (.text:ti_sysbios_BIOS_atExitFunc__I)
                  000118dc    00000004     --HOLE-- [fill = 0]
                  000118e0    00000044     sysbios.aer4f : BIOS.obj (.text:ti_sysbios_heaps_HeapMem_free__E)
                  00011924    00000044     mss_mrr_per4f.oer4f (.text:ti_sysbios_knl_Clock_doTick__I)
                  00011968    00000044     mss_mrr_per4f.oer4f (.text:ti_sysbios_knl_Queue_construct)
                  000119ac    00000004     --HOLE-- [fill = 0]
                  000119b0    00000044     sysbios.aer4f : BIOS.obj (.text:ti_sysbios_knl_Swi_Module_startup__E)
                  000119f4    00000008                   : BIOS.obj (.tramp.ti_sysbios_knl_Event_post__E.1)
                  000119fc    00000004     --HOLE-- [fill = 0]
                  00011a00    00000044                   : BIOS.obj (.text:ti_sysbios_knl_Task_restoreHwi__E)
                  00011a44    0000000c     rtsv7R4_T_le_v3D16_eabi.lib : memset_t2.obj (.tramp.memset.1)
                  00011a50    00000044     sysbios.aer4f : BIOS.obj (.text:ti_sysbios_timers_rti_Timer_periodicStub__E)
                  00011a94    00000042     libmmwave_xwr18xx.aer4f : mmwave_link.oer4f (.text:MMWave_executeLink)
                  00011ad6    00000040     libmmwavelink_xwr18xx.aer4f : rl_driver.oer4f (.text:rlDriverValidateHdr)
                  00011b16    0000000a     --HOLE-- [fill = 0]
                  00011b20    00000040     sysbios.aer4f : BIOS.obj (.text:xdc_runtime_SysStd_abort__E)
                  00011b60    0000003e     libDMA_xwr18xx.aer4f : dma.oer4f (.text:CSL_FINSR)
                  00011b9e    0000003e     libcrc_xwr18xx.aer4f : crc.oer4f (.text:CSL_FINSR)
                  00011bdc    0000003e     libgpio_xwr18xx.aer4f : gpio.oer4f (.text:CSL_FINSR)
                  00011c1a    0000003e     libpinmux_xwr18xx.aer4f : pinmux.oer4f (.text:CSL_FINSR)
                  00011c58    0000003e     libsoc_xwr18xx.aer4f : soc.oer4f (.text:CSL_FINSR)
                  00011c96    0000003e                          : soc_xwr18xx.oer4f (.text:CSL_FINSR)
                  00011cd4    0000003e                          : soc_xwr18xx_mss.oer4f (.text:CSL_FINSR)
                  00011d12    0000003e     libuart_xwr18xx.aer4f : uartsci.oer4f (.text:CSL_FINSR)
                  00011d50    0000003e     mss_main.obj (.text:CSL_FINSR)
                  00011d8e    0000003e     libuart_xwr18xx.aer4f : uartsci.oer4f (.text:UartSci_close)
                  00011dcc    0000003c     libcanfd_xwr18xx.aer4f : mcan.oer4f (.text:MCAN_getRxFIFOStatus)
                  00011e08    0000003c     libmailbox_xwr18xx.aer4f : mailbox.oer4f (.text:Mailbox_writeReset)
                  00011e44    0000003c     libsoc_xwr18xx.aer4f : soc.oer4f (.text:SOC_unhaltBSS)
                  00011e80    0000003c     libmmwavelink_xwr18xx.aer4f : rl_controller.oer4f (.text:rlGetSubBlock)
                  00011ebc    0000003c     sysbios.aer4f : vim_Hwi_asm.obj (.text:ti_sysbios_family_arm_v7r_vim_Hwi_init__I)
                  00011ef8    00000008     --HOLE-- [fill = 0]
                  00011f00    0000003c                   : BIOS.obj (.text:xdc_runtime_System_aprintf_va__F)
                  00011f3c    0000003a     libosal_xwr18xx.aer4f : HwiP_tirtos.oer4f (.text:HwiP_delete)
                  00011f76    00000002     --HOLE-- [fill = 0]
                  00011f78    00000038     libcanfd_xwr18xx.aer4f : mcan.oer4f (.text:MCAN_eccWriteEOI)
                  00011fb0    00000038     libuart_xwr18xx.aer4f : UART.oer4f (.text:UART_init)
                  00011fe8    00000038     mss_mrr_per4f.oer4f (.text:ti_sysbios_BIOS_startFunc__I)
                  00012020    00000038     sysbios.aer4f : BIOS.obj (.text:xdc_runtime_System_printf_va__F)
                  00012058    00000036     libmmwavelink_xwr18xx.aer4f : rl_controller.oer4f (.text:rlAppendSubBlock)
                  0001208e    00000036     rtsv7R4_T_le_v3D16_eabi.lib : strncpy.obj (.text)
                  000120c4    00000034     libcanfd_xwr18xx.aer4f : mcan.oer4f (.text:MCAN_eccConfig)
                  000120f8    00000034                            : mcan.oer4f (.text:MCAN_getTxBufCancellationIntrEnable)
                  0001212c    00000034                            : mcan.oer4f (.text:MCAN_txBufTransIntrEnable)
                  00012160    00000034     libmmwave_xwr18xx.aer4f : mmwave_link.oer4f (.text:MMWave_mboxWrite)
                  00012194    00000034     libsoc_xwr18xx.aer4f : soc_xwr18xx.oer4f (.text:SOC_setMMWaveDSSLinkState)
                  000121c8    00000034                          : soc_xwr18xx.oer4f (.text:SOC_setMMWaveMSSLinkState)
                  000121fc    00000034     libuart_xwr18xx.aer4f : UART.oer4f (.text:UART_open)
                  00012230    00000034     mss_mrr_per4f.oer4f (.text:ti_sysbios_BIOS_errorRaiseHook__I)
                  00012264    00000034     mss_mrr_per4f.oer4f (.text:ti_sysbios_BIOS_registerRTSLock__I)
                  00012298    00000034     mss_mrr_per4f.oer4f (.text:ti_sysbios_BIOS_removeRTSLock__I)
                  000122cc    00000034     mss_mrr_per4f.oer4f (.text:ti_sysbios_family_arm_v7r_vim_Hwi_Object__delete__S)
                  00012300    00000034     mss_mrr_per4f.oer4f (.text:ti_sysbios_gates_GateMutex_Object__delete__S)
                  00012334    0000000c     rtsv7R4_T_le_v3D16_eabi.lib : cpy_tbl.obj (.tramp.copy_in.1)
                  00012340    00000034     sysbios.aer4f : BIOS.obj (.text:ti_sysbios_knl_Idle_run__E)
                  00012374    00000034     mss_mrr_per4f.oer4f (.text:ti_sysbios_knl_Semaphore_Object__delete__S)
                  000123a8    00000032     libcrc_xwr18xx.aer4f : crc.oer4f (.text:CRC_getCRCDataSelectBitValue)
                  000123da    00000002     --HOLE-- [fill = 0]
                  000123dc    00000032                          : crc.oer4f (.text:CRC_getCRCTypeBitValue)
                  0001240e    00000032     mss_main.obj (.text:Get_CanMessageIdentifier)
                  00012440    00000030     cfg.obj (.text:Cfg_FrameCfgInitParams)
                  00012470    00000030     libcanfd_xwr18xx.aer4f : mcan.oer4f (.text:MCAN_addExtMsgIDFilter)
                  000124a0    00000030                            : mcan.oer4f (.text:MCAN_eccClearErrorStatus)
                  000124d0    00000030     libmmwave_xwr18xx.aer4f : mmwave_listlib.oer4f (.text:MMWave_listRemoveNode)
                  00012500    00000030     mss_main.obj (.text:MRR_MSS_frameStartIntCallback)
                  00012530    00000030     mss_main.obj (.text:Read_Byte)
                  00012560    00000030     libsoc_xwr18xx.aer4f : soc_xwr18xx_mss.oer4f (.text:SOC_isSecureDevice)
                  00012590    00000030     libmmwavelink_xwr18xx.aer4f : rl_sensor.oer4f (.text:rlSensorStart)
                  000125c0    00000030     mss_mrr_per4f.oer4f (.text:ti_sysbios_BIOS_rtsLock__I)
                  000125f0    00000030     sysbios.aer4f : BIOS.obj (.text:ti_sysbios_family_arm_v7r_vim_Hwi_disableInterrupt__E)
                  00012620    00000030                   : BIOS.obj (.text:ti_sysbios_family_arm_v7r_vim_Hwi_enableInterrupt__E)
                  00012650    00000030     mss_mrr_per4f.oer4f (.text:ti_sysbios_gates_GateHwi_Object__delete__S)
                  00012680    00000030     sysbios.aer4f : BIOS.obj (.text:ti_sysbios_gates_GateMutex_Instance_init__E)
                  000126b0    00000030     mss_mrr_per4f.oer4f (.text:ti_sysbios_heaps_HeapMem_Object__delete__S)
                  000126e0    00000030     sysbios.aer4f : BIOS.obj (.text:ti_sysbios_knl_Clock_Module_startup__E)
                  00012710    0000002c     libgpio_xwr18xx.aer4f : gpio.oer4f (.text:GPIO_HighPriorityISR)
                  0001273c    0000002c                           : gpio.oer4f (.text:GPIO_LowPriorityISR)
                  00012768    0000002c     libcanfd_xwr18xx.aer4f : mcan.oer4f (.text:MCAN_addStdMsgIDFilter)
                  00012794    0000002c     libmmwave_xwr18xx.aer4f : mmwave_osal.oer4f (.text:MMWave_osalMutexCreate)
                  000127c0    0000002c                             : mmwave_osal.oer4f (.text:MMWave_osalSemCreate)
                  000127ec    0000002c     libsoc_xwr18xx.aer4f : soc_xwr18xx_mss.oer4f (.text:SOC_waitBSSPowerUp)
                  00012818    0000002c     libmmwavelink_xwr18xx.aer4f : rl_device.oer4f (.text:rlDeviceGetMssVersion)
                  00012844    0000002c                                 : rl_sensor.oer4f (.text:rlSensorStop)
                  00012870    0000002c     rtsv7R4_T_le_v3D16_eabi.lib : e_sqrt.obj (.text)
                  0001289c    0000002c                                 : unlink.obj (.text)
                  000128c8    0000002c     mss_mrr_per4f.oer4f (.text:ti_sysbios_gates_GateHwi_Handle__label__S)
                  000128f4    0000002c     mss_mrr_per4f.oer4f (.text:ti_sysbios_gates_GateMutex_Handle__label__S)
                  00012920    0000002c     mss_mrr_per4f.oer4f (.text:ti_sysbios_heaps_HeapMem_Handle__label__S)
                  0001294c    0000002c     mss_mrr_per4f.oer4f (.text:ti_sysbios_knl_Semaphore_destruct)
                  00012978    00000008     --HOLE-- [fill = 0]
                  00012980    0000002c     sysbios.aer4f : BIOS.obj (.text:ti_sysbios_knl_Task_enter__I)
                  000129ac    0000002a     libsoc_xwr18xx.aer4f : soc.oer4f (.text:SOC_SystemISR)
                  000129d6    0000002a     libmmwavelink_xwr18xx.aer4f : rl_device.oer4f (.text:rlDeviceGetMmWaveLinkVersion)
                  00012a00    00000028     libcanfd_xwr18xx.aer4f : mcan.oer4f (.text:MCAN_txBufAddReq)
                  00012a28    00000028     libmailbox_xwr18xx.aer4f : mailbox.oer4f (.text:Mailbox_Config_init)
                  00012a50    00000028     libuart_xwr18xx.aer4f : uartsci_dma.oer4f (.text:UartSci_RxDMACallbackFxn)
                  00012a78    00000028                           : uartsci_dma.oer4f (.text:UartSci_TxDMACallbackFxn)
                  00012aa0    00000028     mss_mrr_per4f.oer4f (.text:free)
                  00012ac8    00000028     libmmwavelink_xwr18xx.aer4f : rl_driver.oer4f (.text:rlDriverConstructInMsg)
                  00012af0    00000028     rtsv7R4_T_le_v3D16_eabi.lib : lseek.obj (.text)
                  00012b18    00000028                                 : write.obj (.text)
                  00012b40    00000028     mss_mrr_per4f.oer4f (.text:ti_sysbios_BIOS_rtsUnlock__I)
                  00012b68    00000028     mss_mrr_per4f.oer4f (.text:ti_sysbios_family_arm_v7r_vim_Hwi_Module__startupDone__F)
                  00012b90    00000028     sysbios.aer4f : BIOS.obj (.text:ti_sysbios_gates_GateMutex_leave__E)
                  00012bb8    00000028     mss_mrr_per4f.oer4f (.text:ti_sysbios_knl_Queue_destruct)
                  00012be0    00000028     mss_mrr_per4f.oer4f (.text:ti_sysbios_timers_rti_Timer_Module__startupDone__F)
                  00012c08    00000008     --HOLE-- [fill = 0]
                  00012c10    00000028     sysbios.aer4f : BIOS.obj (.text:xdc_runtime_Error_init__E)
                  00012c38    00000028     mss_mrr_per4f.oer4f (.text:xdc_runtime_System_aprintf__E)
                  00012c60    00000028     mss_mrr_per4f.oer4f (.text:xdc_runtime_System_printf__E)
                  00012c88    00000026     libmmwavelink_xwr18xx.aer4f : rl_sensor.oer4f (.text:rlRfInitCalibConfig)
                  00012cae    00000026                                 : rl_sensor.oer4f (.text:rlRfRunTimeCalibConfig)
                  00012cd4    00000026                                 : rl_sensor.oer4f (.text:rlRfSetCalMonFreqLimitConfig)
                  00012cfa    00000026                                 : rl_sensor.oer4f (.text:rlRfSetDeviceCfg)
                  00012d20    00000026                                 : rl_sensor.oer4f (.text:rlRfSetLdoBypassConfig)
                  00012d46    00000026                                 : rl_sensor.oer4f (.text:rlSetAdcOutConfig)
                  00012d6c    00000026                                 : rl_sensor.oer4f (.text:rlSetChannelConfig)
                  00012d92    00000024     libcrc_xwr18xx.aer4f : crc.oer4f (.text:CRC_isTransactionIdValid)
                  00012db6    00000002     --HOLE-- [fill = 0]
                  00012db8    00000024     cfg.obj (.text:Cfg_ADCOutCfgInitParams)
                  00012ddc    00000024     libgpio_xwr18xx.aer4f : gpio.oer4f (.text:GPIO_processInterrupt)
                  00012e00    00000024     libsoc_xwr18xx.aer4f : soc_xwr18xx.oer4f (.text:SOC_isMMWaveDSSOperational)
                  00012e24    00000024                          : soc_xwr18xx.oer4f (.text:SOC_isMMWaveMSSOperational)
                  00012e48    00000024     libmmwavelink_xwr18xx.aer4f : rl_sensor.oer4f (.text:rlEnableContMode)
                  00012e6c    00000024                                 : rl_sensor.oer4f (.text:rlRfSetCalMonTimeUnitConfig)
                  00012e90    00000024                                 : rl_sensor.oer4f (.text:rlSetLowPowerModeConfig)
                  00012eb4    00000022     libuart_xwr18xx.aer4f : uartsci.oer4f (.text:UartSci_disableRxDMA)
                  00012ed6    00000022                           : uartsci.oer4f (.text:UartSci_enableRxDMA)
                  00012ef8    00000020     libesm_xwr18xx.aer4f : esm.oer4f (.text:ESM_lowpriority_IRQ)
                  00012f18    00000020     libcanfd_xwr18xx.aer4f : mcan.oer4f (.text:MCAN_enableIntr)
                  00012f38    00000020                            : mcan.oer4f (.text:MCAN_enableIntrLine)
                  00012f58    00000020                            : mcan.oer4f (.text:MCAN_getDataSize)
                  00012f78    00000020                            : mcan.oer4f (.text:MCAN_getMsgObjSize)
                  00012f98    00000020                            : mcan.oer4f (.text:MCAN_selectIntrLine)
                  00012fb8    00000020     libmmwave_xwr18xx.aer4f : mmwave_listlib.oer4f (.text:MMWave_listCat)
                  00012fd8    00000020     libpinmux_xwr18xx.aer4f : pinmux.oer4f (.text:Pinmux_Unlock)
                  00012ff8    00000020     libmmwavelink_xwr18xx.aer4f : rl_sensor.oer4f (.text:rlRfInit)
                  00013018    00000020     mss_mrr_per4f.oer4f (.text:ti_sysbios_BIOS_exitFunc__I)
                  00013038    00000008     --HOLE-- [fill = 0]
                  00013040    00000020     sysbios.aer4f : BIOS.obj (.text:ti_sysbios_family_arm_v7r_vim_Hwi_clearInterrupt__E)
                  00013060    00000020                   : BIOS.obj (.text:ti_sysbios_knl_Task_sleepTimeout__I)
                  00013080    0000001e     libmmwave_xwr18xx.aer4f : mmwave_fullcfg.oer4f (.text:MMWave_internalDelChirp)
                  0001309e    0000001e     libsoc_xwr18xx.aer4f : soc_xwr18xx_mss.oer4f (.text:SOC_getOutAddr_LUTType)
                  000130bc    0000001c     libcrc_xwr18xx.aer4f : crc.oer4f (.text:CRC_releaseTransactionId)
                  000130d8    0000001c     libDMA_xwr18xx.aer4f : dma.oer4f (.text:CSL_FEXTR)
                  000130f4    0000001c     libgpio_xwr18xx.aer4f : gpio.oer4f (.text:CSL_FEXTR)
                  00013110    0000001c     libmmwave_xwr18xx.aer4f : mmwave.oer4f (.text:CSL_FEXTR)
                  0001312c    0000001c     libsoc_xwr18xx.aer4f : soc.oer4f (.text:CSL_FEXTR)
                  00013148    0000001c                          : soc_xwr18xx.oer4f (.text:CSL_FEXTR)
                  00013164    0000001c                          : soc_xwr18xx_mss.oer4f (.text:CSL_FEXTR)
                  00013180    0000001c     libuart_xwr18xx.aer4f : uartsci.oer4f (.text:CSL_FEXTR)
                  0001319c    0000001c     libcanfd_xwr18xx.aer4f : mcan.oer4f (.text:MCAN_eccLoadRegister)
                  000131b8    0000001c     libmmwave_xwr18xx.aer4f : mmwave_listlib.oer4f (.text:MMWave_listRemove)
                  000131d4    0000001c     mss_main.obj (.text:MRR_MSS_startFxn)
                  000131f0    0000001c     libsoc_xwr18xx.aer4f : soc_xwr18xx_mss.oer4f (.text:SOC_getInAddr_LUTType)
                  0001320c    0000001c     sysbios.aer4f : arm_TaskSupport_asm.obj (.text:_ti_sysbios_family_arm_TaskSupport_glue)
                  00013228    0000001c                   : arm_TaskSupport_asm.obj (.text:_ti_sysbios_family_arm_TaskSupport_swap__E)
                  00013244    0000001c     rtsv7R4_T_le_v3D16_eabi.lib : memccpy.obj (.text)
                  00013260    0000001c     mss_mrr_per4f.oer4f (.text:ti_sysbios_heaps_HeapMem_Object__get__S)
                  0001327c    0000001c     mss_mrr_per4f.oer4f (.text:ti_sysbios_knl_Swi_Object__get__S)
                  00013298    0000001c     mss_mrr_per4f.oer4f (.text:xdc_runtime_Startup_exec__I)
                  000132b4    0000001a     cfg.obj (.text:Cfg_ChannelCfgInitParams)
                  000132ce    0000001a     libmmwave_xwr18xx.aer4f : mmwave_dualcore.oer4f (.text:MMWave_deviceSyncFxn)
                  000132e8    0000001a                             : mmwave.oer4f (.text:MMWave_encodeError)
                  00013302    0000001a                             : mmwave_listlib.oer4f (.text:MMWave_listAdd)
                  0001331c    0000001a     mss_main.obj (.text:MRR_MSS_cfgFxn)
                  00013336    0000001a     rtsv7R4_T_le_v3D16_eabi.lib : s_copysign.obj (.text)
                  00013350    00000018     libmmwave_xwr18xx.aer4f : mmwave_osal.oer4f (.text:MMWave_osalMutexLock)
                  00013368    00000018                             : mmwave_osal.oer4f (.text:MMWave_osalSemWait)
                  00013380    00000018     libmailbox_xwr18xx.aer4f : mailbox.oer4f (.text:Mailbox_boxEmptyISRBss)
                  00013398    00000018                              : mailbox.oer4f (.text:Mailbox_boxEmptyISRMssDss)
                  000133b0    00000018                              : mailbox.oer4f (.text:Mailbox_boxFullISRBss)
                  000133c8    00000018     libmmwavelink_xwr18xx.aer4f : rl_device.oer4f (.text:rlDeviceGetRfVersion)
                  000133e0    00000018                                 : rl_driver.oer4f (.text:rlDriverCalCRC)
                  000133f8    00000018                                 : rl_driver.oer4f (.text:rlDriverFillPayload)
                  00013410    00000018                                 : rl_driver.oer4f (.text:rlDriverIsDeviceMapValid)
                  00013428    00000018     rtsv7R4_T_le_v3D16_eabi.lib : args_main.obj (.text)
                  00013440    00000018                                 : strcmp.obj (.text)
                  00013458    00000008     --HOLE-- [fill = 0]
                  00013460    00000018     sysbios.aer4f : BIOS.obj (.text:ti_sysbios_BIOS_setThreadType__E)
                  00013478    00000008     --HOLE-- [fill = 0]
                  00013480    00000018                   : BIOS.obj (.text:ti_sysbios_BIOS_start__E)
                  00013498    00000008     --HOLE-- [fill = 0]
                  000134a0    00000018                   : BIOS.obj (.text:ti_sysbios_hal_Hwi_Module_startup__E)
                  000134b8    00000018     mss_mrr_per4f.oer4f (.text:ti_sysbios_heaps_HeapBuf_Object__get__S)
                  000134d0    00000018     sysbios.aer4f : BIOS.obj (.text:ti_sysbios_knl_Idle_loop__E)
                  000134e8    00000008     --HOLE-- [fill = 0]
                  000134f0    00000018                   : BIOS.obj (.text:ti_sysbios_knl_Queue_empty__E)
                  00013508    00000008     --HOLE-- [fill = 0]
                  00013510    00000018                   : BIOS.obj (.text:ti_sysbios_knl_Swi_disable__E)
                  00013528    00000018     mss_mrr_per4f.oer4f (.text:ti_sysbios_knl_Task_Object__get__S)
                  00013540    00000018     sysbios.aer4f : BIOS.obj (.text:ti_sysbios_knl_Task_disable__E)
                  00013558    00000018     mss_mrr_per4f.oer4f (.text:xdc_runtime_Text_visitRope__I)
                  00013570    00000016     rtsv7R4_T_le_v3D16_eabi.lib : strchr.obj (.text)
                  00013586    00000016                                 : strlen.obj (.text)
                  0001359c    00000014     libosal_xwr18xx.aer4f : HwiP_tirtos.oer4f (.text:HwiP_Params_init)
                  000135b0    00000014     libcanfd_xwr18xx.aer4f : mcan.oer4f (.text:MCAN_clearNewDataStatus)
                  000135c4    00000014                            : mcan.oer4f (.text:MCAN_getNewDataStatus)
                  000135d8    00000014                            : mcan.oer4f (.text:MCAN_reset)
                  000135ec    00000014                            : mcan.oer4f (.text:MCAN_setOpMode)
                  00013600    00000014                            : mcan.oer4f (.text:MCAN_writeProtectedRegAccessLock)
                  00013614    00000014                            : mcan.oer4f (.text:MCAN_writeProtectedRegAccessUnlock)
                  00013628    00000014     libmmwave_xwr18xx.aer4f : mmwave_fullcfg.oer4f (.text:MMWave_internalDelBpmChirp)
                  0001363c    00000014                             : mmwave_fullcfg.oer4f (.text:MMWave_internalDelProfile)
                  00013650    00000014                             : mmwave_osal.oer4f (.text:MMWave_osalMutexDelete)
                  00013664    00000014                             : mmwave_osal.oer4f (.text:MMWave_osalSemDelete)
                  00013678    00000014     mss_main.obj (.text:MRR_MSS_stopFxn)
                  0001368c    00000014     libpinmux_xwr18xx.aer4f : pinmux.oer4f (.text:Pinmux_Lock)
                  000136a0    00000014     libuart_xwr18xx.aer4f : uartsci.oer4f (.text:UartSci_disableTxDMA)
                  000136b4    00000014                           : uartsci.oer4f (.text:UartSci_enableTxDMA)
                  000136c8    00000014     libosal_xwr18xx.aer4f : DebugP_tirtos.oer4f (.text:_DebugP_assert)
                  000136dc    00000014     libmmwavelink_xwr18xx.aer4f : rl_controller.oer4f (.text:rlAppendDummy)
                  000136f0    00000014     rtsv7R4_T_le_v3D16_eabi.lib : _lock.obj (.text)
                  00013704    00000014                                 : strcpy.obj (.text)
                  00013718    00000008     --HOLE-- [fill = 0]
                  00013720    00000014     sysbios.aer4f : BIOS.obj (.text:ti_sysbios_family_arm_TaskSupport_checkStack__E)
                  00013734    0000000c     --HOLE-- [fill = 0]
                  00013740    00000014                   : BIOS.obj (.text:ti_sysbios_family_arm_v7r_vim_Hwi_switchFromBootStack__E)
                  00013754    0000000c     --HOLE-- [fill = 0]
                  00013760    00000014                   : BIOS.obj (.text:ti_sysbios_gates_GateMutex_Instance_finalize__E)
                  00013774    0000000c     --HOLE-- [fill = 0]
                  00013780    00000014                   : BIOS.obj (.text:ti_sysbios_knl_Semaphore_Instance_finalize__E)
                  00013794    00000014     mss_mrr_per4f.oer4f (.text:xdc_runtime_IHeap_alloc)
                  000137a8    00000014     mss_mrr_per4f.oer4f (.text:xdc_runtime_IHeap_free)
                  000137bc    00000004     --HOLE-- [fill = 0]
                  000137c0    00000014     sysbios.aer4f : BIOS.obj (.text:xdc_runtime_Memory_free__E)
                  000137d4    00000012     libcrc_xwr18xx.aer4f : crc.oer4f (.text:CRC_initConfigParams)
                  000137e6    00000012     cfg.obj (.text:Cfg_LowPowerModeInitParams)
                  000137f8    00000012     libmmwave_xwr18xx.aer4f : mmwave_dualcore.oer4f (.text:MMWave_deviceGetDeviceInfo)
                  0001380a    00000012     libosal_xwr18xx.aer4f : MemoryP_tirtos.oer4f (.text:MemoryP_ctrlAlloc)
                  0001381c    00000012                           : SemaphoreP_tirtos.oer4f (.text:SemaphoreP_pend)
                  0001382e    00000010     libcrc_xwr18xx.aer4f : crc.oer4f (.text:CRC_getSignatureRegister)
                  0001383e    00000002     --HOLE-- [fill = 0]
                  00013840    00000010     mss_main.obj (.text:MCANAppErrStatusCallback)
                  00013850    00000010     libcanfd_xwr18xx.aer4f : mcan.oer4f (.text:MCAN_getOpMode)
                  00013860    00000010                            : mcan.oer4f (.text:MCAN_isInReset)
                  00013870    00000010                            : mcan.oer4f (.text:MCAN_isMemInitDone)
                  00013880    00000010     sysbios.aer4f : BIOS.obj (.text:ti_sysbios_family_arm_TaskSupport_getStackAlignment__E)
                  00013890    00000010                   : BIOS.obj (.text:ti_sysbios_family_arm_exc_Exception_Module_startup__E)
                  000138a0    00000010     mss_mrr_per4f.oer4f (.text:ti_sysbios_family_arm_v7r_vim_Hwi_Params__init__S)
                  000138b0    00000010     mss_mrr_per4f.oer4f (.text:ti_sysbios_knl_Queue_Object__get__S)
                  000138c0    00000010     mss_mrr_per4f.oer4f (.text:ti_sysbios_knl_Semaphore_Params__init__S)
                  000138d0    00000010     mss_mrr_per4f.oer4f (.text:ti_sysbios_knl_Task_Params__init__S)
                  000138e0    00000010     sysbios.aer4f : BIOS.obj (.text:xdc_runtime_Startup_rtsDone__E)
                  000138f0    0000000e     rtsv7R4_T_le_v3D16_eabi.lib : copy_decompress_none.obj (.text:decompress:none)
                  000138fe    00000002     --HOLE-- [fill = 0]
                  00013900    0000000c     sysbios.aer4f : BIOS.obj (.text:ti_sysbios_family_arm_v7r_vim_Hwi_startup__E)
                  0001390c    00000004     --HOLE-- [fill = 0]
                  00013910    0000000c                   : BIOS.obj (.text:ti_sysbios_gates_GateHwi_enter__E)
                  0001391c    00000004     --HOLE-- [fill = 0]
                  00013920    0000000c                   : BIOS.obj (.text:ti_sysbios_knl_Queue_Instance_init__E)
                  0001392c    00000004     --HOLE-- [fill = 0]
                  00013930    0000000c                   : BIOS.obj (.text:xdc_runtime_SysStd_exit__E)
                  0001393c    00000004     --HOLE-- [fill = 0]
                  00013940    00000008                   : BIOS.obj (.text:ti_sysbios_gates_GateHwi_leave__E)
                  00013948    00000008     --HOLE-- [fill = 0]
                  00013950    00000008                   : BIOS.obj (.text:ti_sysbios_gates_GateHwi_query__E)
                  00013958    00000008     --HOLE-- [fill = 0]
                  00013960    00000008                   : BIOS.obj (.text:ti_sysbios_gates_GateMutex_query__E)
                  00013968    00000008     --HOLE-- [fill = 0]
                  00013970    00000008                   : BIOS.obj (.text:ti_sysbios_heaps_HeapMem_isBlocking__E)
                  00013978    00000008     --HOLE-- [fill = 0]
                  00013980    00000008                   : BIOS.obj (.text:ti_sysbios_timers_rti_Timer_getMaxTicks__E)
                  00013988    00000008     --HOLE-- [fill = 0]
                  00013990    00000008                   : BIOS.obj (.text:xdc_runtime_SysStd_ready__E)
                  00013998    00000008     --HOLE-- [fill = 0]
                  000139a0    00000008                   : BIOS.obj (.text:xdc_runtime_System_Module_startup__E)
                  000139a8    00000008     --HOLE-- [fill = 0]
                  000139b0    00000004                   : BIOS.obj (.text:ti_sysbios_BIOS_linkedWithIncorrectBootLibrary__E)
                  000139b4    0000000c     --HOLE-- [fill = 0]
                  000139c0    00000004                   : BIOS.obj (.text:ti_sysbios_gates_GateHwi_Instance_init__E)
                  000139c4    0000000c     --HOLE-- [fill = 0]
                  000139d0    00000004                   : BIOS.obj (.text:ti_sysbios_knl_Task_startup__E)
                  000139d4    0000000c     --HOLE-- [fill = 0]
                  000139e0    00000004                   : BIOS.obj (.text:xdc_runtime_SysStd_putch__E)

.const     0    000139e8    000027fa     
                  000139e8    00001aee     mss_mrr_per4f.oer4f (.const:xdc_runtime_Text_charTab__A)
                  000154d6    00000002     mss_mrr_per4f.oer4f (.const:ti_sysbios_family_arm_exc_Exception_Module__id__C)
                  000154d8    000002b8     libmmwavelink_xwr18xx.aer4f : rl_sensor.oer4f (.const:$O1$$)
                  00015790    00000101     rtsv7R4_T_le_v3D16_eabi.lib : ctype.obj (.const:.string:_ctypes_)
                  00015891    00000001     --HOLE-- [fill = 0]
                  00015892    000000d0     mss_mrr_per4f.oer4f (.const:xdc_runtime_Text_nodeTab__A)
                  00015962    00000004     mss_mrr_cli.obj (.const:$P$T0$1)
                  00015966    00000002     mss_mrr_per4f.oer4f (.const:ti_sysbios_family_arm_v7r_tms570_Core_Module__id__C)
                  00015968    00000098     rtsv7R4_T_le_v3D16_eabi.lib : s_atan.obj (.const:$O1$$)
                  00015a00    00000080     mss_mrr_per4f.oer4f (.const:ti_sysbios_family_arm_v7r_vim_Hwi_channelMap__A)
                  00015a80    00000078     libmmwavelink_xwr18xx.aer4f : rl_driver.oer4f (.const:$O2$$)
                  00015af8    00000060     libcanfd_xwr18xx.aer4f : mcan.oer4f (.const:$O1$$)
                  00015b58    00000058     mss_mrr_per4f.oer4f (.const:.string)
                  00015bb0    00000044     mss_mrr_per4f.oer4f (.const:ti_sysbios_knl_Task_Object__PARAMS__C)
                  00015bf4    0000003c     libuart_xwr18xx.aer4f : UART.oer4f (.const:UART_defaultParams)
                  00015c30    00000030     rtsv7R4_T_le_v3D16_eabi.lib : e_pow.obj (.const:$O1$$)
                  00015c60    00000030     mss_mrr_per4f.oer4f (.const:ti_sysbios_family_arm_v7r_vim_Hwi_Object__PARAMS__C)
                  00015c90    00000028     mss_mrr_per4f.oer4f (.const:ti_sysbios_heaps_HeapMem_Module__FXNS__C)
                  00015cb8    00000028     mss_mrr_per4f.oer4f (.const:xdc_runtime_Startup_sfxnTab__A)
                  00015ce0    00000024     libmailbox_xwr18xx.aer4f : mailbox.oer4f (.const:Mailbox_defaultCfg)
                  00015d04    00000024     mss_mrr_per4f.oer4f (.const:ti_sysbios_gates_GateHwi_Module__FXNS__C)
                  00015d28    00000024     mss_mrr_per4f.oer4f (.const:ti_sysbios_gates_GateMutex_Module__FXNS__C)
                  00015d4c    00000024     mss_mrr_per4f.oer4f (.const:ti_sysbios_heaps_HeapMem_Object__PARAMS__C)
                  00015d70    00000024     mss_mrr_per4f.oer4f (.const:ti_sysbios_knl_Semaphore_Object__PARAMS__C)
                  00015d94    00000022     mss_main.obj (.const:.string:CmdInitSpeaker)
                  00015db6    00000002     mss_mrr_per4f.oer4f (.const:ti_sysbios_family_arm_v7r_vim_Hwi_Module__id__C)
                  00015db8    00000020     mss_mrr_per4f.oer4f (.const:ti_sysbios_family_arm_v7r_vim_Hwi_Object__DESC__C)
                  00015dd8    00000020     mss_mrr_per4f.oer4f (.const:ti_sysbios_gates_GateHwi_Object__DESC__C)
                  00015df8    00000020     mss_mrr_per4f.oer4f (.const:ti_sysbios_gates_GateMutex_Object__DESC__C)
                  00015e18    00000020     mss_mrr_per4f.oer4f (.const:ti_sysbios_heaps_HeapMem_Object__DESC__C)
                  00015e38    00000020     mss_mrr_per4f.oer4f (.const:ti_sysbios_knl_Queue_Object__DESC__C)
                  00015e58    00000020     mss_mrr_per4f.oer4f (.const:ti_sysbios_knl_Semaphore_Object__DESC__C)
                  00015e78    00000020     mss_mrr_per4f.oer4f (.const:ti_sysbios_knl_Task_Object__DESC__C)
                  00015e98    00000018     mss_mrr_per4f.oer4f (.const:ti_sysbios_gates_GateHwi_Object__PARAMS__C)
                  00015eb0    00000018     mss_mrr_per4f.oer4f (.const:ti_sysbios_gates_GateMutex_Object__PARAMS__C)
                  00015ec8    00000018     mss_mrr_per4f.oer4f (.const:ti_sysbios_knl_Queue_Object__PARAMS__C)
                  00015ee0    00000014     mss_mrr_per4f.oer4f (.const:xdc_runtime_Startup_sfxnRts__A)
                  00015ef4    00000010     mss_mrr_per4f.oer4f (.const:ti_sysbios_family_arm_v7r_vim_Hwi_intReqEnaSet__A)
                  00015f04    00000010     mss_mrr_per4f.oer4f (.const:ti_sysbios_family_arm_v7r_vim_Hwi_wakeEnaSet__A)
                  00015f14    00000008     mss_mrr_per4f.oer4f (.const:ti_sysbios_knl_Idle_funcList__C)
                  00015f1c    00000008     mss_mrr_per4f.oer4f (.const:xdc_runtime_Startup_firstFxns__A)
                  00015f24    00000008     mss_mrr_per4f.oer4f (.const:xdc_runtime_Startup_firstFxns__C)
                  00015f2c    00000008     mss_mrr_per4f.oer4f (.const:xdc_runtime_Startup_lastFxns__C)
                  00015f34    00000004     mss_mrr_per4f.oer4f (.const:ti_sysbios_family_arm_TaskSupport_stackAlignment__C)
                  00015f38    00000004     mss_mrr_per4f.oer4f (.const:ti_sysbios_family_arm_exc_Exception_E_dataAbort__C)
                  00015f3c    00000004     mss_mrr_per4f.oer4f (.const:ti_sysbios_family_arm_exc_Exception_E_prefetchAbort__C)
                  00015f40    00000004     mss_mrr_per4f.oer4f (.const:ti_sysbios_family_arm_exc_Exception_E_swi__C)
                  00015f44    00000004     mss_mrr_per4f.oer4f (.const:ti_sysbios_family_arm_exc_Exception_E_undefinedInstruction__C)
                  00015f48    00000004     mss_mrr_per4f.oer4f (.const:ti_sysbios_family_arm_exc_Exception_excHookFuncs__A)
                  00015f4c    00000004     mss_mrr_per4f.oer4f (.const:ti_sysbios_family_arm_exc_Exception_excHookFuncs__C)
                  00015f50    00000004     mss_mrr_per4f.oer4f (.const:ti_sysbios_family_arm_v7r_tms570_Core_E_mismatchedIds__C)
                  00015f54    00000004     mss_mrr_per4f.oer4f (.const:ti_sysbios_family_arm_v7r_tms570_Core_id__C)
                  00015f58    00000004     mss_mrr_per4f.oer4f (.const:ti_sysbios_family_arm_v7r_vim_Hwi_A_badChannelId__C)
                  00015f5c    00000004     mss_mrr_per4f.oer4f (.const:ti_sysbios_family_arm_v7r_vim_Hwi_E_alreadyDefined__C)
                  00015f60    00000004     mss_mrr_per4f.oer4f (.const:ti_sysbios_family_arm_v7r_vim_Hwi_E_badIntNum__C)
                  00015f64    00000004     mss_mrr_per4f.oer4f (.const:ti_sysbios_family_arm_v7r_vim_Hwi_E_phantomInterrupt__C)
                  00015f68    00000004     mss_mrr_per4f.oer4f (.const:ti_sysbios_family_arm_v7r_vim_Hwi_E_undefined__C)
                  00015f6c    00000004     mss_mrr_per4f.oer4f (.const:ti_sysbios_family_arm_v7r_vim_Hwi_E_unsupportedMaskingOption__C)
                  00015f70    00000004     mss_mrr_per4f.oer4f (.const:ti_sysbios_family_arm_v7r_vim_Hwi_LD_end__C)
                  00015f74    00000004     mss_mrr_per4f.oer4f (.const:ti_sysbios_family_arm_v7r_vim_Hwi_LM_begin__C)
                  00015f78    00000004     mss_mrr_per4f.oer4f (.const:ti_sysbios_family_arm_v7r_vim_Hwi_Module__diagsEnabled__C)
                  00015f7c    00000004     mss_mrr_per4f.oer4f (.const:ti_sysbios_family_arm_v7r_vim_Hwi_Module__diagsIncluded__C)
                  00015f80    00000004     mss_mrr_per4f.oer4f (.const:ti_sysbios_family_arm_v7r_vim_Hwi_Module__diagsMask__C)
                  00015f84    00000004     mss_mrr_per4f.oer4f (.const:ti_sysbios_family_arm_v7r_vim_Hwi_Module__loggerFxn1__C)
                  00015f88    00000004     mss_mrr_per4f.oer4f (.const:ti_sysbios_family_arm_v7r_vim_Hwi_Module__loggerFxn8__C)
                  00015f8c    00000004     mss_mrr_per4f.oer4f (.const:ti_sysbios_family_arm_v7r_vim_Hwi_Module__loggerObj__C)
                  00015f90    00000004     mss_mrr_per4f.oer4f (.const:ti_sysbios_family_arm_v7r_vim_Hwi_NUM_INTERRUPTS__C)
                  00015f94    00000004     mss_mrr_per4f.oer4f (.const:ti_sysbios_family_arm_v7r_vim_Hwi_channelMap__C)
                  00015f98    00000004     mss_mrr_per4f.oer4f (.const:ti_sysbios_family_arm_v7r_vim_Hwi_intReqEnaSet__C)
                  00015f9c    00000004     mss_mrr_per4f.oer4f (.const:ti_sysbios_family_arm_v7r_vim_Hwi_phantomFunc__C)
                  00015fa0    00000004     mss_mrr_per4f.oer4f (.const:ti_sysbios_family_arm_v7r_vim_Hwi_swiDisable__C)
                  00015fa4    00000004     mss_mrr_per4f.oer4f (.const:ti_sysbios_family_arm_v7r_vim_Hwi_swiRestoreHwi__C)
                  00015fa8    00000004     mss_mrr_per4f.oer4f (.const:ti_sysbios_family_arm_v7r_vim_Hwi_taskDisable__C)
                  00015fac    00000004     mss_mrr_per4f.oer4f (.const:ti_sysbios_family_arm_v7r_vim_Hwi_taskRestoreHwi__C)
                  00015fb0    00000004     mss_mrr_per4f.oer4f (.const:ti_sysbios_family_arm_v7r_vim_Hwi_wakeEnaSet__C)
                  00015fb4    00000004     mss_mrr_per4f.oer4f (.const:ti_sysbios_gates_GateMutex_A_badContext__C)
                  00015fb8    00000004     mss_mrr_per4f.oer4f (.const:ti_sysbios_gates_GateMutex_Instance_State_sem__O)
                  00015fbc    00000004     mss_mrr_per4f.oer4f (.const:ti_sysbios_gates_GateMutex_Module__diagsEnabled__C)
                  00015fc0    00000004     mss_mrr_per4f.oer4f (.const:ti_sysbios_gates_GateMutex_Module__diagsIncluded__C)
                  00015fc4    00000004     mss_mrr_per4f.oer4f (.const:ti_sysbios_gates_GateMutex_Module__diagsMask__C)
                  00015fc8    00000004     mss_mrr_per4f.oer4f (.const:ti_sysbios_hal_Hwi_E_stackOverflow__C)
                  00015fcc    00000004     mss_mrr_per4f.oer4f (.const:ti_sysbios_heaps_HeapBuf_Instance_State_freeList__O)
                  00015fd0    00000004     mss_mrr_per4f.oer4f (.const:ti_sysbios_heaps_HeapBuf_Object__count__C)
                  00015fd4    00000004     mss_mrr_per4f.oer4f (.const:ti_sysbios_heaps_HeapBuf_numConstructedHeaps__C)
                  00015fd8    00000004     mss_mrr_per4f.oer4f (.const:ti_sysbios_heaps_HeapMem_A_align__C)
                  00015fdc    00000004     mss_mrr_per4f.oer4f (.const:ti_sysbios_heaps_HeapMem_A_heapSize__C)
                  00015fe0    00000004     mss_mrr_per4f.oer4f (.const:ti_sysbios_heaps_HeapMem_A_invalidFree__C)
                  00015fe4    00000004     mss_mrr_per4f.oer4f (.const:ti_sysbios_heaps_HeapMem_A_zeroBlock__C)
                  00015fe8    00000004     mss_mrr_per4f.oer4f (.const:ti_sysbios_heaps_HeapMem_E_memory__C)
                  00015fec    00000004     mss_mrr_per4f.oer4f (.const:ti_sysbios_heaps_HeapMem_Module__diagsEnabled__C)
                  00015ff0    00000004     mss_mrr_per4f.oer4f (.const:ti_sysbios_heaps_HeapMem_Module__diagsIncluded__C)
                  00015ff4    00000004     mss_mrr_per4f.oer4f (.const:ti_sysbios_heaps_HeapMem_Module__diagsMask__C)
                  00015ff8    00000004     mss_mrr_per4f.oer4f (.const:ti_sysbios_heaps_HeapMem_Module__gateObj__C)
                  00015ffc    00000004     mss_mrr_per4f.oer4f (.const:ti_sysbios_heaps_HeapMem_Object__count__C)
                  00016000    00000004     mss_mrr_per4f.oer4f (.const:ti_sysbios_heaps_HeapMem_reqAlign__C)
                  00016004    00000004     mss_mrr_per4f.oer4f (.const:ti_sysbios_knl_Clock_LM_begin__C)
                  00016008    00000004     mss_mrr_per4f.oer4f (.const:ti_sysbios_knl_Clock_LM_tick__C)
                  0001600c    00000004     mss_mrr_per4f.oer4f (.const:ti_sysbios_knl_Clock_LW_delayed__C)
[...]
00016018  ti_sysbios_knl_Clock_Module__diagsIncluded__C                        
0001601c  ti_sysbios_knl_Clock_Module__diagsMask__C                            
00016020  ti_sysbios_knl_Clock_Module__loggerFxn1__C                           
00016024  ti_sysbios_knl_Clock_Module__loggerFxn2__C                           
00016028  ti_sysbios_knl_Clock_Module__loggerObj__C                            
0001602c  ti_sysbios_knl_Event_A_nullEventId__C                                
00016030  ti_sysbios_knl_Event_Instance_State_pendQ__O                         
00016034  ti_sysbios_knl_Event_LM_post__C                                      
00016038  ti_sysbios_knl_Event_Module__diagsEnabled__C                         
0001603c  ti_sysbios_knl_Event_Module__diagsIncluded__C                        
00016040  ti_sysbios_knl_Event_Module__diagsMask__C                            
00016044  ti_sysbios_knl_Event_Module__loggerFxn4__C                           
00016048  ti_sysbios_knl_Event_Module__loggerObj__C                            
0001604c  ti_sysbios_knl_Idle_funcList__A                                      
00016050  ti_sysbios_knl_Semaphore_A_badContext__C                             
00016054  ti_sysbios_knl_Semaphore_A_noEvents__C                               
00016058  ti_sysbios_knl_Semaphore_A_overflow__C                               
0001605c  ti_sysbios_knl_Semaphore_A_pendTaskDisabled__C                       
00016060  ti_sysbios_knl_Semaphore_Instance_State_pendQ__O                     
00016064  ti_sysbios_knl_Semaphore_LM_pend__C                                  
00016068  ti_sysbios_knl_Semaphore_LM_post__C                                  
0001606c  ti_sysbios_knl_Semaphore_Module__diagsEnabled__C                     
00016070  ti_sysbios_knl_Semaphore_Module__diagsIncluded__C                    
00016074  ti_sysbios_knl_Semaphore_Module__diagsMask__C                        
00016078  ti_sysbios_knl_Semaphore_Module__loggerFxn2__C                       
0001607c  ti_sysbios_knl_Semaphore_Module__loggerFxn4__C                       
00016080  ti_sysbios_knl_Semaphore_Module__loggerObj__C                        
00016084  ti_sysbios_knl_Swi_LD_end__C                                         
00016088  ti_sysbios_knl_Swi_LM_begin__C                                       
0001608c  ti_sysbios_knl_Swi_LM_post__C                                        
00016090  ti_sysbios_knl_Swi_Module__diagsEnabled__C                           
00016094  ti_sysbios_knl_Swi_Module__diagsIncluded__C                          
00016098  ti_sysbios_knl_Swi_Module__diagsMask__C                              
0001609c  ti_sysbios_knl_Swi_Module__loggerFxn1__C                             
000160a0  ti_sysbios_knl_Swi_Module__loggerFxn4__C                             
000160a4  ti_sysbios_knl_Swi_Module__loggerObj__C                              
000160a8  ti_sysbios_knl_Swi_Object__count__C                                  
000160ac  ti_sysbios_knl_Task_A_badPriority__C                                 
000160b0  ti_sysbios_knl_Task_A_badTaskState__C                                
000160b4  ti_sysbios_knl_Task_A_badThreadType__C                               
000160b8  ti_sysbios_knl_Task_A_badTimeout__C                                  
000160bc  ti_sysbios_knl_Task_A_noPendElem__C                                  
000160c0  ti_sysbios_knl_Task_A_sleepTaskDisabled__C                           
000160c4  ti_sysbios_knl_Task_E_spOutOfBounds__C                               
000160c8  ti_sysbios_knl_Task_E_stackOverflow__C                               
000160cc  ti_sysbios_knl_Task_LD_block__C                                      
000160d0  ti_sysbios_knl_Task_LD_exit__C                                       
000160d4  ti_sysbios_knl_Task_LD_ready__C                                      
000160d8  ti_sysbios_knl_Task_LM_sleep__C                                      
000160dc  ti_sysbios_knl_Task_LM_switch__C                                     
000160e0  ti_sysbios_knl_Task_Module_State_inactiveQ__O                        
000160e4  ti_sysbios_knl_Task_Module__diagsEnabled__C                          
000160e8  ti_sysbios_knl_Task_Module__diagsIncluded__C                         
000160ec  ti_sysbios_knl_Task_Module__diagsMask__C                             
000160f0  ti_sysbios_knl_Task_Module__loggerFxn2__C                            
000160f4  ti_sysbios_knl_Task_Module__loggerFxn4__C                            
000160f8  ti_sysbios_knl_Task_Module__loggerObj__C                             
000160fc  ti_sysbios_knl_Task_Object__count__C                                 
00016100  ti_sysbios_knl_Task_allBlockedFunc__C                                
00016104  ti_sysbios_knl_Task_defaultStackHeap__C                              
00016108  ti_sysbios_knl_Task_defaultStackSize__C                              
0001610c  ti_sysbios_knl_Task_numConstructedTasks__C                           
00016110  ti_sysbios_timers_rti_Timer_E_cannotSupport__C                       
00016114  ti_sysbios_timers_rti_Timer_Module__diagsEnabled__C                  
00016118  ti_sysbios_timers_rti_Timer_Module__diagsIncluded__C                 
0001611c  ti_sysbios_timers_rti_Timer_Module__diagsMask__C                     
00016120  ti_sysbios_timers_rti_Timer_numTimerDevices__C                       
00016124  ti_sysbios_timers_rti_Timer_startupNeeded__C                         
00016128  xdc_runtime_Assert_E_assertFailed__C                                 
0001612c  xdc_runtime_Core_A_initializedParams__C                              
00016130  xdc_runtime_Core_Module__diagsEnabled__C                             
00016134  xdc_runtime_Core_Module__diagsIncluded__C                            
00016138  xdc_runtime_Core_Module__diagsMask__C                                
0001613c  xdc_runtime_Error_E_memory__C                                        
00016140  xdc_runtime_Error_Module__diagsEnabled__C                            
00016144  xdc_runtime_Error_Module__diagsIncluded__C                           
00016148  xdc_runtime_Error_Module__diagsMask__C                               
0001614c  xdc_runtime_Error_Module__loggerFxn8__C                              
00016150  xdc_runtime_Error_Module__loggerObj__C                               
00016154  xdc_runtime_Error_policyFxn__C                                       
00016158  xdc_runtime_Error_policy__C                                          
0001615c  xdc_runtime_Error_raiseHook__C                                       
00016160  xdc_runtime_IGateProvider_Interface__BASE__C                         
00016164  xdc_runtime_IHeap_Interface__BASE__C                                 
00016168  xdc_runtime_IModule_Interface__BASE__C                               
0001616c  xdc_runtime_Log_L_error__C                                           
00016170  xdc_runtime_Memory_defaultHeapInstance__C                            
00016174  xdc_runtime_Startup_execImpl__C                                      
00016178  xdc_runtime_Startup_maxPasses__C                                     
0001617c  xdc_runtime_Startup_sfxnRts__C                                       
00016180  xdc_runtime_Startup_sfxnTab__C                                       
00016184  xdc_runtime_System_Module__gateObj__C                                
00016188  xdc_runtime_System_abortFxn__C                                       
0001618c  xdc_runtime_System_exitFxn__C                                        
00016190  xdc_runtime_System_extendFxn__C                                      
00016194  xdc_runtime_System_maxAtexitHandlers__C                              
00016198  xdc_runtime_Text_charTab__C                                          
0001619c  xdc_runtime_Text_nameEmpty__C                                        
000161a0  xdc_runtime_Text_nameStatic__C                                       
000161a4  xdc_runtime_Text_nameUnknown__C                                      
000161a8  xdc_runtime_Text_nodeTab__C                                          
000161ac  xdc_runtime_Text_visitRopeFxn__C                                     
000161b0  ti_sysbios_family_arm_v7r_vim_Hwi_Module__loggerDefined__C           
000161b2  ti_sysbios_gates_GateMutex_Module__id__C                             
000161b4  ti_sysbios_hal_Hwi_Module__id__C                                     
000161b6  ti_sysbios_heaps_HeapMem_Module__id__C                               
000161b8  ti_sysbios_knl_Clock_Module__id__C                                   
000161ba  ti_sysbios_knl_Clock_Module__loggerDefined__C                        
000161bc  ti_sysbios_knl_Event_Module__id__C                                   
000161be  ti_sysbios_knl_Event_Module__loggerDefined__C                        
000161c0  ti_sysbios_knl_Semaphore_Module__id__C                               
000161c2  ti_sysbios_knl_Semaphore_Module__loggerDefined__C                    
000161c4  ti_sysbios_knl_Swi_Module__id__C                                     
000161c6  ti_sysbios_knl_Swi_Module__loggerDefined__C                          
000161c8  ti_sysbios_knl_Task_Module__id__C                                    
000161ca  ti_sysbios_knl_Task_Module__loggerDefined__C                         
000161cc  ti_sysbios_timers_rti_Timer_Module__id__C                            
000161ce  ti_sysbios_timers_rti_Timer_continueOnSuspend__C                     
000161d0  xdc_runtime_Core_Module__id__C                                       
000161d2  xdc_runtime_Error_Module__loggerDefined__C                           
000161d4  xdc_runtime_Error_maxDepth__C                                        
000161d6  xdc_runtime_Main_Module__id__C                                       
000161d8  xdc_runtime_Memory_Module__id__C                                     
000161da  xdc_runtime_Text_charCnt__C                                          
000161dc  xdc_runtime_Text_isLoaded__C                                         
000161de  xdc_runtime_Text_registryModsLastId__C                               
000161e0  xdc_runtime_Text_unnamedModsLastId__C                                
000161e8  __TI_static_base__                                                   
00016508  __TI_Handler_Table_Base                                              
00016514  __TI_Handler_Table_Limit                                             
00016530  __TI_CINIT_Base                                                      
00016550  __TI_CINIT_Limit                                                     
08000000  ti_sysbios_heaps_HeapMem_Instance_State_0_buf__A                     
08008000  ti_sysbios_family_arm_exc_Exception_Module_State_0_excStack_0__A     
08009000  ti_sysbios_knl_Task_Instance_State_0_stack__A                        
08009800  gCLI                                                                 
080099a4  gGPIOMCB                                                             
08009b38  __CIOBUF_                                                            
08009c58  gMMWave_MCB                                                          
08009d54  __TI_tmpnams                                                         
08009df4  gEsmMCB                                                              
08009e64  gMMWave_DualcoreMCB                                                  
08009e6c  parmbuf                                                              
08009e78  __stack                                                              
0800ae78  __STACK_END                                                          
0800ae80  rl_txMsg                                                             
0800af80  rl_rxMsg                                                             
0800b264  ti_sysbios_family_arm_v7r_vim_Hwi_Module_State_0_dispatchTable__A    
0800b464  __TI_cleanup_ptr                                                     
0800b468  __TI_dtors_ptr                                                       
0800b46c  __TI_enable_exit_profile_output                                      
0800b470  isSpeaking                                                           
0800b471  hasUpdated                                                           
0800b474  dataLength                                                           
0800b478  rxDataLength                                                         
0800b47c  frameType                                                            
0800b480  BestX                                                                
0800b484  BestY                                                                
0800b488  canHandle                                                            
0800b48c  txMsgObjHandle                                                       
0800b490  CmdEnglishHeader                                                     
0800b498  txMsgObjectParams                                                    
0800b4a4  rxData                                                               
0800b4e4  CmdEnglish                                                           
0800b550  gMrrMSSMCB                                                           
0800b5c0  _ftable                                                              
0800b6b0  ti_sysbios_knl_Swi_Module_State_0_readyQ__A                          
0800b730  ti_sysbios_knl_Task_Module_State_0_readyQ__A                         
0800b7b0  _device                                                              
0800b828  ti_sysbios_knl_Task_Object__table__V                                 
0800b884  gUartSciHwCfg                                                        
0800b8dc  _stream                                                              
0800b92c  gMailboxMCB                                                          
0800b97c  ti_sysbios_knl_Task_Module__state__V                                 
0800b9c4  SOC_TranslateAddr_LUT                                                
0800ba04  ti_sysbios_gates_GateMutex_Object__table__V                          
0800ba44  ti_sysbios_timers_rti_Timer_Object__table__V                         
0800ba80  ti_sysbios_family_arm_v7r_vim_Hwi_Module__state__V                   
0800bab4  ti_sysbios_knl_Swi_Object__table__V                                  
0800bae4  ti_sysbios_family_arm_v7r_vim_Hwi_Object__table__V                   
0800bb10  ti_sysbios_knl_Clock_Module__state__V                                
0800bb3c  gUartSciFxnTable                                                     
0800bb64  gTxDoneFlag                                                          
0800bb68  gRxDoneFlag                                                          
0800bb6c  gParityErrFlag                                                       
0800bb70  gTxPkts                                                              
0800bb74  gRxPkts                                                              
0800bb78  gErrStatusInt                                                        
0800bb7c  iterationCount                                                       
0800bb80  msgLstErrCnt                                                         
0800bb84  gDisplayStats                                                        
0800bb88  gSensPosVal                                                          
0800bb8c  UART_config                                                          
0800bbb0  ti_sysbios_BIOS_Module__state__V                                     
0800bbd4  xdc_runtime_Error_IgnoreBlock                                        
0800bbf4  xdc_runtime_System_Module_State_0_atexitHandlers__A                  
0800bc14  ti_sysbios_knl_Swi_Module__state__V                                  
0800bc30  gMailboxMssBssHwCfg                                                  
0800bc48  gMailboxMssDssHwCfg                                                  
0800bc60  ti_sysbios_heaps_HeapMem_Object__table__V                            
0800bc78  ti_sysbios_timers_rti_Timer_Module_State_0_device__A                 
0800bc90  gSOCHwAttrib                                                         
0800bca4  ti_sysbios_family_arm_exc_Exception_Module__state__V                 
0800bcb8  __TI_ft_end                                                          
0800bcbc  __aeabi_stdin                                                        
0800bcc0  __aeabi_stdout                                                       
0800bcc4  __aeabi_stderr                                                       
0800bcc8  ti_sysbios_timers_rti_Timer_Module_State_0_intFreqs__A               
0800bcd8  ti_sysbios_timers_rti_Timer_Module__state__V                         
0800bce8  gCanFdHwCfg                                                          
0800bcf4  gESMHwCfgAttrs                                                       
0800bd00  _lock                                                                
0800bd04  _unlock                                                              
0800bd08  gGPIOHwAtrrib                                                        
0800bd10  ti_sysbios_family_arm_v7r_vim_Hwi_Module__root__V                    
0800bd18  ti_sysbios_gates_GateHwi_Module__root__V                             
0800bd20  ti_sysbios_gates_GateMutex_Module__root__V                           
0800bd28  ti_sysbios_hal_Hwi_Object__table__V                                  
0800bd30  ti_sysbios_heaps_HeapMem_Module__root__V                             
0800bd38  ti_sysbios_knl_Queue_Module__root__V                                 
0800bd40  ti_sysbios_knl_Semaphore_Module__root__V                             
0800bd48  ti_sysbios_knl_Task_Module__root__V                                  
0800bd50  ti_sysbios_timers_rti_Timer_Module_State_0_handles__A                
0800bd58  xdc_runtime_Registry_Module__state__V                                
0800bd60  xdc_runtime_Startup_Module__state__V                                 
0800bd68  xdc_runtime_System_Module__state__V                                  
0800bd70  gCRCRegister                                                         
0800bd74  gPinmuxRegs                                                          
0800bd7c  errno                                                                
0800bd88  main_func_sp                                                         
0800bd8c  ti_sysbios_family_arm_exc_Exception_Module_State_0_excContext__A     
0800bd90  ti_sysbios_family_arm_exc_Exception_Module_State_0_excStackBuffers__A
0800bd94  ti_sysbios_family_arm_exc_Exception_Module_State_0_excStack__A       
0800bd98  ti_sysbios_gates_GateHwi_Object__table__V                            
0800bd9c  ti_sysbios_heaps_HeapBuf_Module__state__V                            
0800bda0  ti_sysbios_knl_Task_Module_State_0_idleTask__A                       
0800bda4  xdc_runtime_Memory_Module__state__V                                  
0800bda8  ti_sysbios_family_arm_exc_Exception_Module_State_0_excActive__A      
0800bdaa  xdc_runtime_Error_Module__state__V                                   
0800bdb0  ti_sysbios_family_arm_v7r_vim_Hwi_Module_State_0_fiqStack__A         
fffffdec  ti_sysbios_family_arm_v7r_vim_Hwi_vim                                
ffffffff  __TI_pprof_out_hndl                                                  
ffffffff  __TI_prof_data_size                                                  
ffffffff  __TI_prof_data_start                                                 
ffffffff  __binit__                                                            
ffffffff  __c_args__                                                           
ffffffff  binit                                                                
UNDEFED   SHT$$INIT_ARRAY$$Base                                                
UNDEFED   SHT$$INIT_ARRAY$$Limit                                               

[911 symbols]
