******************************************************************************
                  TI ARM Linker PC v16.9.6                     
******************************************************************************
>> Linked Fri Jul 03 14:02:16 2020

OUTPUT FILE NAME:   <mrr_18xx_mss.xer4f>
ENTRY POINT SYMBOL: "_c_int00"  address: 0000f21c


MEMORY CONFIGURATION

         name            origin    length      used     unused   attr    fill
----------------------  --------  ---------  --------  --------  ----  --------
  VECTORS               00000000   00000100  0000003c  000000c4     X
  PROG_RAM              00000100   0007ff00  00015e28  0006a0d8  R  X
  DATA_RAM              08000000   00030000  0000c534  00023acc  RW  
  HWA_RAM               52030000   00010000  00000000  00010000  RW  
  HS_RAM                52080000   00008000  00000000  00008000  RW  


SEGMENT ALLOCATION MAP

run origin  load origin   length   init length attrs members
----------  ----------- ---------- ----------- ----- -------
00000000    00000000    0000003c   0000003c    r--
  00000000    00000000    0000003c   0000003c    r-- .vecs
00000100    00000100    00015e30   00015e30    r-x
  00000100    00000100    00013374   00013374    r-x .text
  00013478    00013478    00002764   00002764    r-- .const
  00015be0    00015be0    00000350   00000350    r-- .cinit
08000000    08000000    0000ae78   00000000    rw-
  08000000    08000000    00008000   00000000    rw- systemHeap
  08008000    08008000    00001e78   00000000    rw- .bss
  08009e78    08009e78    00001000   00000000    rw- .stack
0800ae80    0800ae80    000016c0   00000000    rw-
  0800ae80    0800ae80    00000ebc   00000000    rw- .data
  0800bd40    0800bd40    00000800   00000000    rw- .myFiqStack


SECTION ALLOCATION MAP

 output                                  attributes/
section   page    origin      length       input sections
--------  ----  ----------  ----------   ----------------
.text      0    00000100    00013374     
                  00000100    0000107a     rtsv7R4_T_le_v3D16_eabi.lib : _printfi.obj (.text)
                  0000117a    00000006     libosal_xwr18xx.aer4f : HwiP_tirtos.oer4f (.text:HwiP_restore)
                  00001180    00000750     sysbios.aer4f : BIOS.obj (.text:xdc_runtime_System_doPrint__I)
                  000018d0    00000684     rtsv7R4_T_le_v3D16_eabi.lib : e_pow.obj (.text)
                  00001f54    000005e0     mss_main.obj (.text:MRR_MSS_initTask)
                  00002534    0000000c     libcanfd_xwr18xx.aer4f : mcan.oer4f (.text:MCAN_clearIntrStatus)
                  00002540    000004fc     sysbios.aer4f : BIOS.obj (.text:ti_sysbios_knl_Semaphore_pend__E)
                  00002a3c    00000004     libosal_xwr18xx.aer4f : HwiP_tirtos.oer4f (.text:HwiP_disableInterrupt)
                  00002a40    000003f0     sysbios.aer4f : BIOS.obj (.text:ti_sysbios_heaps_HeapMem_freeUnprotected__E)
                  00002e30    00000388                   : BIOS.obj (.text:ti_sysbios_knl_Task_Instance_finalize__E)
                  000031b8    00000368     mss_main.obj (.text:MmwDemo_mboxReadTask)
                  00003520    00000354     sysbios.aer4f : BIOS.obj (.text:ti_sysbios_heaps_HeapMem_allocUnprotected__E)
                  00003874    0000000c     libcanfd_xwr18xx.aer4f : mcan.oer4f (.text:MCAN_getIntrStatus)
                  00003880    0000030c     sysbios.aer4f : BIOS.obj (.text:ti_sysbios_knl_Task_sleep__E)
                  00003b8c    00000300     libsoc_xwr18xx.aer4f : soc_xwr18xx_mss.oer4f (.text:SOC_deviceInit)
                  00003e8c    00000004     libosal_xwr18xx.aer4f : HwiP_tirtos.oer4f (.text:HwiP_enableInterrupt)
                  00003e90    000002fc     sysbios.aer4f : BIOS.obj (.text:ti_sysbios_family_arm_exc_Exception_excDumpContext__I)
                  0000418c    00000004     libmmwave_xwr18xx.aer4f : mmwave_link.oer4f (.text:MMWave_disableDevice)
                  00004190    000002d4     sysbios.aer4f : BIOS.obj (.text:ti_sysbios_family_arm_v7r_vim_Hwi_dispatchIRQC__I)
                  00004464    0000000c     libcanfd_xwr18xx.aer4f : mcan.oer4f (.text:MCAN_getTxBufReqPend)
                  00004470    000002cc     sysbios.aer4f : BIOS.obj (.text:ti_sysbios_knl_Task_Instance_init__E)
                  0000473c    000002b8     rtsv7R4_T_le_v3D16_eabi.lib : ull_div32.obj (.text)
                  000049f4    0000000c     libcanfd_xwr18xx.aer4f : mcan.oer4f (.text:MCAN_getTxBufTransmissionStatus)
                  00004a00    0000029c     sysbios.aer4f : BIOS.obj (.text:ti_sysbios_family_arm_exc_Exception_excHandler__I)
                  00004c9c    00000284     libmmwave_xwr18xx.aer4f : mmwave_dualcore.oer4f (.text:MMWave_deviceExecuteFxn)
                  00004f20    00000274     mss_main.obj (.text:Can_Initialize)
                  00005194    0000000c     libcanfd_xwr18xx.aer4f : mcan.oer4f (.text:MCAN_txBufCancellationStatus)
                  000051a0    00000264     sysbios.aer4f : BIOS.obj (.text:xdc_runtime_Error_policyDefault__E)
                  00005404    00000260     libmailbox_xwr18xx.aer4f : mailbox.oer4f (.text:Mailbox_open)
                  00005664    0000000c     libmmwave_xwr18xx.aer4f : mmwave_dualcore.oer4f (.text:MMWave_deviceMailboxCallbackFxn)
                  00005670    00000260     sysbios.aer4f : BIOS.obj (.text:ti_sysbios_knl_Semaphore_post__E)
                  000058d0    00000260                   : BIOS.obj (.text:ti_sysbios_knl_Task_Module_startup__E)
                  00005b30    00000254                   : BIOS.obj (.text:ti_sysbios_knl_Event_post__E)
                  00005d84    00000250     mss_mrr_cli.obj (.text:MRR_MSS_CLIAdvancedFrameCfg)
                  00005fd4    0000000c     libmmwave_xwr18xx.aer4f : mmwave_osal.oer4f (.text:MMWave_osalMutexUnlock)
                  00005fe0    00000238     sysbios.aer4f : BIOS.obj (.text:ti_sysbios_timers_rti_Timer_Module_startup__E)
                  00006218    00000220     libcanfd_xwr18xx.aer4f : canfd.oer4f (.text:CANFD_init)
                  00006438    00000214     libuart_xwr18xx.aer4f : uartsci.oer4f (.text:UartSci_open)
                  0000664c    00000200     libcrc_xwr18xx.aer4f : crc.oer4f (.text:CRC_open)
                  0000684c    00000004     libmmwave_xwr18xx.aer4f : mmwave_link.oer4f (.text:MMWave_enableDevice)
                  00006850    000001f8     sysbios.aer4f : BIOS.obj (.text:ti_sysbios_family_arm_v7r_vim_Hwi_reconfig__E)
                  00006a48    00000008     libosal_xwr18xx.aer4f : HwiP_tirtos.oer4f (.text:HwiP_disable)
                  00006a50    000001f8     sysbios.aer4f : BIOS.obj (.text:ti_sysbios_heaps_HeapMem_Instance_init__E)
                  00006c48    000001f0     libDMA_xwr18xx.aer4f : dma.oer4f (.text:DMA_setChannelParams)
                  00006e38    00000008     libmmwave_xwr18xx.aer4f : mmwave.oer4f (.text:MMWave_decodeErrorLevel)
                  00006e40    000001ec     sysbios.aer4f : BIOS.obj (.text:xdc_runtime_Core_createObject__I)
                  0000702c    000001d8     mss_mrr_cli.obj (.text:MRR_MSS_CLIBasicCfg)
                  00007204    0000000c     libmmwave_xwr18xx.aer4f : mmwave_osal.oer4f (.text:MMWave_osalSemSignal)
                  00007210    000001d4     sysbios.aer4f : BIOS.obj (.text:ti_sysbios_knl_Clock_workFunc__E)
                  000073e4    000001c8     rtsv7R4_T_le_v3D16_eabi.lib : fopen.obj (.text)
                  000075ac    000001a4     libcanfd_xwr18xx.aer4f : canfd.oer4f (.text:CANFD_MCANInt0Isr)
                  00007750    000001a0     sysbios.aer4f : BIOS.obj (.text:ti_sysbios_knl_Swi_run__I)
                  000078f0    00000190                   : BIOS.obj (.text:ti_sysbios_family_arm_v7r_vim_Hwi_Instance_init__E)
                  00007a80    00000190                   : BIOS.obj (.text:xdc_runtime_Core_constructObject__I)
                  00007c10    00000188     mss_mrr_per4f.oer4f (.text:xdc_runtime_System_printfExtend__I)
                  00007d98    00000184     libmmwavelink_xwr18xx.aer4f : rl_driver.oer4f (.text:rlDriverCmdInvoke)
                  00007f1c    00000004     libmmwave_xwr18xx.aer4f : mmwave_listlib.oer4f (.text:MMWave_listGetHead)
                  00007f20    00000184     sysbios.aer4f : BIOS.obj (.text:xdc_runtime_Startup_startMods__I)
                  000080a4    00000180     libmmwavelink_xwr18xx.aer4f : rl_driver.oer4f (.text:rlDriverRxHdrRead)
                  00008224    0000017c     libcanfd_xwr18xx.aer4f : canfd.oer4f (.text:CANFD_createMsgObject)
                  000083a0    00000178     mss_mrr_cli.obj (.text:MRR_MSS_CLIInit)
                  00008518    00000008     libmmwave_xwr18xx.aer4f : mmwave_link.oer4f (.text:MMWave_mboxCallbackFxn)
                  00008520    00000174     sysbios.aer4f : BIOS.obj (.text:ti_sysbios_family_arm_v7r_vim_Hwi_Module_startup__E)
                  00008694    0000000c     mss_main.obj (.text:MmwDemo_mboxCallback)
                  000086a0    00000174     sysbios.aer4f : BIOS.obj (.text:ti_sysbios_heaps_HeapBuf_Module_startup__E)
                  00008814    0000000c     libuart_xwr18xx.aer4f : UART.oer4f (.text:UART_Params_init)
                  00008820    00000174     sysbios.aer4f : BIOS.obj (.text:ti_sysbios_timers_rti_Timer_getFreq__E)
                  00008994    00000170     libgpio_xwr18xx.aer4f : gpio.oer4f (.text:GPIO_setConfig)
                  00008b04    0000015c     libcanfd_xwr18xx.aer4f : mcan.oer4f (.text:MCAN_msgRAMConfig)
                  00008c60    00000154     sysbios.aer4f : BIOS.obj (.text:ti_sysbios_knl_Task_exit__E)
                  00008db4    0000014c     libmmwave_xwr18xx.aer4f : mmwave_link.oer4f (.text:MMWave_initMMWaveLink)
                  00008f00    0000014a     libuart_xwr18xx.aer4f : uartsci.oer4f (.text:UartSci_ISR)
                  0000904a    00000002     libmmwave_xwr18xx.aer4f : mmwave_link.oer4f (.text:MMWave_maskHostIRQ)
                  0000904c    00000148                             : mmwave_link.oer4f (.text:MMWave_openLink)
                  00009194    0000000c     libuart_xwr18xx.aer4f : uartsci_dma.oer4f (.text:UartSci_isDMAEnabled)
                  000091a0    00000148     sysbios.aer4f : BIOS.obj (.text:ti_sysbios_knl_Task_checkStacks__E)
                  000092e8    00000008     libosal_xwr18xx.aer4f : SemaphoreP_tirtos.oer4f (.text:SemaphoreP_Params_init)
                  000092f0    00000138     sysbios.aer4f : BIOS.obj (.text:ti_sysbios_knl_Task_schedule__I)
                  00009428    00000008     libmmwavelink_xwr18xx.aer4f : rl_driver.oer4f (.text:rlDriverConstructOutMsg)
                  00009430    00000130     sysbios.aer4f : BIOS.obj (.text:ti_sysbios_knl_Task_startCore__E)
                  00009560    00000128     libmmwavelink_xwr18xx.aer4f : rl_driver.oer4f (.text:rlDriverMsgRead)
                  00009688    00000008                                 : rl_driver.oer4f (.text:rlDriverGetHandle)
                  00009690    00000124     sysbios.aer4f : BIOS.obj (.text:ti_sysbios_gates_GateMutex_enter__E)
                  000097b4    0000000c     rtsv7R4_T_le_v3D16_eabi.lib : copy_zero_init.obj (.text:decompress:ZI)
                  000097c0    00000120     sysbios.aer4f : BIOS.obj (.text:ti_sysbios_knl_Swi_post__E)
                  000098e0    0000011c     libcanfd_xwr18xx.aer4f : canfd.oer4f (.text:CANFD_transmitData)
                  000099fc    00000004     libmmwave_xwr18xx.aer4f : mmwave_link.oer4f (.text:MMWave_mboxClose)
                  00009a00    0000011c     sysbios.aer4f : BIOS.obj (.text:ti_sysbios_timers_rti_Timer_startup__E)
                  00009b1c    00000118     mss_mrr_cli.obj (.text:MRR_MSS_CLISensorStart)
                  00009c34    00000114     libsoc_xwr18xx.aer4f : soc_xwr18xx_mss.oer4f (.text:SOC_setPeripheralClock)
                  00009d48    00000114     libmmwavelink_xwr18xx.aer4f : rl_driver.oer4f (.text:rlDriverCmdSendRetry)
                  00009e5c    0000010c     libmmwave_xwr18xx.aer4f : mmwave_dualcore.oer4f (.text:MMWave_deviceInitFxn)
                  00009f68    00000108     libmailbox_xwr18xx.aer4f : mailbox.oer4f (.text:Mailbox_write)
                  0000a070    00000108     sysbios.aer4f : BIOS.obj (.text:ti_sysbios_knl_Semaphore_Instance_init__E)
                  0000a178    00000008     mss_mrr_per4f.oer4f (.text:ti_sysbios_family_arm_TaskSupport_Module__startupDone__S)
                  0000a180    00000106     sysbios.aer4f : BIOS.obj (.text:xdc_runtime_Text_putSite__E)
                  0000a286    00000002     mss_main.obj (.text:MRR_MSS_closeFxn)
                  0000a288    00000104     libmmwave_xwr18xx.aer4f : mmwave_link.oer4f (.text:MMWave_startLink)
                  0000a38c    00000004                             : mmwave_link.oer4f (.text:MMWave_mboxRead)
                  0000a390    00000100     sysbios.aer4f : BIOS.obj (.text:xdc_runtime_Text_putMod__E)
                  0000a490    000000fc     libcrc_xwr18xx.aer4f : crc.oer4f (.text:CRC_computeSignature)
                  0000a58c    000000fc     libDMA_xwr18xx.aer4f : dma.oer4f (.text:DMA_disableInterrupt)
                  0000a688    000000fc     libcanfd_xwr18xx.aer4f : mcan.oer4f (.text:MCAN_init)
                  0000a784    000000fc     libmmwavelink_xwr18xx.aer4f : rl_driver.oer4f (.text:rlDriverInit)
                  0000a880    000000fc     sysbios.aer4f : BIOS.obj (.text:ti_sysbios_knl_Task_blockI__E)
                  0000a97c    000000f8     mss_main.obj (.text:MCANAppCallback)
                  0000aa74    000000f8     libmmwavelink_xwr18xx.aer4f : rl_driver.oer4f (.text:rlDriverRdVerifyMsg)
                  0000ab6c    00000004     libmmwave_xwr18xx.aer4f : mmwave_link.oer4f (.text:MMWave_registerInterruptHandler)
                  0000ab70    000000f8     sysbios.aer4f : BIOS.obj (.text:ti_sysbios_knl_Task_postInit__I)
                  0000ac68    00000006     libmmwavelink_xwr18xx.aer4f : rl_controller.oer4f (.text:rlGetSubBlockId)
                  0000ac6e    00000002     mss_main.obj (.text:MRR_MSS_openFxn)
                  0000ac70    000000f4     sysbios.aer4f : BIOS.obj (.text:ti_sysbios_family_arm_v7r_vim_Hwi_mapChannel__I)
                  0000ad64    0000000c     libmmwavelink_xwr18xx.aer4f : rl_driver.oer4f (.text:rlDriverGetPlatformId)
                  0000ad70    000000f4     sysbios.aer4f : BIOS.obj (.text:ti_sysbios_knl_Task_unblockI__E)
                  0000ae64    000000ec     mss_mrr_cli.obj (.text:MRR_MSS_CLISensorStop)
                  0000af50    000000ec     auto_init.aer4f : auto_init.oer4f (.text)
                  0000b03c    000000ec     rtsv7R4_T_le_v3D16_eabi.lib : s_scalbn.obj (.text)
                  0000b128    000000e8     libcanfd_xwr18xx.aer4f : mcan.oer4f (.text:MCAN_writeMsgRam)
                  0000b210    000000e4     libDMA_xwr18xx.aer4f : dma.oer4f (.text:DMA_clearChannelInterruptFlag)
                  0000b2f4    000000e4     libmmwave_xwr18xx.aer4f : mmwave_link.oer4f (.text:MMWave_asyncEventHandler)
                  0000b3d8    000000dc     rtsv7R4_T_le_v3D16_eabi.lib : setvbuf.obj (.text)
                  0000b4b4    0000000c     sysbios.aer4f : tms570_Core_asm.obj (.text:ti_sysbios_family_arm_v7r_tms570_Core_getId__E)
                  0000b4c0    000000dc                   : BIOS.obj (.text:ti_sysbios_family_arm_v7r_vim_Hwi_initIntController__I)
                  0000b59c    00000004     libmmwave_xwr18xx.aer4f : mmwave_link.oer4f (.text:MMWave_unmaskHostIRQ)
                  0000b5a0    000000dc     sysbios.aer4f : BIOS.obj (.text:xdc_runtime_Memory_alloc__E)
                  0000b67c    000000d8     libDMA_xwr18xx.aer4f : dma.oer4f (.text:DMA_enableInterrupt)
                  0000b754    000000d8     libmmwave_xwr18xx.aer4f : mmwave.oer4f (.text:MMWave_init)
                  0000b82c    000000d4     libmailbox_xwr18xx.aer4f : mailbox.oer4f (.text:Mailbox_read)
                  0000b900    000000d0     libsoc_xwr18xx.aer4f : soc_xwr18xx_mss.oer4f (.text:SOC_controlSecureFirewall)
                  0000b9d0    000000d0     sysbios.aer4f : exc_Exception_asm.obj (.text:ti_sysbios_family_arm_exc_Exception_excHandlerAsm__I)
                  0000baa0    000000cc     libcanfd_xwr18xx.aer4f : mcan.oer4f (.text:MCAN_readMsgRam)
                  0000bb6c    000000cc     libmmwavelink_xwr18xx.aer4f : rl_sensor.oer4f (.text:rlRfCalibDataRestore)
                  0000bc38    000000cc                                 : rl_sensor.oer4f (.text:rlSetChirpConfig)
                  0000bd04    000000cc     rtsv7R4_T_le_v3D16_eabi.lib : fflush.obj (.text)
                  0000bdd0    000000cc     sysbios.aer4f : BIOS.obj (.text:ti_sysbios_timers_rti_Timer_initDevice__I)
                  0000be9c    000000c8     libmmwave_xwr18xx.aer4f : mmwave_fullcfg.oer4f (.text:MMWave_addChirp)
                  0000bf64    000000c8                             : mmwave_fullcfg.oer4f (.text:MMWave_flushCfg)
                  0000c02c    000000c4     mss_main.obj (.text:main)
                  0000c0f0    000000c4     sysbios.aer4f : BIOS.obj (.text:ti_sysbios_family_arm_v7r_vim_Hwi_Instance_finalize__E)
                  0000c1b4    000000c0     libmmwavelink_xwr18xx.aer4f : rl_driver.oer4f (.text:rlDriverMsgWrite)
                  0000c274    000000c0                                 : rl_sensor.oer4f (.text:rlSetFrameConfig)
                  0000c334    000000bc     libgpio_xwr18xx.aer4f : gpio.oer4f (.text:GPIO_write)
                  0000c3f0    000000bc     libmmwave_xwr18xx.aer4f : mmwave_link.oer4f (.text:MMWave_computeCRC)
                  0000c4ac    000000bc     rtsv7R4_T_le_v3D16_eabi.lib : open.obj (.text)
                  0000c568    00000006     libmmwavelink_xwr18xx.aer4f : rl_controller.oer4f (.text:rlGetSubBlockLen)
                  0000c56e    00000002     libuart_xwr18xx.aer4f : uartsci.oer4f (.text:UartSci_init)
                  0000c570    000000bc     sysbios.aer4f : BIOS.obj (.text:xdc_runtime_Core_deleteObject__I)
                  0000c62c    000000b6     libsoc_xwr18xx.aer4f : soc_mpu.o (.text)
                  0000c6e2    00000002     rtsv7R4_T_le_v3D16_eabi.lib : i_div0.obj (.text)
                  0000c6e4    000000b4     mss_main.obj (.text:Can_Transmit_Schedule)
                  0000c798    00000004     libmmwave_xwr18xx.aer4f : mmwave_link.oer4f (.text:MMWave_waitIRQStatus)
                  0000c79c    00000004     mss_mrr_per4f.oer4f (.text:ti_sysbios_BIOS_RtsGateProxy_enter__E)
                  0000c7a0    000000b4     sysbios.aer4f : BIOS.obj (.text:ti_sysbios_knl_Swi_restoreHwi__E)
                  0000c854    000000b2     libuart_xwr18xx.aer4f : uartsci_dma.oer4f (.text:UartSci_openDMA)
                  0000c906    00000002     --HOLE-- [fill = 0]
                  0000c908    000000b0     libcanfd_xwr18xx.aer4f : mcan.oer4f (.text:MCAN_config)
                  0000c9b8    000000b0     libmmwave_xwr18xx.aer4f : mmwave_fullcfg.oer4f (.text:MMWave_addProfile)
                  0000ca68    000000b0     libmmwavelink_xwr18xx.aer4f : rl_sensor.oer4f (.text:rlSetProfileConfig)
                  0000cb18    000000ae     rtsv7R4_T_le_v3D16_eabi.lib : _io_perm.obj (.text)
                  0000cbc6    00000002     --HOLE-- [fill = 0]
                  0000cbc8    000000ac     libesm_xwr18xx.aer4f : esm.oer4f (.text:ESM_processInterrupt)
                  0000cc74    000000ac     libcanfd_xwr18xx.aer4f : mcan.oer4f (.text:MCAN_setBitTime)
                  0000cd20    000000a8                            : canfd.oer4f (.text:CANFD_configBitTime)
                  0000cdc8    000000a8     libpinmux_xwr18xx.aer4f : pinmux.oer4f (.text:Pinmux_Set_OverrideCtrl)
                  0000ce70    000000a8     libmmwavelink_xwr18xx.aer4f : rl_sensor.oer4f (.text:rlSetAdvFrameConfig)
                  0000cf18    00000004     mss_mrr_per4f.oer4f (.text:ti_sysbios_BIOS_RtsGateProxy_leave__E)
                  0000cf1c    00000004     mss_mrr_per4f.oer4f (.text:ti_sysbios_BIOS_nullFunc__I)
                  0000cf20    000000a8     sysbios.aer4f : BIOS.obj (.text:ti_sysbios_knl_Swi_schedule__I)
                  0000cfc8    00000004     mss_mrr_per4f.oer4f (.text:ti_sysbios_family_arm_v7r_vim_Hwi_delete)
                  0000cfcc    00000004     mss_mrr_per4f.oer4f (.text:ti_sysbios_heaps_HeapMem_Module_GateProxy_enter__E)
                  0000cfd0    000000a8     sysbios.aer4f : BIOS.obj (.text:xdc_runtime_Error_print__E)
                  0000d078    000000a4     libDMA_xwr18xx.aer4f : dma.oer4f (.text:DMA_assignChannel)
                  0000d11c    000000a4                          : dma.oer4f (.text:DMA_getChannelInterruptFlag)
                  0000d1c0    000000a4     libesm_xwr18xx.aer4f : esm.oer4f (.text:ESM_init)
                  0000d264    000000a4     libmmwave_xwr18xx.aer4f : mmwave_fullcfg.oer4f (.text:MMWave_addBpmChirp)
                  0000d308    000000a4                             : mmwave.oer4f (.text:MMWave_start)
                  0000d3ac    000000a4     libsoc_xwr18xx.aer4f : soc_xwr18xx_mss.oer4f (.text:SOC_unhaltDSS)
                  0000d450    000000a0                          : soc.oer4f (.text:SOC_registerSysIntListener)
                  0000d4f0    000000a0     libmmwavelink_xwr18xx.aer4f : rl_driver.oer4f (.text:rlDriverWaitForResponse)
                  0000d590    000000a0     sysbios.aer4f : BIOS.obj (.text:xdc_runtime_Startup_exec__E)
                  0000d630    0000009f                   : BIOS.obj (.text:xdc_runtime_Text_putLab__E)
                  0000d6cf    00000001     --HOLE-- [fill = 0]
                  0000d6d0    0000009c     libuart_xwr18xx.aer4f : uartsci.oer4f (.text:UartSci_write)
                  0000d76c    0000009c     rtsv7R4_T_le_v3D16_eabi.lib : memcpy_t2.obj (.text)
                  0000d808    00000004     mss_mrr_per4f.oer4f (.text:ti_sysbios_heaps_HeapMem_Module_GateProxy_leave__E)
                  0000d80c    00000004     mss_mrr_per4f.oer4f (.text:ti_sysbios_knl_Clock_TimerProxy_getMaxTicks__E)
                  0000d810    0000009c     sysbios.aer4f : BIOS.obj (.text:ti_sysbios_heaps_HeapMem_alloc__E)
                  0000d8ac    00000004     mss_mrr_per4f.oer4f (.text:ti_sysbios_knl_Semaphore_delete)
                  0000d8b0    0000009c     sysbios.aer4f : BIOS.obj (.text:ti_sysbios_knl_Clock_logTick__E)
                  0000d94c    00000004     mss_mrr_per4f.oer4f (.text:xdc_runtime_Startup_reset__I)
                  0000d950    0000009c     sysbios.aer4f : BIOS.obj (.text:xdc_runtime_Text_visitRope2__I)
                  0000d9ec    00000098     libcanfd_xwr18xx.aer4f : canfd.oer4f (.text:CANFD_configMessageRAM)
                  0000da84    00000098     libsoc_xwr18xx.aer4f : soc_xwr18xx_mss.oer4f (.text:SOC_initPeripheralRam)
                  0000db1c    00000098     rtsv7R4_T_le_v3D16_eabi.lib : fclose.obj (.text)
                  0000dbb4    00000098                                 : fputc.obj (.text)
                  0000dc4c    00000098     sysbios.aer4f : vim_Hwi_asm_switch.obj (.text)
                  0000dce4    0000000a     libosal_xwr18xx.aer4f : MemoryP_tirtos.oer4f (.text:MemoryP_ctrlFree)
                  0000dcee    00000002     --HOLE-- [fill = 0]
                  0000dcf0    00000098     sysbios.aer4f : BIOS.obj (.text:xdc_runtime_Assert_raise__I)
                  0000dd88    00000096     libuart_xwr18xx.aer4f : uartsci.oer4f (.text:UartSci_readChar)
                  0000de1e    00000002     --HOLE-- [fill = 0]
                  0000de20    00000094     libmmwavelink_xwr18xx.aer4f : rl_driver.oer4f (.text:rlDriverDeInit)
                  0000deb4    00000094                                 : rl_driver.oer4f (.text:rlDriverMsgReadCmdCtx)
                  0000df48    00000094     sysbios.aer4f : vim_Hwi_asm.obj (.text:ti_sysbios_family_arm_v7r_vim_Hwi_dispatchIRQ__I)
                  0000dfdc    00000093     mss_main.obj (.text:MRR_MSS_eventFxn)
                  0000e06f    00000001     --HOLE-- [fill = 0]
                  0000e070    00000090     libgpio_xwr18xx.aer4f : gpio.oer4f (.text:GPIO_init)
                  0000e100    00000090     libmailbox_xwr18xx.aer4f : mailbox.oer4f (.text:Mailbox_close)
                  0000e190    00000090     libuart_xwr18xx.aer4f : uartsci_dma.oer4f (.text:UartSci_initiateTxDMA)
                  0000e220    00000090                           : uartsci.oer4f (.text:UartSci_read)
                  0000e2b0    00000090     sysbios.aer4f : BIOS.obj (.text:ti_sysbios_knl_Swi_startup__E)
                  0000e340    00000090                   : BIOS.obj (.text:xdc_runtime_Core_assignLabel__I)
                  0000e3d0    0000008c     libsoc_xwr18xx.aer4f : soc_xwr18xx.oer4f (.text:SOC_translateAddress)
                  0000e45c    0000008c     libuart_xwr18xx.aer4f : uartsci_dma.oer4f (.text:UartSci_initiateRxDMA)
                  0000e4e8    0000008c     libmmwavelink_xwr18xx.aer4f : rl_device.oer4f (.text:rlDevicePowerOn)
                  0000e574    0000008c                                 : rl_driver.oer4f (.text:rlDriverMsgCmdReply)
                  0000e600    0000008c     sysbios.aer4f : BIOS.obj (.text:ti_sysbios_knl_Swi_runLoop__I)
                  0000e68c    00000088     cfg.obj (.text:Cfg_ChirpCfgInitParams)
                  0000e714    00000088     libsoc_xwr18xx.aer4f : soc.oer4f (.text:SOC_init)
                  0000e79c    00000088     rtsv7R4_T_le_v3D16_eabi.lib : vsnprintf.obj (.text)
                  0000e824    00000088     mss_mrr_per4f.oer4f (.text:ti_sysbios_family_arm_v7r_vim_Hwi_create)
                  0000e8ac    00000084     cfg.obj (.text:Cfg_ProfileCfgInitParams)
                  0000e930    00000084     libmmwave_xwr18xx.aer4f : mmwave_dualcore.oer4f (.text:MMWave_deviceCfgAsyncEvent)
                  0000e9b4    00000084                             : mmwave_dualcore.oer4f (.text:MMWave_deviceEventFxn)
                  0000ea38    00000084                             : mmwave.oer4f (.text:MMWave_open)
                  0000eabc    00000004     mss_mrr_per4f.oer4f (.text:xdc_runtime_System_Module_GateProxy_enter__E)
                  0000eac0    00000084     sysbios.aer4f : BIOS.obj (.text:ti_sysbios_heaps_HeapMem_getStats__E)
                  0000eb44    00000080     cfg.obj (.text:Cfg_AdvFrameCfgInitParams)
                  0000ebc4    00000080     libuart_xwr18xx.aer4f : uartsci.oer4f (.text:UartSci_writePolling)
                  0000ec44    00000080     libmmwavelink_xwr18xx.aer4f : rl_driver.oer4f (.text:rlDriverExecuteGetApi)
                  0000ecc4    00000080     mss_mrr_per4f.oer4f (.text:ti_sysbios_knl_Task_create)
                  0000ed44    0000007e     libosal_xwr18xx.aer4f : HwiP_tirtos.oer4f (.text:HwiP_create)
                  0000edc2    00000002     --HOLE-- [fill = 0]
                  0000edc4    0000007c     libmmwave_xwr18xx.aer4f : mmwave_dualcore.oer4f (.text:MMWave_deviceOpenFxn)
                  0000ee40    0000007c     libmailbox_xwr18xx.aer4f : mailbox.oer4f (.text:Mailbox_init)
                  0000eebc    0000007c     libuart_xwr18xx.aer4f : uartsci.oer4f (.text:UartSci_readPolling)
                  0000ef38    0000007c     sysbios.aer4f : arm_TaskSupport_asm.obj (.text:_ti_sysbios_family_arm_TaskSupport_buildTaskStack)
                  0000efb4    0000000a     libosal_xwr18xx.aer4f : SemaphoreP_tirtos.oer4f (.text:SemaphoreP_post)
                  0000efbe    00000002     --HOLE-- [fill = 0]
                  0000efc0    0000007c     sysbios.aer4f : BIOS.obj (.text:ti_sysbios_family_arm_v7r_vim_Hwi_phantomIntHandler__I)
                  0000f03c    0000007a     rtsv7R4_T_le_v3D16_eabi.lib : memset_t2.obj (.text)
                  0000f0b6    00000002     --HOLE-- [fill = 0]
                  0000f0b8    00000078     libcanfd_xwr18xx.aer4f : canfd.oer4f (.text:CANFD_getData)
                  0000f130    00000078     sysbios.aer4f : BIOS.obj (.text:xdc_runtime_System_exit__E)
                  0000f1a8    00000074     libmmwave_xwr18xx.aer4f : mmwave_dualcore.oer4f (.text:MMWave_deviceStartFxn)
                  0000f21c    00000074     boot.aer4f : boot.oer4f (.text)
                  0000f290    00000074     libmmwavelink_xwr18xx.aer4f : rl_driver.oer4f (.text:rlDriverAsyncEventHandler)
                  0000f304    00000074                                 : rl_driver.oer4f (.text:rlDriverProcRdMsg)
                  0000f378    00000074     rtsv7R4_T_le_v3D16_eabi.lib : getdevice.obj (.text)
                  0000f3ec    00000074                                 : s_frexp.obj (.text)
                  0000f460    00000072     libmmwavelink_xwr18xx.aer4f : rl_driver.oer4f (.text:rlDriverClientCbCheck)
                  0000f4d2    0000000e     libosal_xwr18xx.aer4f : SemaphoreP_tirtos.oer4f (.text:SemaphoreP_delete)
                  0000f4e0    00000070     sysbios.aer4f : BIOS.obj (.text:ti_sysbios_family_arm_v7r_vim_Hwi_getStackInfo__E)
                  0000f550    00000070                   : BIOS.obj (.text:xdc_runtime_Text_xprintf__I)
                  0000f5c0    0000006c     libDMA_xwr18xx.aer4f : dma.oer4f (.text:DMA_disableChannel)
                  0000f62c    0000006c     libmmwave_xwr18xx.aer4f : mmwave_link.oer4f (.text:MMWave_spawn)
                  0000f698    0000006c                             : mmwave_link.oer4f (.text:MMWave_stopLink)
                  0000f704    0000006c     libpinmux_xwr18xx.aer4f : pinmux.oer4f (.text:Pinmux_Set_FuncSel)
                  0000f770    0000006c     rtsv7R4_T_le_v3D16_eabi.lib : copy_decompress_lzss.obj (.text:decompress:lzss)
                  0000f7dc    0000006c                                 : trgmsg.obj (.text)
                  0000f848    00000004     mss_mrr_per4f.oer4f (.text:xdc_runtime_System_Module_GateProxy_leave__E)
                  0000f84c    00000004     --HOLE-- [fill = 0]
                  0000f850    0000006c     sysbios.aer4f : BIOS.obj (.text:ti_sysbios_heaps_HeapMem_init__I)
                  0000f8bc    00000004     --HOLE-- [fill = 0]
                  0000f8c0    0000006c                   : BIOS.obj (.text:ti_sysbios_knl_Task_allBlockedFunction__I)
                  0000f92c    00000004     --HOLE-- [fill = 0]
                  0000f930    0000006c                   : BIOS.obj (.text:xdc_runtime_System_atexit__E)
                  0000f99c    0000006a     libuart_xwr18xx.aer4f : uartsci.oer4f (.text:UartSci_control)
                  0000fa06    00000068     libcanfd_xwr18xx.aer4f : canfd.oer4f (.text:CANFD_processFIFOElements)
                  0000fa6e    00000002     --HOLE-- [fill = 0]
                  0000fa70    00000068     libDMA_xwr18xx.aer4f : dma.oer4f (.text:DMA_enableChannel)
                  0000fad8    00000068     libmmwave_xwr18xx.aer4f : mmwave_dualcore.oer4f (.text:MMWave_deviceStopFxn)
                  0000fb40    00000068     libmailbox_xwr18xx.aer4f : mailbox.oer4f (.text:Mailbox_readFlush)
                  0000fba8    00000068     libmmwavelink_xwr18xx.aer4f : rl_driver.oer4f (.text:rlDriverExecuteSetApi)
                  0000fc10    00000068                                 : rl_driver.oer4f (.text:rlDriverHostIrqHandler)
                  0000fc78    00000068     rtsv7R4_T_le_v3D16_eabi.lib : hostlseek.obj (.text)
                  0000fce0    00000068                                 : hostrename.obj (.text)
                  0000fd48    00000008     sysbios.aer4f : BIOS.obj (.tramp.ti_sysbios_family_arm_v7r_vim_Hwi_enableInterrupt__E.1)
                  0000fd50    00000068                   : BIOS.obj (.text:ti_sysbios_family_arm_v7r_tms570_Core_Module_startup__E)
                  0000fdb8    00000008                   : BIOS.obj (.tramp.ti_sysbios_family_arm_v7r_vim_Hwi_disableInterrupt__E.1)
                  0000fdc0    00000068                   : BIOS.obj (.text:xdc_runtime_Core_assignParams__I)
                  0000fe28    00000066     libmmwavelink_xwr18xx.aer4f : rl_device.oer4f (.text:rlDevicePowerOff)
                  0000fe8e    00000002     --HOLE-- [fill = 0]
                  0000fe90    00000064     libosal_xwr18xx.aer4f : SemaphoreP_tirtos.oer4f (.text:SemaphoreP_create)
                  0000fef4    00000064     rtsv7R4_T_le_v3D16_eabi.lib : fseek.obj (.text)
                  0000ff58    00000064                                 : sprintf.obj (.text)
                  0000ffbc    00000064     sysbios.aer4f : exc_Exception_asm.obj (.text:ti_sysbios_family_arm_exc_Exception_initCore0__I)
                  00010020    00000064                   : BIOS.obj (.text:ti_sysbios_hal_Hwi_checkStack)
                  00010084    0000000a     libuart_xwr18xx.aer4f : UART.oer4f (.text:UART_write)
                  0001008e    00000002     --HOLE-- [fill = 0]
                  00010090    00000060     sysbios.aer4f : BIOS.obj (.text:ti_sysbios_timers_rti_Timer_stop__E)
                  000100f0    0000005e     libuart_xwr18xx.aer4f : uartsci.oer4f (.text:UartSci_writeChar)
                  0001014e    0000005c     libcanfd_xwr18xx.aer4f : canfd.oer4f (.text:CANFD_MCANInt1Isr)
                  000101aa    00000002     --HOLE-- [fill = 0]
                  000101ac    0000005c     libmmwave_xwr18xx.aer4f : mmwave_link.oer4f (.text:MMWave_mboxOpen)
                  00010208    0000005c                             : mmwave.oer4f (.text:MMWave_stop)
                  00010264    0000005c     mss_main.obj (.text:MRR_MSS_mmWaveCtrlTask)
                  000102c0    0000005c     rtsv7R4_T_le_v3D16_eabi.lib : hostopen.obj (.text)
                  0001031c    0000005c                                 : hostread.obj (.text)
                  00010378    0000005a     libuart_xwr18xx.aer4f : uartsci.oer4f (.text:UartSci_readCancel)
                  000103d2    0000005a     libmmwavelink_xwr18xx.aer4f : rl_driver.oer4f (.text:rlDriverCalChkSum)
                  0001042c    00000058     libesm_xwr18xx.aer4f : esm.oer4f (.text:ESM_highpriority_FIQ)
                  00010484    00000058     libmmwave_xwr18xx.aer4f : mmwave.oer4f (.text:MMWave_execute)
                  000104dc    00000058                             : mmwave_link.oer4f (.text:MMWave_initCRC)
                  00010534    00000058     libuart_xwr18xx.aer4f : uartsci_dma.oer4f (.text:UartSci_closeDMA)
                  0001058c    00000058     libmmwavelink_xwr18xx.aer4f : rl_driver.oer4f (.text:rlDriverMsgReadSpawnCtx)
                  000105e4    00000058     rtsv7R4_T_le_v3D16_eabi.lib : close.obj (.text)
                  0001063c    00000058                                 : hostwrite.obj (.text)
                  00010694    0000000a     libuart_xwr18xx.aer4f : UART.oer4f (.text:UART_writePolling)
                  0001069e    00000002     --HOLE-- [fill = 0]
                  000106a0    00000058     sysbios.aer4f : BIOS.obj (.text:ti_sysbios_family_arm_TaskSupport_start__E)
                  000106f8    00000008                   : BIOS.obj (.tramp.xdc_runtime_Memory_free__E.1)
                  00010700    00000058                   : BIOS.obj (.text:ti_sysbios_timers_rti_Timer_setPeriod__E)
                  00010758    00000056     libmmwavelink_xwr18xx.aer4f : rl_driver.oer4f (.text:rlDriverOsiCbCheck)
                  000107ae    00000002     --HOLE-- [fill = 0]
                  000107b0    00000054     libcrc_xwr18xx.aer4f : crc.oer4f (.text:CRC_getTransactionId)
                  00010804    00000054     libDMA_xwr18xx.aer4f : dma.oer4f (.text:DMA_freeChannel)
                  00010858    00000054     libmmwave_xwr18xx.aer4f : mmwave_link.oer4f (.text:MMWave_initLink)
                  000108ac    00000054     rtsv7R4_T_le_v3D16_eabi.lib : ltoa.obj (.text)
                  00010900    00000054     sysbios.aer4f : BIOS.obj (.text:ti_sysbios_hal_Hwi_initStack)
                  00010954    00000054     mss_mrr_per4f.oer4f (.text:ti_sysbios_knl_Semaphore_create)
                  000109a8    00000054     mss_mrr_per4f.oer4f (.text:ti_sysbios_rts_MemAlloc_alloc)
                  000109fc    00000004     --HOLE-- [fill = 0]
                  00010a00    00000053     sysbios.aer4f : BIOS.obj (.text:xdc_runtime_Text_printVisFxn__I)
                  00010a53    00000001     --HOLE-- [fill = 0]
                  00010a54    00000050     libcrc_xwr18xx.aer4f : crc.oer4f (.text:CRC_getSignature)
                  00010aa4    00000050     libcanfd_xwr18xx.aer4f : mcan.oer4f (.text:MCAN_writeRxFIFOAck)
                  00010af4    00000050     libmmwave_xwr18xx.aer4f : mmwave.oer4f (.text:MMWave_sync)
                  00010b44    00000050     libmmwavelink_xwr18xx.aer4f : rl_driver.oer4f (.text:rlDeviceIdentifyCmdDir)
                  00010b94    00000050                                 : rl_driver.oer4f (.text:rlDriverVerifyCRC)
                  00010be4    00000050     rtsv7R4_T_le_v3D16_eabi.lib : atoi.obj (.text)
                  00010c34    00000050                                 : exit.obj (.text)
                  00010c84    00000050                                 : u_div32.obj (.text)
                  00010cd4    0000000c                                 : fputc.obj (.tramp.putchar.1)
                  00010ce0    00000050     sysbios.aer4f : BIOS.obj (.text:ti_sysbios_knl_Semaphore_pendTimeout__I)
                  00010d30    00000050                   : BIOS.obj (.text:ti_sysbios_knl_Task_processVitalTaskFlag__I)
                  00010d80    0000004c     libcli_xwr18xx.aer4f : cli.oer4f (.text:CLI_write)
                  00010dcc    0000004c     mss_main.obj (.text:MRR_MSS_chirpIntCallback)
                  00010e18    0000004c     libmailbox_xwr18xx.aer4f : mailbox.oer4f (.text:Mailbox_boxEmptyISRProcessing)
                  00010e64    0000004c     libuart_xwr18xx.aer4f : uartsci.oer4f (.text:UartSci_writeCancel)
                  00010eb0    0000004c     rtsv7R4_T_le_v3D16_eabi.lib : cpy_tbl.obj (.text)
                  00010efc    0000004c     mss_mrr_per4f.oer4f (.text:ti_sysbios_gates_GateHwi_Object__create__S)
                  00010f48    0000004c     mss_mrr_per4f.oer4f (.text:ti_sysbios_gates_GateMutex_Object__create__S)
                  00010f94    0000004c     mss_mrr_per4f.oer4f (.text:ti_sysbios_heaps_HeapMem_Object__create__S)
                  00010fe0    0000004c     mss_mrr_per4f.oer4f (.text:ti_sysbios_knl_Semaphore_construct)
                  0001102c    00000004     --HOLE-- [fill = 0]
                  00011030    0000004c     sysbios.aer4f : BIOS.obj (.text:ti_sysbios_knl_Task_restore__E)
                  0001107c    0000004a     libmailbox_xwr18xx.aer4f : mailbox.oer4f (.text:Mailbox_boxFullISRProcessing)
                  000110c6    00000048     libmmwavelink_xwr18xx.aer4f : rl_device.oer4f (.text:rlDeviceGetVersion)
                  0001110e    00000002     --HOLE-- [fill = 0]
                  00011110    00000048                                 : rl_driver.oer4f (.text:rlDriverOsiInit)
                  00011158    00000046     libmailbox_xwr18xx.aer4f : mailbox.oer4f (.text:CSL_FINSR)
                  0001119e    00000044     libcrc_xwr18xx.aer4f : crc.oer4f (.text:CRC_resetSignature)
                  000111e2    00000002     --HOLE-- [fill = 0]
                  000111e4    00000044     libcanfd_xwr18xx.aer4f : mcan.oer4f (.text:MCAN_eccEnableIntr)
                  00011228    00000044                            : mcan.oer4f (.text:MCAN_eccGetErrorStatus)
                  0001126c    00000044     libmailbox_xwr18xx.aer4f : mailbox.oer4f (.text:Mailbox_boxFullISRMssDss)
                  000112b0    00000044     rtsv7R4_T_le_v3D16_eabi.lib : hostclose.obj (.text)
                  000112f4    00000044                                 : hostunlink.obj (.text)
                  00011338    00000044     mss_mrr_per4f.oer4f (.text:ti_sysbios_BIOS_atExitFunc__I)
                  0001137c    00000004     --HOLE-- [fill = 0]
                  00011380    00000044     sysbios.aer4f : BIOS.obj (.text:ti_sysbios_heaps_HeapMem_free__E)
                  000113c4    00000044     mss_mrr_per4f.oer4f (.text:ti_sysbios_knl_Clock_doTick__I)
                  00011408    00000044     mss_mrr_per4f.oer4f (.text:ti_sysbios_knl_Queue_construct)
                  0001144c    00000004     --HOLE-- [fill = 0]
                  00011450    00000044     sysbios.aer4f : BIOS.obj (.text:ti_sysbios_knl_Swi_Module_startup__E)
                  00011494    0000000c     rtsv7R4_T_le_v3D16_eabi.lib : fflush.obj (.tramp.fflush.1)
                  000114a0    00000044     sysbios.aer4f : BIOS.obj (.text:ti_sysbios_knl_Task_restoreHwi__E)
                  000114e4    00000008                   : BIOS.obj (.tramp.ti_sysbios_knl_Semaphore_post__E.1)
                  000114ec    00000004     --HOLE-- [fill = 0]
                  000114f0    00000044                   : BIOS.obj (.text:ti_sysbios_timers_rti_Timer_periodicStub__E)
                  00011534    00000042     libmmwave_xwr18xx.aer4f : mmwave_link.oer4f (.text:MMWave_executeLink)
                  00011576    00000040     libmmwavelink_xwr18xx.aer4f : rl_driver.oer4f (.text:rlDriverValidateHdr)
                  000115b6    00000002     --HOLE-- [fill = 0]
                  000115b8    00000008     sysbios.aer4f : BIOS.obj (.tramp.xdc_runtime_Assert_raise__I.1)
                  000115c0    00000040                   : BIOS.obj (.text:xdc_runtime_SysStd_abort__E)
                  00011600    0000003e     libDMA_xwr18xx.aer4f : dma.oer4f (.text:CSL_FINSR)
                  0001163e    0000003e     libcrc_xwr18xx.aer4f : crc.oer4f (.text:CSL_FINSR)
                  0001167c    0000003e     libgpio_xwr18xx.aer4f : gpio.oer4f (.text:CSL_FINSR)
                  000116ba    0000003e     libpinmux_xwr18xx.aer4f : pinmux.oer4f (.text:CSL_FINSR)
                  000116f8    0000003e     libsoc_xwr18xx.aer4f : soc.oer4f (.text:CSL_FINSR)
                  00011736    0000003e                          : soc_xwr18xx.oer4f (.text:CSL_FINSR)
                  00011774    0000003e                          : soc_xwr18xx_mss.oer4f (.text:CSL_FINSR)
                  000117b2    0000003e     libuart_xwr18xx.aer4f : uartsci.oer4f (.text:CSL_FINSR)
                  000117f0    0000003e     mss_main.obj (.text:CSL_FINSR)
                  0001182e    0000003e     libuart_xwr18xx.aer4f : uartsci.oer4f (.text:UartSci_close)
                  0001186c    0000003c     libcanfd_xwr18xx.aer4f : mcan.oer4f (.text:MCAN_getRxFIFOStatus)
                  000118a8    0000003c     libmailbox_xwr18xx.aer4f : mailbox.oer4f (.text:Mailbox_writeReset)
                  000118e4    0000003c     libsoc_xwr18xx.aer4f : soc.oer4f (.text:SOC_unhaltBSS)
                  00011920    0000003c     libmmwavelink_xwr18xx.aer4f : rl_controller.oer4f (.text:rlGetSubBlock)
                  0001195c    0000003c     sysbios.aer4f : vim_Hwi_asm.obj (.text:ti_sysbios_family_arm_v7r_vim_Hwi_init__I)
                  00011998    00000008                   : BIOS.obj (.tramp.ti_sysbios_knl_Event_post__E.1)
                  000119a0    0000003c                   : BIOS.obj (.text:xdc_runtime_System_aprintf_va__F)
                  000119dc    0000003a     libosal_xwr18xx.aer4f : HwiP_tirtos.oer4f (.text:HwiP_delete)
                  00011a16    00000002     --HOLE-- [fill = 0]
                  00011a18    00000038     libcanfd_xwr18xx.aer4f : mcan.oer4f (.text:MCAN_eccWriteEOI)
                  00011a50    00000038     libuart_xwr18xx.aer4f : UART.oer4f (.text:UART_init)
                  00011a88    00000038     mss_main.obj (.text:Write_Byte)
                  00011ac0    00000038     mss_mrr_per4f.oer4f (.text:ti_sysbios_BIOS_startFunc__I)
                  00011af8    00000008     --HOLE-- [fill = 0]
                  00011b00    00000038     sysbios.aer4f : BIOS.obj (.text:xdc_runtime_System_printf_va__F)
                  00011b38    00000036     libmmwavelink_xwr18xx.aer4f : rl_controller.oer4f (.text:rlAppendSubBlock)
                  00011b6e    00000036     rtsv7R4_T_le_v3D16_eabi.lib : strncpy.obj (.text)
                  00011ba4    00000034     libcanfd_xwr18xx.aer4f : mcan.oer4f (.text:MCAN_eccConfig)
                  00011bd8    00000034                            : mcan.oer4f (.text:MCAN_getTxBufCancellationIntrEnable)
                  00011c0c    00000034                            : mcan.oer4f (.text:MCAN_txBufTransIntrEnable)
                  00011c40    00000034     libmmwave_xwr18xx.aer4f : mmwave_link.oer4f (.text:MMWave_mboxWrite)
                  00011c74    00000034     libsoc_xwr18xx.aer4f : soc_xwr18xx.oer4f (.text:SOC_setMMWaveDSSLinkState)
                  00011ca8    00000034                          : soc_xwr18xx.oer4f (.text:SOC_setMMWaveMSSLinkState)
                  00011cdc    00000034     libuart_xwr18xx.aer4f : UART.oer4f (.text:UART_open)
                  00011d10    00000034     mss_mrr_per4f.oer4f (.text:ti_sysbios_BIOS_errorRaiseHook__I)
                  00011d44    00000034     mss_mrr_per4f.oer4f (.text:ti_sysbios_BIOS_registerRTSLock__I)
                  00011d78    00000034     mss_mrr_per4f.oer4f (.text:ti_sysbios_BIOS_removeRTSLock__I)
                  00011dac    00000034     mss_mrr_per4f.oer4f (.text:ti_sysbios_family_arm_v7r_vim_Hwi_Object__delete__S)
                  00011de0    00000034     mss_mrr_per4f.oer4f (.text:ti_sysbios_gates_GateMutex_Object__delete__S)
                  00011e14    0000000c     rtsv7R4_T_le_v3D16_eabi.lib : memset_t2.obj (.tramp.memset.1)
                  00011e20    00000034     sysbios.aer4f : BIOS.obj (.text:ti_sysbios_knl_Idle_run__E)
                  00011e54    00000034     mss_mrr_per4f.oer4f (.text:ti_sysbios_knl_Semaphore_Object__delete__S)
                  00011e88    00000032     libcrc_xwr18xx.aer4f : crc.oer4f (.text:CRC_getCRCDataSelectBitValue)
                  00011eba    00000002     --HOLE-- [fill = 0]
                  00011ebc    00000032                          : crc.oer4f (.text:CRC_getCRCTypeBitValue)
                  00011eee    00000032     mss_main.obj (.text:Get_CanMessageIdentifier)
                  00011f20    00000030     cfg.obj (.text:Cfg_FrameCfgInitParams)
                  00011f50    00000030     libcanfd_xwr18xx.aer4f : mcan.oer4f (.text:MCAN_addExtMsgIDFilter)
                  00011f80    00000030                            : mcan.oer4f (.text:MCAN_eccClearErrorStatus)
                  00011fb0    00000030     libmmwave_xwr18xx.aer4f : mmwave_listlib.oer4f (.text:MMWave_listRemoveNode)
                  00011fe0    00000030     libsoc_xwr18xx.aer4f : soc_xwr18xx_mss.oer4f (.text:SOC_isSecureDevice)
                  00012010    00000030     libmmwavelink_xwr18xx.aer4f : rl_sensor.oer4f (.text:rlSensorStart)
                  00012040    00000030     mss_mrr_per4f.oer4f (.text:ti_sysbios_BIOS_rtsLock__I)
                  00012070    00000030     sysbios.aer4f : BIOS.obj (.text:ti_sysbios_family_arm_v7r_vim_Hwi_disableInterrupt__E)
                  000120a0    00000030                   : BIOS.obj (.text:ti_sysbios_family_arm_v7r_vim_Hwi_enableInterrupt__E)
                  000120d0    00000030     mss_mrr_per4f.oer4f (.text:ti_sysbios_gates_GateHwi_Object__delete__S)
                  00012100    00000030     sysbios.aer4f : BIOS.obj (.text:ti_sysbios_gates_GateMutex_Instance_init__E)
                  00012130    00000030     mss_mrr_per4f.oer4f (.text:ti_sysbios_heaps_HeapMem_Object__delete__S)
                  00012160    00000030     sysbios.aer4f : BIOS.obj (.text:ti_sysbios_knl_Clock_Module_startup__E)
                  00012190    0000002c     libgpio_xwr18xx.aer4f : gpio.oer4f (.text:GPIO_HighPriorityISR)
                  000121bc    0000002c                           : gpio.oer4f (.text:GPIO_LowPriorityISR)
                  000121e8    0000002c     libcanfd_xwr18xx.aer4f : mcan.oer4f (.text:MCAN_addStdMsgIDFilter)
                  00012214    0000002c     libmmwave_xwr18xx.aer4f : mmwave_osal.oer4f (.text:MMWave_osalMutexCreate)
                  00012240    0000002c                             : mmwave_osal.oer4f (.text:MMWave_osalSemCreate)
                  0001226c    0000002c     libsoc_xwr18xx.aer4f : soc_xwr18xx_mss.oer4f (.text:SOC_waitBSSPowerUp)
                  00012298    0000002c     libmmwavelink_xwr18xx.aer4f : rl_device.oer4f (.text:rlDeviceGetMssVersion)
                  000122c4    0000002c                                 : rl_sensor.oer4f (.text:rlSensorStop)
                  000122f0    0000002c     rtsv7R4_T_le_v3D16_eabi.lib : e_sqrt.obj (.text)
                  0001231c    0000002c                                 : unlink.obj (.text)
                  00012348    0000002c     mss_mrr_per4f.oer4f (.text:ti_sysbios_gates_GateHwi_Handle__label__S)
                  00012374    0000002c     mss_mrr_per4f.oer4f (.text:ti_sysbios_gates_GateMutex_Handle__label__S)
                  000123a0    0000002c     mss_mrr_per4f.oer4f (.text:ti_sysbios_heaps_HeapMem_Handle__label__S)
                  000123cc    0000002c     mss_mrr_per4f.oer4f (.text:ti_sysbios_knl_Semaphore_destruct)
                  000123f8    00000008     --HOLE-- [fill = 0]
                  00012400    0000002c     sysbios.aer4f : BIOS.obj (.text:ti_sysbios_knl_Task_enter__I)
                  0001242c    0000002a     libsoc_xwr18xx.aer4f : soc.oer4f (.text:SOC_SystemISR)
                  00012456    0000002a     libmmwavelink_xwr18xx.aer4f : rl_device.oer4f (.text:rlDeviceGetMmWaveLinkVersion)
                  00012480    00000028     libcanfd_xwr18xx.aer4f : mcan.oer4f (.text:MCAN_txBufAddReq)
                  000124a8    00000028     mss_main.obj (.text:MRR_MSS_frameStartIntCallback)
                  000124d0    00000028     libmailbox_xwr18xx.aer4f : mailbox.oer4f (.text:Mailbox_Config_init)
                  000124f8    00000028     libuart_xwr18xx.aer4f : uartsci_dma.oer4f (.text:UartSci_RxDMACallbackFxn)
                  00012520    00000028                           : uartsci_dma.oer4f (.text:UartSci_TxDMACallbackFxn)
                  00012548    00000028     mss_mrr_per4f.oer4f (.text:free)
                  00012570    00000028     libmmwavelink_xwr18xx.aer4f : rl_driver.oer4f (.text:rlDriverConstructInMsg)
                  00012598    00000028     rtsv7R4_T_le_v3D16_eabi.lib : lseek.obj (.text)
                  000125c0    00000028                                 : write.obj (.text)
                  000125e8    00000028     mss_mrr_per4f.oer4f (.text:ti_sysbios_BIOS_rtsUnlock__I)
                  00012610    00000028     mss_mrr_per4f.oer4f (.text:ti_sysbios_family_arm_v7r_vim_Hwi_Module__startupDone__F)
                  00012638    00000008     --HOLE-- [fill = 0]
                  00012640    00000028     sysbios.aer4f : BIOS.obj (.text:ti_sysbios_gates_GateMutex_leave__E)
                  00012668    00000028     mss_mrr_per4f.oer4f (.text:ti_sysbios_knl_Queue_destruct)
                  00012690    00000028     mss_mrr_per4f.oer4f (.text:ti_sysbios_timers_rti_Timer_Module__startupDone__F)
                  000126b8    00000008     --HOLE-- [fill = 0]
                  000126c0    00000028     sysbios.aer4f : BIOS.obj (.text:xdc_runtime_Error_init__E)
                  000126e8    00000028     mss_mrr_per4f.oer4f (.text:xdc_runtime_System_aprintf__E)
                  00012710    00000028     mss_mrr_per4f.oer4f (.text:xdc_runtime_System_printf__E)
                  00012738    00000026     libmmwavelink_xwr18xx.aer4f : rl_sensor.oer4f (.text:rlRfInitCalibConfig)
                  0001275e    00000026                                 : rl_sensor.oer4f (.text:rlRfRunTimeCalibConfig)
                  00012784    00000026                                 : rl_sensor.oer4f (.text:rlRfSetCalMonFreqLimitConfig)
                  000127aa    00000026                                 : rl_sensor.oer4f (.text:rlRfSetDeviceCfg)
                  000127d0    00000026                                 : rl_sensor.oer4f (.text:rlRfSetLdoBypassConfig)
                  000127f6    00000026                                 : rl_sensor.oer4f (.text:rlSetAdcOutConfig)
                  0001281c    00000026                                 : rl_sensor.oer4f (.text:rlSetChannelConfig)
                  00012842    00000024     libcrc_xwr18xx.aer4f : crc.oer4f (.text:CRC_isTransactionIdValid)
                  00012866    00000002     --HOLE-- [fill = 0]
                  00012868    00000024     cfg.obj (.text:Cfg_ADCOutCfgInitParams)
                  0001288c    00000024     libgpio_xwr18xx.aer4f : gpio.oer4f (.text:GPIO_processInterrupt)
                  000128b0    00000024     libsoc_xwr18xx.aer4f : soc_xwr18xx.oer4f (.text:SOC_isMMWaveDSSOperational)
                  000128d4    00000024                          : soc_xwr18xx.oer4f (.text:SOC_isMMWaveMSSOperational)
                  000128f8    00000024     libmmwavelink_xwr18xx.aer4f : rl_sensor.oer4f (.text:rlEnableContMode)
                  0001291c    00000024                                 : rl_sensor.oer4f (.text:rlRfSetCalMonTimeUnitConfig)
                  00012940    00000024                                 : rl_sensor.oer4f (.text:rlSetLowPowerModeConfig)
                  00012964    00000022     libuart_xwr18xx.aer4f : uartsci.oer4f (.text:UartSci_disableRxDMA)
                  00012986    00000022                           : uartsci.oer4f (.text:UartSci_enableRxDMA)
                  000129a8    00000020     libesm_xwr18xx.aer4f : esm.oer4f (.text:ESM_lowpriority_IRQ)
                  000129c8    00000020     libcanfd_xwr18xx.aer4f : mcan.oer4f (.text:MCAN_enableIntr)
                  000129e8    00000020                            : mcan.oer4f (.text:MCAN_enableIntrLine)
                  00012a08    00000020                            : mcan.oer4f (.text:MCAN_getDataSize)
                  00012a28    00000020                            : mcan.oer4f (.text:MCAN_getMsgObjSize)
                  00012a48    00000020                            : mcan.oer4f (.text:MCAN_selectIntrLine)
                  00012a68    00000020     libmmwave_xwr18xx.aer4f : mmwave_listlib.oer4f (.text:MMWave_listCat)
                  00012a88    00000020     libpinmux_xwr18xx.aer4f : pinmux.oer4f (.text:Pinmux_Unlock)
                  00012aa8    00000020     libmmwavelink_xwr18xx.aer4f : rl_sensor.oer4f (.text:rlRfInit)
                  00012ac8    00000020     mss_mrr_per4f.oer4f (.text:ti_sysbios_BIOS_exitFunc__I)
                  00012ae8    00000008     --HOLE-- [fill = 0]
                  00012af0    00000020     sysbios.aer4f : BIOS.obj (.text:ti_sysbios_family_arm_v7r_vim_Hwi_clearInterrupt__E)
                  00012b10    00000020                   : BIOS.obj (.text:ti_sysbios_knl_Task_sleepTimeout__I)
                  00012b30    0000001e     libmmwave_xwr18xx.aer4f : mmwave_fullcfg.oer4f (.text:MMWave_internalDelChirp)
                  00012b4e    0000001e     libsoc_xwr18xx.aer4f : soc_xwr18xx_mss.oer4f (.text:SOC_getOutAddr_LUTType)
                  00012b6c    0000001c     libcrc_xwr18xx.aer4f : crc.oer4f (.text:CRC_releaseTransactionId)
                  00012b88    0000001c     libDMA_xwr18xx.aer4f : dma.oer4f (.text:CSL_FEXTR)
                  00012ba4    0000001c     libmmwave_xwr18xx.aer4f : mmwave.oer4f (.text:CSL_FEXTR)
                  00012bc0    0000001c     libsoc_xwr18xx.aer4f : soc.oer4f (.text:CSL_FEXTR)
                  00012bdc    0000001c                          : soc_xwr18xx.oer4f (.text:CSL_FEXTR)
                  00012bf8    0000001c                          : soc_xwr18xx_mss.oer4f (.text:CSL_FEXTR)
                  00012c14    0000001c     libuart_xwr18xx.aer4f : uartsci.oer4f (.text:CSL_FEXTR)
                  00012c30    0000001c     libcanfd_xwr18xx.aer4f : mcan.oer4f (.text:MCAN_eccLoadRegister)
                  00012c4c    0000001c     libmmwave_xwr18xx.aer4f : mmwave_listlib.oer4f (.text:MMWave_listRemove)
                  00012c68    0000001c     mss_main.obj (.text:MRR_MSS_startFxn)
                  00012c84    0000001c     libsoc_xwr18xx.aer4f : soc_xwr18xx_mss.oer4f (.text:SOC_getInAddr_LUTType)
                  00012ca0    0000001c     sysbios.aer4f : arm_TaskSupport_asm.obj (.text:_ti_sysbios_family_arm_TaskSupport_glue)
                  00012cbc    0000001c                   : arm_TaskSupport_asm.obj (.text:_ti_sysbios_family_arm_TaskSupport_swap__E)
                  00012cd8    0000001c     rtsv7R4_T_le_v3D16_eabi.lib : memccpy.obj (.text)
                  00012cf4    0000001c     mss_mrr_per4f.oer4f (.text:ti_sysbios_heaps_HeapMem_Object__get__S)
                  00012d10    0000001c     mss_mrr_per4f.oer4f (.text:ti_sysbios_knl_Swi_Object__get__S)
                  00012d2c    0000001c     mss_mrr_per4f.oer4f (.text:xdc_runtime_Startup_exec__I)
                  00012d48    0000001a     cfg.obj (.text:Cfg_ChannelCfgInitParams)
                  00012d62    0000001a     libmmwave_xwr18xx.aer4f : mmwave_dualcore.oer4f (.text:MMWave_deviceSyncFxn)
                  00012d7c    0000001a                             : mmwave.oer4f (.text:MMWave_encodeError)
                  00012d96    0000001a                             : mmwave_listlib.oer4f (.text:MMWave_listAdd)
                  00012db0    0000001a     mss_main.obj (.text:MRR_MSS_cfgFxn)
                  00012dca    0000001a     rtsv7R4_T_le_v3D16_eabi.lib : s_copysign.obj (.text)
                  00012de4    00000018     libmmwave_xwr18xx.aer4f : mmwave_osal.oer4f (.text:MMWave_osalMutexLock)
                  00012dfc    00000018                             : mmwave_osal.oer4f (.text:MMWave_osalSemWait)
                  00012e14    00000018     libmailbox_xwr18xx.aer4f : mailbox.oer4f (.text:Mailbox_boxEmptyISRBss)
                  00012e2c    00000018                              : mailbox.oer4f (.text:Mailbox_boxEmptyISRMssDss)
                  00012e44    00000018                              : mailbox.oer4f (.text:Mailbox_boxFullISRBss)
                  00012e5c    00000018     libmmwavelink_xwr18xx.aer4f : rl_device.oer4f (.text:rlDeviceGetRfVersion)
                  00012e74    00000018                                 : rl_driver.oer4f (.text:rlDriverCalCRC)
                  00012e8c    00000018                                 : rl_driver.oer4f (.text:rlDriverFillPayload)
                  00012ea4    00000018                                 : rl_driver.oer4f (.text:rlDriverIsDeviceMapValid)
                  00012ebc    00000018     rtsv7R4_T_le_v3D16_eabi.lib : args_main.obj (.text)
                  00012ed4    00000018                                 : strcmp.obj (.text)
                  00012eec    00000004     --HOLE-- [fill = 0]
                  00012ef0    00000018     sysbios.aer4f : BIOS.obj (.text:ti_sysbios_BIOS_setThreadType__E)
                  00012f08    00000008     --HOLE-- [fill = 0]
                  00012f10    00000018                   : BIOS.obj (.text:ti_sysbios_BIOS_start__E)
                  00012f28    00000008     --HOLE-- [fill = 0]
                  00012f30    00000018                   : BIOS.obj (.text:ti_sysbios_hal_Hwi_Module_startup__E)
                  00012f48    00000018     mss_mrr_per4f.oer4f (.text:ti_sysbios_heaps_HeapBuf_Object__get__S)
                  00012f60    00000018     sysbios.aer4f : BIOS.obj (.text:ti_sysbios_knl_Idle_loop__E)
                  00012f78    00000008     --HOLE-- [fill = 0]
                  00012f80    00000018                   : BIOS.obj (.text:ti_sysbios_knl_Queue_empty__E)
                  00012f98    00000008     --HOLE-- [fill = 0]
                  00012fa0    00000018                   : BIOS.obj (.text:ti_sysbios_knl_Swi_disable__E)
                  00012fb8    00000018     mss_mrr_per4f.oer4f (.text:ti_sysbios_knl_Task_Object__get__S)
                  00012fd0    00000018     sysbios.aer4f : BIOS.obj (.text:ti_sysbios_knl_Task_disable__E)
                  00012fe8    00000018     mss_mrr_per4f.oer4f (.text:xdc_runtime_Text_visitRope__I)
                  00013000    00000016     rtsv7R4_T_le_v3D16_eabi.lib : strchr.obj (.text)
                  00013016    00000016                                 : strlen.obj (.text)
                  0001302c    00000014     libosal_xwr18xx.aer4f : HwiP_tirtos.oer4f (.text:HwiP_Params_init)
                  00013040    00000014     libcanfd_xwr18xx.aer4f : mcan.oer4f (.text:MCAN_clearNewDataStatus)
                  00013054    00000014                            : mcan.oer4f (.text:MCAN_getNewDataStatus)
                  00013068    00000014                            : mcan.oer4f (.text:MCAN_reset)
                  0001307c    00000014                            : mcan.oer4f (.text:MCAN_setOpMode)
                  00013090    00000014                            : mcan.oer4f (.text:MCAN_writeProtectedRegAccessLock)
                  000130a4    00000014                            : mcan.oer4f (.text:MCAN_writeProtectedRegAccessUnlock)
                  000130b8    00000014     libmmwave_xwr18xx.aer4f : mmwave_fullcfg.oer4f (.text:MMWave_internalDelBpmChirp)
                  000130cc    00000014                             : mmwave_fullcfg.oer4f (.text:MMWave_internalDelProfile)
                  000130e0    00000014                             : mmwave_osal.oer4f (.text:MMWave_osalMutexDelete)
                  000130f4    00000014                             : mmwave_osal.oer4f (.text:MMWave_osalSemDelete)
                  00013108    00000014     mss_main.obj (.text:MRR_MSS_stopFxn)
                  0001311c    00000014     libpinmux_xwr18xx.aer4f : pinmux.oer4f (.text:Pinmux_Lock)
                  00013130    00000014     libuart_xwr18xx.aer4f : uartsci.oer4f (.text:UartSci_disableTxDMA)
                  00013144    00000014                           : uartsci.oer4f (.text:UartSci_enableTxDMA)
                  00013158    00000014     libosal_xwr18xx.aer4f : DebugP_tirtos.oer4f (.text:_DebugP_assert)
                  0001316c    00000014     libmmwavelink_xwr18xx.aer4f : rl_controller.oer4f (.text:rlAppendDummy)
                  00013180    00000014     rtsv7R4_T_le_v3D16_eabi.lib : _lock.obj (.text)
                  00013194    00000014                                 : strcpy.obj (.text)
                  000131a8    00000008     --HOLE-- [fill = 0]
                  000131b0    00000014     sysbios.aer4f : BIOS.obj (.text:ti_sysbios_family_arm_TaskSupport_checkStack__E)
                  000131c4    0000000c     rtsv7R4_T_le_v3D16_eabi.lib : cpy_tbl.obj (.tramp.copy_in.1)
                  000131d0    00000014     sysbios.aer4f : BIOS.obj (.text:ti_sysbios_family_arm_v7r_vim_Hwi_switchFromBootStack__E)
                  000131e4    0000000c     --HOLE-- [fill = 0]
                  000131f0    00000014                   : BIOS.obj (.text:ti_sysbios_gates_GateMutex_Instance_finalize__E)
                  00013204    0000000c     --HOLE-- [fill = 0]
                  00013210    00000014                   : BIOS.obj (.text:ti_sysbios_knl_Semaphore_Instance_finalize__E)
                  00013224    00000014     mss_mrr_per4f.oer4f (.text:xdc_runtime_IHeap_alloc)
                  00013238    00000014     mss_mrr_per4f.oer4f (.text:xdc_runtime_IHeap_free)
                  0001324c    00000004     --HOLE-- [fill = 0]
                  00013250    00000014     sysbios.aer4f : BIOS.obj (.text:xdc_runtime_Memory_free__E)
                  00013264    00000012     libcrc_xwr18xx.aer4f : crc.oer4f (.text:CRC_initConfigParams)
                  00013276    00000012     cfg.obj (.text:Cfg_LowPowerModeInitParams)
                  00013288    00000012     libmmwave_xwr18xx.aer4f : mmwave_dualcore.oer4f (.text:MMWave_deviceGetDeviceInfo)
                  0001329a    00000012     libosal_xwr18xx.aer4f : MemoryP_tirtos.oer4f (.text:MemoryP_ctrlAlloc)
                  000132ac    00000012                           : SemaphoreP_tirtos.oer4f (.text:SemaphoreP_pend)
                  000132be    00000010     libcrc_xwr18xx.aer4f : crc.oer4f (.text:CRC_getSignatureRegister)
                  000132ce    00000002     --HOLE-- [fill = 0]
                  000132d0    00000010     mss_main.obj (.text:MCANAppErrStatusCallback)
                  000132e0    00000010     libcanfd_xwr18xx.aer4f : mcan.oer4f (.text:MCAN_getOpMode)
                  000132f0    00000010                            : mcan.oer4f (.text:MCAN_isInReset)
                  00013300    00000010                            : mcan.oer4f (.text:MCAN_isMemInitDone)
                  00013310    00000010     sysbios.aer4f : BIOS.obj (.text:ti_sysbios_family_arm_TaskSupport_getStackAlignment__E)
                  00013320    00000010                   : BIOS.obj (.text:ti_sysbios_family_arm_exc_Exception_Module_startup__E)
                  00013330    00000010     mss_mrr_per4f.oer4f (.text:ti_sysbios_family_arm_v7r_vim_Hwi_Params__init__S)
                  00013340    00000010     mss_mrr_per4f.oer4f (.text:ti_sysbios_knl_Queue_Object__get__S)
                  00013350    00000010     mss_mrr_per4f.oer4f (.text:ti_sysbios_knl_Semaphore_Params__init__S)
                  00013360    00000010     mss_mrr_per4f.oer4f (.text:ti_sysbios_knl_Task_Params__init__S)
                  00013370    00000010     sysbios.aer4f : BIOS.obj (.text:xdc_runtime_Startup_rtsDone__E)
                  00013380    0000000e     rtsv7R4_T_le_v3D16_eabi.lib : copy_decompress_none.obj (.text:decompress:none)
                  0001338e    00000002     --HOLE-- [fill = 0]
                  00013390    0000000c     sysbios.aer4f : BIOS.obj (.text:ti_sysbios_family_arm_v7r_vim_Hwi_startup__E)
                  0001339c    00000004     --HOLE-- [fill = 0]
                  000133a0    0000000c                   : BIOS.obj (.text:ti_sysbios_gates_GateHwi_enter__E)
                  000133ac    00000004     --HOLE-- [fill = 0]
                  000133b0    0000000c                   : BIOS.obj (.text:ti_sysbios_knl_Queue_Instance_init__E)
                  000133bc    00000004     --HOLE-- [fill = 0]
                  000133c0    0000000c                   : BIOS.obj (.text:xdc_runtime_SysStd_exit__E)
                  000133cc    00000004     --HOLE-- [fill = 0]
                  000133d0    00000008                   : BIOS.obj (.text:ti_sysbios_gates_GateHwi_leave__E)
                  000133d8    00000008     --HOLE-- [fill = 0]
                  000133e0    00000008                   : BIOS.obj (.text:ti_sysbios_gates_GateHwi_query__E)
                  000133e8    00000008     --HOLE-- [fill = 0]
                  000133f0    00000008                   : BIOS.obj (.text:ti_sysbios_gates_GateMutex_query__E)
                  000133f8    00000008     --HOLE-- [fill = 0]
                  00013400    00000008                   : BIOS.obj (.text:ti_sysbios_heaps_HeapMem_isBlocking__E)
                  00013408    00000008     --HOLE-- [fill = 0]
                  00013410    00000008                   : BIOS.obj (.text:ti_sysbios_timers_rti_Timer_getMaxTicks__E)
                  00013418    00000008     --HOLE-- [fill = 0]
                  00013420    00000008                   : BIOS.obj (.text:xdc_runtime_SysStd_ready__E)
                  00013428    00000008     --HOLE-- [fill = 0]
                  00013430    00000008                   : BIOS.obj (.text:xdc_runtime_System_Module_startup__E)
                  00013438    00000008     --HOLE-- [fill = 0]
                  00013440    00000004                   : BIOS.obj (.text:ti_sysbios_BIOS_linkedWithIncorrectBootLibrary__E)
                  00013444    0000000c     --HOLE-- [fill = 0]
                  00013450    00000004                   : BIOS.obj (.text:ti_sysbios_gates_GateHwi_Instance_init__E)
                  00013454    0000000c     --HOLE-- [fill = 0]
                  00013460    00000004                   : BIOS.obj (.text:ti_sysbios_knl_Task_startup__E)
                  00013464    0000000c     --HOLE-- [fill = 0]
                  00013470    00000004                   : BIOS.obj (.text:xdc_runtime_SysStd_putch__E)

.const     0    00013478    00002764     
                  00013478    00001aee     mss_mrr_per4f.oer4f (.const:xdc_runtime_Text_charTab__A)
                  00014f66    00000002     mss_mrr_per4f.oer4f (.const:ti_sysbios_family_arm_exc_Exception_Module__id__C)
                  00014f68    000002b8     libmmwavelink_xwr18xx.aer4f : rl_sensor.oer4f (.const:$O1$$)
                  00015220    00000101     rtsv7R4_T_le_v3D16_eabi.lib : ctype.obj (.const:.string:_ctypes_)
                  00015321    00000001     --HOLE-- [fill = 0]
                  00015322    000000d0     mss_mrr_per4f.oer4f (.const:xdc_runtime_Text_nodeTab__A)
                  000153f2    00000080     mss_mrr_per4f.oer4f (.const:ti_sysbios_family_arm_v7r_vim_Hwi_channelMap__A)
                  00015472    00000002     mss_mrr_per4f.oer4f (.const:ti_sysbios_family_arm_v7r_tms570_Core_Module__id__C)
                  00015474    00000078     libmmwavelink_xwr18xx.aer4f : rl_driver.oer4f (.const:$O2$$)
                  000154ec    00000060     libcanfd_xwr18xx.aer4f : mcan.oer4f (.const:$O1$$)
                  0001554c    00000058     mss_mrr_per4f.oer4f (.const:.string)
                  000155a4    00000044     mss_mrr_per4f.oer4f (.const:ti_sysbios_knl_Task_Object__PARAMS__C)
                  000155e8    0000003c     libuart_xwr18xx.aer4f : UART.oer4f (.const:UART_defaultParams)
                  00015624    00000004     mss_mrr_cli.obj (.const:$P$T0$1)
                  00015628    00000030     rtsv7R4_T_le_v3D16_eabi.lib : e_pow.obj (.const:$O1$$)
                  00015658    00000030     mss_mrr_per4f.oer4f (.const:ti_sysbios_family_arm_v7r_vim_Hwi_Object__PARAMS__C)
                  00015688    00000028     mss_mrr_per4f.oer4f (.const:ti_sysbios_heaps_HeapMem_Module__FXNS__C)
                  000156b0    00000028     mss_mrr_per4f.oer4f (.const:xdc_runtime_Startup_sfxnTab__A)
                  000156d8    00000024     mss_main.obj (.const:$O2$$)
                  000156fc    00000024     libmailbox_xwr18xx.aer4f : mailbox.oer4f (.const:Mailbox_defaultCfg)
                  00015720    00000024     mss_mrr_per4f.oer4f (.const:ti_sysbios_gates_GateHwi_Module__FXNS__C)
                  00015744    00000024     mss_mrr_per4f.oer4f (.const:ti_sysbios_gates_GateMutex_Module__FXNS__C)
                  00015768    00000024     mss_mrr_per4f.oer4f (.const:ti_sysbios_heaps_HeapMem_Object__PARAMS__C)
                  0001578c    00000024     mss_mrr_per4f.oer4f (.const:ti_sysbios_knl_Semaphore_Object__PARAMS__C)
                  000157b0    00000020     mss_mrr_per4f.oer4f (.const:ti_sysbios_family_arm_v7r_vim_Hwi_Object__DESC__C)
                  000157d0    00000020     mss_mrr_per4f.oer4f (.const:ti_sysbios_gates_GateHwi_Object__DESC__C)
                  000157f0    00000020     mss_mrr_per4f.oer4f (.const:ti_sysbios_gates_GateMutex_Object__DESC__C)
                  00015810    00000020     mss_mrr_per4f.oer4f (.const:ti_sysbios_heaps_HeapMem_Object__DESC__C)
                  00015830    00000020     mss_mrr_per4f.oer4f (.const:ti_sysbios_knl_Queue_Object__DESC__C)
                  00015850    00000020     mss_mrr_per4f.oer4f (.const:ti_sysbios_knl_Semaphore_Object__DESC__C)
                  00015870    00000020     mss_mrr_per4f.oer4f (.const:ti_sysbios_knl_Task_Object__DESC__C)
                  00015890    00000018     mss_mrr_per4f.oer4f (.const:ti_sysbios_gates_GateHwi_Object__PARAMS__C)
                  000158a8    00000018     mss_mrr_per4f.oer4f (.const:ti_sysbios_gates_GateMutex_Object__PARAMS__C)
                  000158c0    00000018     mss_mrr_per4f.oer4f (.const:ti_sysbios_knl_Queue_Object__PARAMS__C)
                  000158d8    00000014     mss_mrr_per4f.oer4f (.const:xdc_runtime_Startup_sfxnRts__A)
                  000158ec    00000010     mss_mrr_per4f.oer4f (.const:ti_sysbios_family_arm_v7r_vim_Hwi_intReqEnaSet__A)
                  000158fc    00000010     mss_mrr_per4f.oer4f (.const:ti_sysbios_family_arm_v7r_vim_Hwi_wakeEnaSet__A)
                  0001590c    00000008     mss_mrr_per4f.oer4f (.const:ti_sysbios_knl_Idle_funcList__C)
                  00015914    00000008     mss_mrr_per4f.oer4f (.const:xdc_runtime_Startup_firstFxns__A)
                  0001591c    00000008     mss_mrr_per4f.oer4f (.const:xdc_runtime_Startup_firstFxns__C)
                  00015924    00000008     mss_mrr_per4f.oer4f (.const:xdc_runtime_Startup_lastFxns__C)
                  0001592c    00000004     mss_mrr_per4f.oer4f (.const:ti_sysbios_family_arm_TaskSupport_stackAlignment__C)
                  00015930    00000004     mss_mrr_per4f.oer4f (.const:ti_sysbios_family_arm_exc_Exception_E_dataAbort__C)
                  00015934    00000004     mss_mrr_per4f.oer4f (.const:ti_sysbios_family_arm_exc_Exception_E_prefetchAbort__C)
                  00015938    00000004     mss_mrr_per4f.oer4f (.const:ti_sysbios_family_arm_exc_Exception_E_swi__C)
                  0001593c    00000004     mss_mrr_per4f.oer4f (.const:ti_sysbios_family_arm_exc_Exception_E_undefinedInstruction__C)
                  00015940    00000004     mss_mrr_per4f.oer4f (.const:ti_sysbios_family_arm_exc_Exception_excHookFuncs__A)
                  00015944    00000004     mss_mrr_per4f.oer4f (.const:ti_sysbios_family_arm_exc_Exception_excHookFuncs__C)
                  00015948    00000004     mss_mrr_per4f.oer4f (.const:ti_sysbios_family_arm_v7r_tms570_Core_E_mismatchedIds__C)
                  0001594c    00000004     mss_mrr_per4f.oer4f (.const:ti_sysbios_family_arm_v7r_tms570_Core_id__C)
                  00015950    00000004     mss_mrr_per4f.oer4f (.const:ti_sysbios_family_arm_v7r_vim_Hwi_A_badChannelId__C)
                  00015954    00000004     mss_mrr_per4f.oer4f (.const:ti_sysbios_family_arm_v7r_vim_Hwi_E_alreadyDefined__C)
                  00015958    00000004     mss_mrr_per4f.oer4f (.const:ti_sysbios_family_arm_v7r_vim_Hwi_E_badIntNum__C)
                  0001595c    00000004     mss_mrr_per4f.oer4f (.const:ti_sysbios_family_arm_v7r_vim_Hwi_E_phantomInterrupt__C)
                  00015960    00000004     mss_mrr_per4f.oer4f (.const:ti_sysbios_family_arm_v7r_vim_Hwi_E_undefined__C)
                  00015964    00000004     mss_mrr_per4f.oer4f (.const:ti_sysbios_family_arm_v7r_vim_Hwi_E_unsupportedMaskingOption__C)
                  00015968    00000004     mss_mrr_per4f.oer4f (.const:ti_sysbios_family_arm_v7r_vim_Hwi_LD_end__C)
                  0001596c    00000004     mss_mrr_per4f.oer4f (.const:ti_sysbios_family_arm_v7r_vim_Hwi_LM_begin__C)
                  00015970    00000004     mss_mrr_per4f.oer4f (.const:ti_sysbios_family_arm_v7r_vim_Hwi_Module__diagsEnabled__C)
                  00015974    00000004     mss_mrr_per4f.oer4f (.const:ti_sysbios_family_arm_v7r_vim_Hwi_Module__diagsIncluded__C)
                  00015978    00000004     mss_mrr_per4f.oer4f (.const:ti_sysbios_family_arm_v7r_vim_Hwi_Module__diagsMask__C)
                  0001597c    00000004     mss_mrr_per4f.oer4f (.const:ti_sysbios_family_arm_v7r_vim_Hwi_Module__loggerFxn1__C)
                  00015980    00000004     mss_mrr_per4f.oer4f (.const:ti_sysbios_family_arm_v7r_vim_Hwi_Module__loggerFxn8__C)
                  00015984    00000004     mss_mrr_per4f.oer4f (.const:ti_sysbios_family_arm_v7r_vim_Hwi_Module__loggerObj__C)
                  00015988    00000004     mss_mrr_per4f.oer4f (.const:ti_sysbios_family_arm_v7r_vim_Hwi_NUM_INTERRUPTS__C)
                  0001598c    00000004     mss_mrr_per4f.oer4f (.const:ti_sysbios_family_arm_v7r_vim_Hwi_channelMap__C)
                  00015990    00000004     mss_mrr_per4f.oer4f (.const:ti_sysbios_family_arm_v7r_vim_Hwi_intReqEnaSet__C)
                  00015994    00000004     mss_mrr_per4f.oer4f (.const:ti_sysbios_family_arm_v7r_vim_Hwi_phantomFunc__C)
                  00015998    00000004     mss_mrr_per4f.oer4f (.const:ti_sysbios_family_arm_v7r_vim_Hwi_swiDisable__C)
                  0001599c    00000004     mss_mrr_per4f.oer4f (.const:ti_sysbios_family_arm_v7r_vim_Hwi_swiRestoreHwi__C)
                  000159a0    00000004     mss_mrr_per4f.oer4f (.const:ti_sysbios_family_arm_v7r_vim_Hwi_taskDisable__C)
                  000159a4    00000004     mss_mrr_per4f.oer4f (.const:ti_sysbios_family_arm_v7r_vim_Hwi_taskRestoreHwi__C)
                  000159a8    00000004     mss_mrr_per4f.oer4f (.const:ti_sysbios_family_arm_v7r_vim_Hwi_wakeEnaSet__C)
                  000159ac    00000004     mss_mrr_per4f.oer4f (.const:ti_sysbios_gates_GateMutex_A_badContext__C)
                  000159b0    00000004     mss_mrr_per4f.oer4f (.const:ti_sysbios_gates_GateMutex_Instance_State_sem__O)
                  000159b4    00000004     mss_mrr_per4f.oer4f (.const:ti_sysbios_gates_GateMutex_Module__diagsEnabled__C)
                  000159b8    00000004     mss_mrr_per4f.oer4f (.const:ti_sysbios_gates_GateMutex_Module__diagsIncluded__C)
                  000159bc    00000004     mss_mrr_per4f.oer4f (.const:ti_sysbios_gates_GateMutex_Module__diagsMask__C)
                  000159c0    00000004     mss_mrr_per4f.oer4f (.const:ti_sysbios_hal_Hwi_E_stackOverflow__C)
                  000159c4    00000004     mss_mrr_per4f.oer4f (.const:ti_sysbios_heaps_HeapBuf_Instance_State_freeList__O)
                  000159c8    00000004     mss_mrr_per4f.oer4f (.const:ti_sysbios_heaps_HeapBuf_Object__count__C)
                  000159cc    00000004     mss_mrr_per4f.oer4f (.const:ti_sysbios_heaps_HeapBuf_numConstructedHeaps__C)
                  000159d0    00000004     mss_mrr_per4f.oer4f (.const:ti_sysbios_heaps_HeapMem_A_align__C)
                  000159d4    00000004     mss_mrr_per4f.oer4f (.const:ti_sysbios_heaps_HeapMem_A_heapSize__C)
                  000159d8    00000004     mss_mrr_per4f.oer4f (.const:ti_sysbios_heaps_HeapMem_A_invalidFree__C)
                  000159dc    00000004     mss_mrr_per4f.oer4f (.const:ti_sysbios_heaps_HeapMem_A_zeroBlock__C)
                  000159e0    00000004     mss_mrr_per4f.oer4f (.const:ti_sysbios_heaps_HeapMem_E_memory__C)
                  000159e4    00000004     mss_mrr_per4f.oer4f (.const:ti_sysbios_heaps_HeapMem_Module__diagsEnabled__C)
                  000159e8    00000004     mss_mrr_per4f.oer4f (.const:ti_sysbios_heaps_HeapMem_Module__diagsIncluded__C)
                  000159ec    00000004     mss_mrr_per4f.oer4f (.const:ti_sysbios_heaps_HeapMem_Module__diagsMask__C)
                  000159f0    00000004     mss_mrr_per4f.oer4f (.const:ti_sysbios_heaps_HeapMem_Module__gateObj__C)
                  000159f4    00000004     mss_mrr_per4f.oer4f (.const:ti_sysbios_heaps_HeapMem_Object__count__C)
                  000159f8    00000004     mss_mrr_per4f.oer4f (.const:ti_sysbios_heaps_HeapMem_reqAlign__C)
                  000159fc    00000004     mss_mrr_per4f.oer4f (.const:ti_sysbios_knl_Clock_LM_begin__C)
                  00015a00    00000004     mss_mrr_per4f.oer4f (.const:ti_sysbios_knl_Clock_LM_tick__C)
                  00015a04    00000004     mss_mrr_per4f.oer4f (.const:ti_sysbios_knl_Clock_LW_delayed__C)
                  00015a08    00000004     mss_mrr_per4f.oer4f (.const:ti_sysbios_knl_Clock_Module_State_clockQ__O)
                  00015a0c    00000004     mss_mrr_per4f.oer4f (.const:ti_sysbios_knl_Clock_Module__diagsEnabled__C)
                  00015a10    00000004     mss_mrr_per4f.oer4f (.const:ti_sysbios_knl_Clock_Module__diagsIncluded__C)
                  00015a14    00000004     mss_mrr_per4f.oer4f (.const:ti_sysbios_knl_Clock_Module__diagsMask__C)
                  00015a18    00000004     mss_mrr_per4f.oer4f (.const:ti_sysbios_knl_Clock_Module__loggerFxn1__C)
                  00015a1c    00000004     mss_mrr_per4f.oer4f (.const:ti_sysbios_knl_Clock_Module__loggerFxn2__C)
[...]
00015a00  ti_sysbios_knl_Clock_LM_tick__C                                      
00015a04  ti_sysbios_knl_Clock_LW_delayed__C                                   
00015a08  ti_sysbios_knl_Clock_Module_State_clockQ__O                          
00015a0c  ti_sysbios_knl_Clock_Module__diagsEnabled__C                         
00015a10  ti_sysbios_knl_Clock_Module__diagsIncluded__C                        
00015a14  ti_sysbios_knl_Clock_Module__diagsMask__C                            
00015a18  ti_sysbios_knl_Clock_Module__loggerFxn1__C                           
00015a1c  ti_sysbios_knl_Clock_Module__loggerFxn2__C                           
00015a20  ti_sysbios_knl_Clock_Module__loggerObj__C                            
00015a24  ti_sysbios_knl_Event_A_nullEventId__C                                
00015a28  ti_sysbios_knl_Event_Instance_State_pendQ__O                         
00015a2c  ti_sysbios_knl_Event_LM_post__C                                      
00015a30  ti_sysbios_knl_Event_Module__diagsEnabled__C                         
00015a34  ti_sysbios_knl_Event_Module__diagsIncluded__C                        
00015a38  ti_sysbios_knl_Event_Module__diagsMask__C                            
00015a3c  ti_sysbios_knl_Event_Module__loggerFxn4__C                           
00015a40  ti_sysbios_knl_Event_Module__loggerObj__C                            
00015a44  ti_sysbios_knl_Idle_funcList__A                                      
00015a48  ti_sysbios_knl_Semaphore_A_badContext__C                             
00015a4c  ti_sysbios_knl_Semaphore_A_noEvents__C                               
00015a50  ti_sysbios_knl_Semaphore_A_overflow__C                               
00015a54  ti_sysbios_knl_Semaphore_A_pendTaskDisabled__C                       
00015a58  ti_sysbios_knl_Semaphore_Instance_State_pendQ__O                     
00015a5c  ti_sysbios_knl_Semaphore_LM_pend__C                                  
00015a60  ti_sysbios_knl_Semaphore_LM_post__C                                  
00015a64  ti_sysbios_knl_Semaphore_Module__diagsEnabled__C                     
00015a68  ti_sysbios_knl_Semaphore_Module__diagsIncluded__C                    
00015a6c  ti_sysbios_knl_Semaphore_Module__diagsMask__C                        
00015a70  ti_sysbios_knl_Semaphore_Module__loggerFxn2__C                       
00015a74  ti_sysbios_knl_Semaphore_Module__loggerFxn4__C                       
00015a78  ti_sysbios_knl_Semaphore_Module__loggerObj__C                        
00015a7c  ti_sysbios_knl_Swi_LD_end__C                                         
00015a80  ti_sysbios_knl_Swi_LM_begin__C                                       
00015a84  ti_sysbios_knl_Swi_LM_post__C                                        
00015a88  ti_sysbios_knl_Swi_Module__diagsEnabled__C                           
00015a8c  ti_sysbios_knl_Swi_Module__diagsIncluded__C                          
00015a90  ti_sysbios_knl_Swi_Module__diagsMask__C                              
00015a94  ti_sysbios_knl_Swi_Module__loggerFxn1__C                             
00015a98  ti_sysbios_knl_Swi_Module__loggerFxn4__C                             
00015a9c  ti_sysbios_knl_Swi_Module__loggerObj__C                              
00015aa0  ti_sysbios_knl_Swi_Object__count__C                                  
00015aa4  ti_sysbios_knl_Task_A_badPriority__C                                 
00015aa8  ti_sysbios_knl_Task_A_badTaskState__C                                
00015aac  ti_sysbios_knl_Task_A_badThreadType__C                               
00015ab0  ti_sysbios_knl_Task_A_badTimeout__C                                  
00015ab4  ti_sysbios_knl_Task_A_noPendElem__C                                  
00015ab8  ti_sysbios_knl_Task_A_sleepTaskDisabled__C                           
00015abc  ti_sysbios_knl_Task_E_spOutOfBounds__C                               
00015ac0  ti_sysbios_knl_Task_E_stackOverflow__C                               
00015ac4  ti_sysbios_knl_Task_LD_block__C                                      
00015ac8  ti_sysbios_knl_Task_LD_exit__C                                       
00015acc  ti_sysbios_knl_Task_LD_ready__C                                      
00015ad0  ti_sysbios_knl_Task_LM_sleep__C                                      
00015ad4  ti_sysbios_knl_Task_LM_switch__C                                     
00015ad8  ti_sysbios_knl_Task_Module_State_inactiveQ__O                        
00015adc  ti_sysbios_knl_Task_Module__diagsEnabled__C                          
00015ae0  ti_sysbios_knl_Task_Module__diagsIncluded__C                         
00015ae4  ti_sysbios_knl_Task_Module__diagsMask__C                             
00015ae8  ti_sysbios_knl_Task_Module__loggerFxn2__C                            
00015aec  ti_sysbios_knl_Task_Module__loggerFxn4__C                            
00015af0  ti_sysbios_knl_Task_Module__loggerObj__C                             
00015af4  ti_sysbios_knl_Task_Object__count__C                                 
00015af8  ti_sysbios_knl_Task_allBlockedFunc__C                                
00015afc  ti_sysbios_knl_Task_defaultStackHeap__C                              
00015b00  ti_sysbios_knl_Task_defaultStackSize__C                              
00015b04  ti_sysbios_knl_Task_numConstructedTasks__C                           
00015b08  ti_sysbios_timers_rti_Timer_E_cannotSupport__C                       
00015b0c  ti_sysbios_timers_rti_Timer_Module__diagsEnabled__C                  
00015b10  ti_sysbios_timers_rti_Timer_Module__diagsIncluded__C                 
00015b14  ti_sysbios_timers_rti_Timer_Module__diagsMask__C                     
00015b18  ti_sysbios_timers_rti_Timer_numTimerDevices__C                       
00015b1c  ti_sysbios_timers_rti_Timer_startupNeeded__C                         
00015b20  xdc_runtime_Assert_E_assertFailed__C                                 
00015b24  xdc_runtime_Core_A_initializedParams__C                              
00015b28  xdc_runtime_Core_Module__diagsEnabled__C                             
00015b2c  xdc_runtime_Core_Module__diagsIncluded__C                            
00015b30  xdc_runtime_Core_Module__diagsMask__C                                
00015b34  xdc_runtime_Error_E_memory__C                                        
00015b38  xdc_runtime_Error_Module__diagsEnabled__C                            
00015b3c  xdc_runtime_Error_Module__diagsIncluded__C                           
00015b40  xdc_runtime_Error_Module__diagsMask__C                               
00015b44  xdc_runtime_Error_Module__loggerFxn8__C                              
00015b48  xdc_runtime_Error_Module__loggerObj__C                               
00015b4c  xdc_runtime_Error_policyFxn__C                                       
00015b50  xdc_runtime_Error_policy__C                                          
00015b54  xdc_runtime_Error_raiseHook__C                                       
00015b58  xdc_runtime_IGateProvider_Interface__BASE__C                         
00015b5c  xdc_runtime_IHeap_Interface__BASE__C                                 
00015b60  xdc_runtime_IModule_Interface__BASE__C                               
00015b64  xdc_runtime_Log_L_error__C                                           
00015b68  xdc_runtime_Memory_defaultHeapInstance__C                            
00015b6c  xdc_runtime_Startup_execImpl__C                                      
00015b70  xdc_runtime_Startup_maxPasses__C                                     
00015b74  xdc_runtime_Startup_sfxnRts__C                                       
00015b78  xdc_runtime_Startup_sfxnTab__C                                       
00015b7c  xdc_runtime_System_Module__gateObj__C                                
00015b80  xdc_runtime_System_abortFxn__C                                       
00015b84  xdc_runtime_System_exitFxn__C                                        
00015b88  xdc_runtime_System_extendFxn__C                                      
00015b8c  xdc_runtime_System_maxAtexitHandlers__C                              
00015b90  xdc_runtime_Text_charTab__C                                          
00015b94  xdc_runtime_Text_nameEmpty__C                                        
00015b98  xdc_runtime_Text_nameStatic__C                                       
00015b9c  xdc_runtime_Text_nameUnknown__C                                      
00015ba0  xdc_runtime_Text_nodeTab__C                                          
00015ba4  xdc_runtime_Text_visitRopeFxn__C                                     
00015ba8  ti_sysbios_family_arm_v7r_vim_Hwi_Module__id__C                      
00015baa  ti_sysbios_family_arm_v7r_vim_Hwi_Module__loggerDefined__C           
00015bac  ti_sysbios_gates_GateMutex_Module__id__C                             
00015bae  ti_sysbios_hal_Hwi_Module__id__C                                     
00015bb0  ti_sysbios_heaps_HeapMem_Module__id__C                               
00015bb2  ti_sysbios_knl_Clock_Module__id__C                                   
00015bb4  ti_sysbios_knl_Clock_Module__loggerDefined__C                        
00015bb6  ti_sysbios_knl_Event_Module__id__C                                   
00015bb8  ti_sysbios_knl_Event_Module__loggerDefined__C                        
00015bba  ti_sysbios_knl_Semaphore_Module__id__C                               
00015bbc  ti_sysbios_knl_Semaphore_Module__loggerDefined__C                    
00015bbe  ti_sysbios_knl_Swi_Module__id__C                                     
00015bc0  ti_sysbios_knl_Swi_Module__loggerDefined__C                          
00015bc2  ti_sysbios_knl_Task_Module__id__C                                    
00015bc4  ti_sysbios_knl_Task_Module__loggerDefined__C                         
00015bc6  ti_sysbios_timers_rti_Timer_Module__id__C                            
00015bc8  ti_sysbios_timers_rti_Timer_continueOnSuspend__C                     
00015bca  xdc_runtime_Core_Module__id__C                                       
00015bcc  xdc_runtime_Error_Module__loggerDefined__C                           
00015bce  xdc_runtime_Error_maxDepth__C                                        
00015bd0  xdc_runtime_Main_Module__id__C                                       
00015bd2  xdc_runtime_Memory_Module__id__C                                     
00015bd4  xdc_runtime_Text_charCnt__C                                          
00015bd6  xdc_runtime_Text_isLoaded__C                                         
00015bd8  xdc_runtime_Text_registryModsLastId__C                               
00015bda  xdc_runtime_Text_unnamedModsLastId__C                                
00015be0  __TI_static_base__                                                   
00015eec  __TI_Handler_Table_Base                                              
00015ef8  __TI_Handler_Table_Limit                                             
00015f10  __TI_CINIT_Base                                                      
00015f30  __TI_CINIT_Limit                                                     
08000000  ti_sysbios_heaps_HeapMem_Instance_State_0_buf__A                     
08008000  ti_sysbios_family_arm_exc_Exception_Module_State_0_excStack_0__A     
08009000  ti_sysbios_knl_Task_Instance_State_0_stack__A                        
08009800  gCLI                                                                 
080099a4  gGPIOMCB                                                             
08009b38  __CIOBUF_                                                            
08009c58  gMMWave_MCB                                                          
08009d54  __TI_tmpnams                                                         
08009df4  gEsmMCB                                                              
08009e64  gMMWave_DualcoreMCB                                                  
08009e6c  parmbuf                                                              
08009e78  __stack                                                              
0800ae78  __STACK_END                                                          
0800ae80  rl_txMsg                                                             
0800af80  rl_rxMsg                                                             
0800b264  ti_sysbios_family_arm_v7r_vim_Hwi_Module_State_0_dispatchTable__A    
0800b464  _ftable                                                              
0800b554  __TI_cleanup_ptr                                                     
0800b558  __TI_dtors_ptr                                                       
0800b55c  __TI_enable_exit_profile_output                                      
0800b560  dataLength                                                           
0800b564  rxDataLength                                                         
0800b568  frameType                                                            
0800b56c  canHandle                                                            
0800b570  txMsgObjHandle                                                       
0800b574  TestCmdEnglish                                                       
0800b57c  txMsgObjectParams                                                    
0800b588  rxData                                                               
0800b5d0  gMrrMSSMCB                                                           
0800b640  ti_sysbios_knl_Swi_Module_State_0_readyQ__A                          
0800b6c0  ti_sysbios_knl_Task_Module_State_0_readyQ__A                         
0800b740  _device                                                              
0800b7b8  ti_sysbios_knl_Task_Object__table__V                                 
0800b814  gUartSciHwCfg                                                        
0800b86c  _stream                                                              
0800b8bc  gMailboxMCB                                                          
0800b90c  ti_sysbios_knl_Task_Module__state__V                                 
0800b954  SOC_TranslateAddr_LUT                                                
0800b994  ti_sysbios_gates_GateMutex_Object__table__V                          
0800b9d4  ti_sysbios_timers_rti_Timer_Object__table__V                         
0800ba10  ti_sysbios_family_arm_v7r_vim_Hwi_Module__state__V                   
0800ba44  ti_sysbios_knl_Swi_Object__table__V                                  
0800ba74  ti_sysbios_family_arm_v7r_vim_Hwi_Object__table__V                   
0800baa0  ti_sysbios_knl_Clock_Module__state__V                                
0800bacc  gUartSciFxnTable                                                     
0800baf4  gTxDoneFlag                                                          
0800baf8  gRxDoneFlag                                                          
0800bafc  gParityErrFlag                                                       
0800bb00  gTxPkts                                                              
0800bb04  gRxPkts                                                              
0800bb08  gErrStatusInt                                                        
0800bb0c  iterationCount                                                       
0800bb10  msgLstErrCnt                                                         
0800bb14  gDisplayStats                                                        
0800bb18  gSensPosVal                                                          
0800bb1c  UART_config                                                          
0800bb40  ti_sysbios_BIOS_Module__state__V                                     
0800bb64  xdc_runtime_Error_IgnoreBlock                                        
0800bb84  xdc_runtime_System_Module_State_0_atexitHandlers__A                  
0800bba4  ti_sysbios_knl_Swi_Module__state__V                                  
0800bbc0  gMailboxMssBssHwCfg                                                  
0800bbd8  gMailboxMssDssHwCfg                                                  
0800bbf0  ti_sysbios_heaps_HeapMem_Object__table__V                            
0800bc08  ti_sysbios_timers_rti_Timer_Module_State_0_device__A                 
0800bc20  gSOCHwAttrib                                                         
0800bc34  ti_sysbios_family_arm_exc_Exception_Module__state__V                 
0800bc48  __TI_ft_end                                                          
0800bc4c  __aeabi_stdin                                                        
0800bc50  __aeabi_stdout                                                       
0800bc54  __aeabi_stderr                                                       
0800bc58  ti_sysbios_timers_rti_Timer_Module_State_0_intFreqs__A               
0800bc68  ti_sysbios_timers_rti_Timer_Module__state__V                         
0800bc78  gCanFdHwCfg                                                          
0800bc84  gESMHwCfgAttrs                                                       
0800bc90  _lock                                                                
0800bc94  _unlock                                                              
0800bc98  gGPIOHwAtrrib                                                        
0800bca0  ti_sysbios_family_arm_v7r_vim_Hwi_Module__root__V                    
0800bca8  ti_sysbios_gates_GateHwi_Module__root__V                             
0800bcb0  ti_sysbios_gates_GateMutex_Module__root__V                           
0800bcb8  ti_sysbios_hal_Hwi_Object__table__V                                  
0800bcc0  ti_sysbios_heaps_HeapMem_Module__root__V                             
0800bcc8  ti_sysbios_knl_Queue_Module__root__V                                 
0800bcd0  ti_sysbios_knl_Semaphore_Module__root__V                             
0800bcd8  ti_sysbios_knl_Task_Module__root__V                                  
0800bce0  ti_sysbios_timers_rti_Timer_Module_State_0_handles__A                
0800bce8  xdc_runtime_Registry_Module__state__V                                
0800bcf0  xdc_runtime_Startup_Module__state__V                                 
0800bcf8  xdc_runtime_System_Module__state__V                                  
0800bd00  gCRCRegister                                                         
0800bd04  gPinmuxRegs                                                          
0800bd0c  errno                                                                
0800bd18  main_func_sp                                                         
0800bd1c  ti_sysbios_family_arm_exc_Exception_Module_State_0_excContext__A     
0800bd20  ti_sysbios_family_arm_exc_Exception_Module_State_0_excStackBuffers__A
0800bd24  ti_sysbios_family_arm_exc_Exception_Module_State_0_excStack__A       
0800bd28  ti_sysbios_gates_GateHwi_Object__table__V                            
0800bd2c  ti_sysbios_heaps_HeapBuf_Module__state__V                            
0800bd30  ti_sysbios_knl_Task_Module_State_0_idleTask__A                       
0800bd34  xdc_runtime_Memory_Module__state__V                                  
0800bd38  ti_sysbios_family_arm_exc_Exception_Module_State_0_excActive__A      
0800bd3a  xdc_runtime_Error_Module__state__V                                   
0800bd40  ti_sysbios_family_arm_v7r_vim_Hwi_Module_State_0_fiqStack__A         
fffffdec  ti_sysbios_family_arm_v7r_vim_Hwi_vim                                
ffffffff  __TI_pprof_out_hndl                                                  
ffffffff  __TI_prof_data_size                                                  
ffffffff  __TI_prof_data_start                                                 
ffffffff  __binit__                                                            
ffffffff  __c_args__                                                           
ffffffff  binit                                                                
UNDEFED   SHT$$INIT_ARRAY$$Base                                                
UNDEFED   SHT$$INIT_ARRAY$$Limit                                               

[901 symbols]
